67.195.115.177 - - [09/Sep/2009:21:32:37 +0000] "GET /etiquetas/blog/info@sabf.org.ar HTTP/1.0" 404 16242 "-" "Mozilla/5.0 (compatible; Yahoo! Slurp/3.0; http://help.yahoo.com/help/us/ysearch/slurp)"
72.30.65.32 - - [09/Sep/2009:21:29:56 +0000] "GET /2008/04/30/lang_esel-sabf-en-global-givinglang_eslang_enthe-sabf-in-global-givinglang_en/ HTTP/1.0" 200 16356 "-" "Mozilla/5.0 (compatible; Yahoo! Slurp/3.0; http://help.yahoo.com/help/us/ysearch/slurp)"
67.195.115.177 - - [09/Sep/2009:21:35:45 +0000] "GET /etiquetas/blog/info@sabf.org.ar HTTP/1.0" 404 16242 "-" "Mozilla/5.0 (compatible; Yahoo! Slurp/3.0; http://help.yahoo.com/help/us/ysearch/slurp)"
67.195.115.177 - - [09/Sep/2009:21:34:15 +0000] "GET /etiquetas/blog/info@sabf.org.ar HTTP/1.0" 404 16242 "-" "Mozilla/5.0 (compatible; Yahoo! Slurp/3.0; http://help.yahoo.com/help/us/ysearch/slurp)"
67.195.115.177 - - [09/Sep/2009:21:36:34 +0000] "GET /etiquetas/blog/info@sabf.org.ar HTTP/1.0" 404 16242 "-" "Mozilla/5.0 (compatible; Yahoo! Slurp/3.0; http://help.yahoo.com/help/us/ysearch/slurp)"
72.30.65.32 - - [09/Sep/2009:21:37:14 +0000] "GET /2008/04/30/lang_esel-sabf-en-global-givinglang_eslang_enthe-sabf-in-global-givinglang_en/ HTTP/1.0" 200 16356 "-" "Mozilla/5.0 (compatible; Yahoo! Slurp/3.0; http://help.yahoo.com/help/us/ysearch/slurp)"
72.30.65.32 - - [09/Sep/2009:21:38:30 +0000] "GET /2008/04/30/lang_esel-sabf-en-global-givinglang_eslang_enthe-sabf-in-global-givinglang_en/ HTTP/1.0" 200 16356 "-" "Mozilla/5.0 (compatible; Yahoo! Slurp/3.0; http://help.yahoo.com/help/us/ysearch/slurp)"
38.99.107.138 - - [09/Sep/2009:21:42:30 +0000] "GET /english/feed/ HTTP/1.1" 302 - "-" "Mozilla/5.0 (compatible; FriendFeedBot/0.1; +Http://friendfeed.com/about/bot; 8 subscribers; feed-id=4208711795166446445)"
67.195.115.177 - - [09/Sep/2009:21:39:51 +0000] "GET /etiquetas/blog/info@sabf.org.ar HTTP/1.0" 404 16242 "-" "Mozilla/5.0 (compatible; Yahoo! Slurp/3.0; http://help.yahoo.com/help/us/ysearch/slurp)"
67.195.115.177 - - [09/Sep/2009:21:40:02 +0000] "GET /etiquetas/blog/info@sabf.org.ar HTTP/1.0" 404 16242 "-" "Mozilla/5.0 (compatible; Yahoo! Slurp/3.0; http://help.yahoo.com/help/us/ysearch/slurp)"
67.195.115.177 - - [09/Sep/2009:21:42:02 +0000] "GET /etiquetas/blog/info@sabf.org.ar HTTP/1.0" 404 16242 "-" "Mozilla/5.0 (compatible; Yahoo! Slurp/3.0; http://help.yahoo.com/help/us/ysearch/slurp)"
38.99.107.138 - - [09/Sep/2009:21:42:18 +0000] "GET /feed/ HTTP/1.1" 302 - "-" "Mozilla/5.0 (compatible; FriendFeedBot/0.1; +Http://friendfeed.com/about/bot; 8 subscribers; feed-id=4208711795166446445)"
67.195.115.177 - - [09/Sep/2009:21:43:41 +0000] "GET /etiquetas/blog/info@sabf.org.ar HTTP/1.0" 404 16242 "-" "Mozilla/5.0 (compatible; Yahoo! Slurp/3.0; http://help.yahoo.com/help/us/ysearch/slurp)"
67.195.115.177 - - [09/Sep/2009:21:42:31 +0000] "GET /etiquetas/blog/info@sabf.org.ar HTTP/1.0" 404 16242 "-" "Mozilla/5.0 (compatible; Yahoo! Slurp/3.0; http://help.yahoo.com/help/us/ysearch/slurp)"
74.125.44.136 - - [09/Sep/2009:21:48:18 +0000] "GET /wp-commentsrss2.php HTTP/1.0" 301 - "-" "FeedBurner/1.0 (http://www.FeedBurner.com)"
67.195.115.177 - - [09/Sep/2009:21:45:14 +0000] "GET /2009/02/14/mit-global-startup-workshop-2009/ HTTP/1.0" 200 16786 "http://blog.sabf.org.ar/2009/02/03/impresiones-del-foro-economico-mundial/" "Mozilla/5.0 (compatible; Yahoo! Slurp/3.0; http://help.yahoo.com/help/us/ysearch/slurp)"
66.249.71.244 - - [09/Sep/2009:21:47:09 +0000] "GET /2009/06/17/v-congreso-internacional-de-la-iss-cultura-del-trabajo-jovenes-y-valores/ HTTP/1.1" 200 17767 "-" "Mozilla/5.0 (compatible; Googlebot/2.1; +http://www.google.com/bot.html)"
67.195.115.177 - - [09/Sep/2009:21:50:17 +0000] "GET /wp-content/plugins/featured-content-gallery/css/jd.gallery.css.php HTTP/1.0" 200 3758 "http://blog.sabf.org.ar/2008/08/10/el-sabf-en-el-diario-la-nacion/" "Mozilla/5.0 (compatible; Yahoo! Slurp/3.0; http://help.yahoo.com/help/us/ysearch/slurp)"
67.195.115.177 - - [09/Sep/2009:21:51:51 +0000] "GET /etiquetas/foro/feed/ HTTP/1.0" 302 - "-" "Mozilla/5.0 (compatible; Yahoo! Slurp/3.0; http://help.yahoo.com/help/us/ysearch/slurp)"
66.249.71.244 - - [09/Sep/2009:22:10:37 +0000] "GET /wp-content/uploads/dsc_05391-300x199.jpg HTTP/1.1" 304 - "-" "Googlebot-Image/1.0"
38.99.107.141 - - [09/Sep/2009:21:53:23 +0000] "GET /feed/ HTTP/1.1" 302 - "-" "Mozilla/5.0 (compatible; FriendFeedBot/0.1; +Http://friendfeed.com/about/bot; 27 subscribers; feed-id=1420604414828493376)"
67.195.115.177 - - [09/Sep/2009:21:49:20 +0000] "GET /etiquetas/dinamica-grupal/ HTTP/1.0" 200 16519 "-" "Mozilla/5.0 (compatible; Yahoo! Slurp/3.0; http://help.yahoo.com/help/us/ysearch/slurp)"
66.249.71.244 - - [09/Sep/2009:22:11:37 +0000] "GET /wp-content/uploads/dsc_05391-300x199.jpg HTTP/1.1" 304 - "-" "Googlebot-Image/1.0"
216.129.119.13 - - [09/Sep/2009:21:49:21 +0000] "GET /semeii@aareii.org.ar HTTP/1.0" 404 16231 "-" "Mozilla/5.0 (Twiceler-0.9 http://www.cuil.com/twiceler/robot.html)"
200.68.98.162 - - [09/Sep/2009:21:50:36 +0000] "GET /favicon.ico HTTP/1.1" 404 8194 "http://ius-lex-xxi.blogspot.com/2009/04/fallo-marbury-vs-madison.html" "Mozilla/4.0 (compatible; MSIE 6.0; Windows NT 5.1; SV1)"
186.124.21.11 - - [09/Sep/2009:21:49:55 +0000] "GET /favicon.ico HTTP/1.1" 404 8194 "http://ius-lex-xxi.blogspot.com/2009/08/fallo-completo-caso-elliff-alberto.html" "Mozilla/4.0 (compatible; MSIE 7.0; Windows NT 6.0; Trident/4.0; GTB6; SLCC1; .NET CLR 2.0.50727; InfoPath.2; .NET CLR 3.5.30729; .NET CLR 3.0.30618)"
67.195.115.177 - - [09/Sep/2009:21:56:10 +0000] "GET /etiquetas/foro-de-lideres/feed/ HTTP/1.0" 302 - "-" "Mozilla/5.0 (compatible; Yahoo! Slurp/3.0; http://help.yahoo.com/help/us/ysearch/slurp)"
67.195.115.177 - - [09/Sep/2009:21:57:36 +0000] "GET /etiquetas/foro-de-lideres/feed/ HTTP/1.0" 302 - "-" "Mozilla/5.0 (compatible; Yahoo! Slurp/3.0; http://help.yahoo.com/help/us/ysearch/slurp)"
67.195.115.177 - - [09/Sep/2009:21:53:04 +0000] "GET /semeii@aareii.org.ar HTTP/1.0" 404 16231 "-" "Mozilla/5.0 (compatible; Yahoo! Slurp/3.0; http://help.yahoo.com/help/us/ysearch/slurp)"
67.195.115.177 - - [09/Sep/2009:21:55:45 +0000] "GET /etiquetas/foro-de-lideres/feed/ HTTP/1.0" 302 - "-" "Mozilla/5.0 (compatible; Yahoo! Slurp/3.0; http://help.yahoo.com/help/us/ysearch/slurp)"
67.195.115.177 - - [09/Sep/2009:21:57:39 +0000] "GET /etiquetas/foro-de-lideres/feed/ HTTP/1.0" 302 - "-" "Mozilla/5.0 (compatible; Yahoo! Slurp/3.0; http://help.yahoo.com/help/us/ysearch/slurp)"
216.129.119.13 - - [09/Sep/2009:21:55:45 +0000] "GET /etiquetas/calentamiento-global/ HTTP/1.0" 200 16268 "-" "Mozilla/5.0 (Twiceler-0.9 http://www.cuil.com/twiceler/robot.html)"
65.55.107.182 - - [09/Sep/2009:21:57:58 +0000] "GET /robots.txt HTTP/1.1" 200 73 "-" "msnbot/2.0b (+http://search.msn.com/msnbot.htm)"
65.55.105.158 - - [09/Sep/2009:21:56:43 +0000] "GET /2009/03/21/victor-valle-en-el-itba/ HTTP/1.1" 200 8019 "-" "msnbot/1.1 (+http://search.msn.com/msnbot.htm)"
72.30.65.32 - - [09/Sep/2009:21:59:07 +0000] "GET /2008/12/26/lang_esworld-business-dialogue-2009lang_eslang_enworld-business-dialogue-2009lang_en/ HTTP/1.0" 200 17089 "-" "Mozilla/5.0 (compatible; Yahoo! Slurp/3.0; http://help.yahoo.com/help/us/ysearch/slurp)"
66.249.71.244 - - [09/Sep/2009:22:17:51 +0000] "GET /wp-content/uploads/dsc_05391-300x199.jpg HTTP/1.1" 304 - "-" "Googlebot-Image/1.0"
67.195.115.177 - - [09/Sep/2009:21:59:42 +0000] "GET /etiquetas/foro-de-lideres/feed/ HTTP/1.0" 302 - "-" "Mozilla/5.0 (compatible; Yahoo! Slurp/3.0; http://help.yahoo.com/help/us/ysearch/slurp)"
65.55.105.158 - - [09/Sep/2009:21:57:26 +0000] "GET /2009/03/21/victor-valle-en-el-itba/ HTTP/1.0" 200 8019 "-" "msnbot/1.1 (+http://search.msn.com/msnbot.htm)"
67.195.115.177 - - [09/Sep/2009:22:03:56 +0000] "GET /etiquetas/foro-de-lideres/feed/ HTTP/1.0" 302 - "-" "Mozilla/5.0 (compatible; Yahoo! Slurp/3.0; http://help.yahoo.com/help/us/ysearch/slurp)"
67.195.115.177 - - [09/Sep/2009:22:03:57 +0000] "GET /etiquetas/foro-de-lideres/feed/ HTTP/1.0" 302 - "-" "Mozilla/5.0 (compatible; Yahoo! Slurp/3.0; http://help.yahoo.com/help/us/ysearch/slurp)"
65.55.107.182 - - [09/Sep/2009:22:02:27 +0000] "GET / HTTP/1.0" 200 8111 "-" "msnbot/2.0b (+http://search.msn.com/msnbot.htm)"
67.195.115.177 - - [09/Sep/2009:22:05:51 +0000] "GET /langswitch_lang/es/ HTTP/1.0" 301 - "-" "Mozilla/5.0 (compatible; Yahoo! Slurp/3.0; http://help.yahoo.com/help/us/ysearch/slurp)"
67.195.115.177 - - [09/Sep/2009:22:04:56 +0000] "GET /langswitch_lang/es/ HTTP/1.0" 301 - "-" "Mozilla/5.0 (compatible; Yahoo! Slurp/3.0; http://help.yahoo.com/help/us/ysearch/slurp)"
212.235.107.103 - - [09/Sep/2009:22:05:34 +0000] "GET /2008/03/01/encountering-the-power-of-ideas-my-experiences-at-south-american-business-forum-2005/langswitch_lang/es/ HTTP/1.0" 301 - "http://blog.sabf.org.ar/2008/03/01/encountering-the-power-of-ideas-my-experiences-at-south-american-business-forum-2005/langswitch_lang/es/" "Mozilla/4.0 (compatible; MSIE 6.0; Windows NT 5.1; SV1; .NET CLR 1.1.4322; .NET CLR 2.0.50727)"
67.195.115.177 - - [09/Sep/2009:22:25:22 +0000] "GET /wp-content/plugins/sociable/sociable.css?ver=2.8.4 HTTP/1.0" 304 - "http://blog.sabf.org.ar/2008/11/16/lang_escampus-for-finance-new-years-conferencelang_es-lang_encampus-for-finance-new-years-conferencelang_en/" "Mozilla/5.0 (compatible; Yahoo! Slurp/3.0; http://help.yahoo.com/help/us/ysearch/slurp)"
69.63.178.250 - - [09/Sep/2009:22:25:46 +0000] "GET /wp-content/themes/new-balance-of-blue/images/slide_fade1.gif HTTP/1.1" 200 220104 "-" "facebookexternalhit/1.0 (+http://www.facebook.com/externalhit_uatext.php)"
38.99.107.139 - - [09/Sep/2009:22:25:37 +0000] "GET /feed/ HTTP/1.1" 302 - "-" "Mozilla/5.0 (compatible; FriendFeedBot/0.1; +Http://friendfeed.com/about/bot; 27 subscribers; feed-id=1420604414828493376)"
72.30.65.32 - - [09/Sep/2009:22:25:49 +0000] "GET /robots.txt HTTP/1.0" 200 73 "-" "Mozilla/5.0 (compatible; Yahoo! Slurp; http://help.yahoo.com/help/us/ysearch/slurp)"
190.192.113.7 - - [09/Sep/2009:22:25:46 +0000] "GET /favicon.ico HTTP/1.1" 404 17266 "-" "Mozilla/5.0 (Windows; U; Windows NT 5.1; es-ES; rv:1.9.1.2) Gecko/20090729 Firefox/3.5.2"
67.195.115.177 - - [09/Sep/2009:22:25:38 +0000] "GET /?cat=99 HTTP/1.0" 301 - "-" "Mozilla/5.0 (compatible; Yahoo! Slurp/3.0; http://help.yahoo.com/help/us/ysearch/slurp)"
189.194.221.126 - - [09/Sep/2009:22:25:51 +0000] "GET /favicon.ico HTTP/1.1" 404 17266 "http://ius-lex-xxi.blogspot.com/2009/08/derecho-romano-obra-juridica-del.html" "Mozilla/4.0 (compatible; MSIE 7.0; Windows NT 5.1; InfoPath.2; .NET CLR 2.0.50727)"
72.30.65.32 - - [09/Sep/2009:22:25:51 +0000] "GET /2009/02/18/international-student-energy-summit/ HTTP/1.0" 200 16392 "-" "Mozilla/5.0 (compatible; Yahoo! Slurp/3.0; http://help.yahoo.com/help/us/ysearch/slurp)"
66.249.71.244 - - [09/Sep/2009:22:25:51 +0000] "GET /etiquetas/english/ HTTP/1.1" 200 16338 "-" "Mozilla/5.0 (compatible; Googlebot/2.1; +http://www.google.com/bot.html)"
67.195.115.177 - - [09/Sep/2009:22:25:54 +0000] "GET /etiquetas/foro/feed/ HTTP/1.0" 302 - "-" "Mozilla/5.0 (compatible; Yahoo! Slurp/3.0; http://help.yahoo.com/help/us/ysearch/slurp)"
72.30.65.32 - - [09/Sep/2009:22:26:00 +0000] "GET /2009/02/18/international-student-energy-summit/ HTTP/1.0" 200 16392 "-" "Mozilla/5.0 (compatible; Yahoo! Slurp/3.0; http://help.yahoo.com/help/us/ysearch/slurp)"
72.30.65.32 - - [09/Sep/2009:22:25:57 +0000] "GET /2009/02/18/international-student-energy-summit/ HTTP/1.0" 200 16392 "-" "Mozilla/5.0 (compatible; Yahoo! Slurp/3.0; http://help.yahoo.com/help/us/ysearch/slurp)"
67.195.115.177 - - [09/Sep/2009:22:26:00 +0000] "GET /etiquetas/foro/feed/ HTTP/1.0" 302 - "-" "Mozilla/5.0 (compatible; Yahoo! Slurp/3.0; http://help.yahoo.com/help/us/ysearch/slurp)"
67.195.115.177 - - [09/Sep/2009:22:26:02 +0000] "GET /etiquetas/foro/feed/ HTTP/1.0" 302 - "-" "Mozilla/5.0 (compatible; Yahoo! Slurp/3.0; http://help.yahoo.com/help/us/ysearch/slurp)"
72.30.65.32 - - [09/Sep/2009:22:26:06 +0000] "GET /2009/02/18/international-student-energy-summit/ HTTP/1.0" 200 16392 "-" "Mozilla/5.0 (compatible; Yahoo! Slurp/3.0; http://help.yahoo.com/help/us/ysearch/slurp)"
67.195.115.177 - - [09/Sep/2009:22:26:02 +0000] "GET /etiquetas/foro/feed/ HTTP/1.0" 302 - "-" "Mozilla/5.0 (compatible; Yahoo! Slurp/3.0; http://help.yahoo.com/help/us/ysearch/slurp)"
66.235.124.73 - - [09/Sep/2009:22:25:26 +0000] "GET /wp-content/uploads/blog-300x168.jpg HTTP/1.0" 200 18760 "-" "Mozilla/5.0 (compatible; Ask Jeeves/Teoma; +http://about.ask.com/en/docs/about/webmasters.shtml)"
72.30.65.32 - - [09/Sep/2009:22:26:10 +0000] "GET /2009/02/18/international-student-energy-summit/ HTTP/1.0" 200 16392 "-" "Mozilla/5.0 (compatible; Yahoo! Slurp/3.0; http://help.yahoo.com/help/us/ysearch/slurp)"
66.235.124.73 - - [09/Sep/2009:22:25:38 +0000] "GET /wp-content/uploads/2008/08/espert.jpg HTTP/1.0" 200 17001 "-" "Mozilla/5.0 (compatible; Ask Jeeves/Teoma; +http://about.ask.com/en/docs/about/webmasters.shtml)"
65.55.51.114 - - [09/Sep/2009:22:26:14 +0000] "GET /robots.txt HTTP/1.1" 200 73 "-" "msnbot/2.0b (+http://search.msn.com/msnbot.htm)"
72.30.65.32 - - [09/Sep/2009:22:26:00 +0000] "GET /2009/02/18/international-student-energy-summit/ HTTP/1.0" 200 16392 "-" "Mozilla/5.0 (compatible; Yahoo! Slurp/3.0; http://help.yahoo.com/help/us/ysearch/slurp)"
38.99.68.198 - - [09/Sep/2009:22:26:36 +0000] "GET /feed/ HTTP/1.1" 302 - "-" "Mozilla/5.0 (compatible; FriendFeedBot/0.1; +Http://friendfeed.com/about/bot; 67 subscribers; feed-id=4133178765389085248)"
67.195.115.177 - - [09/Sep/2009:22:26:13 +0000] "GET /etiquetas/estudiante/feed/ HTTP/1.0" 302 - "-" "Mozilla/5.0 (compatible; Yahoo! Slurp/3.0; http://help.yahoo.com/help/us/ysearch/slurp)"
67.195.115.177 - - [09/Sep/2009:22:26:53 +0000] "GET /etiquetas/estudiante/feed/ HTTP/1.0" 302 - "-" "Mozilla/5.0 (compatible; Yahoo! Slurp/3.0; http://help.yahoo.com/help/us/ysearch/slurp)"
