209.20.76.122 - - [09/Sep/2009:18:43:11 +0000] "POST /wp-cron.php?doing_wp_cron HTTP/1.0" 200 - "-" "WordPress/2.8.4; http://blog.sabf.org.ar"
67.195.115.177 - - [09/Sep/2009:18:33:51 +0000] "GET /etiquetas/estado/ HTTP/1.0" 200 16283 "-" "Mozilla/5.0 (compatible; Yahoo! Slurp/3.0; http://help.yahoo.com/help/us/ysearch/slurp)"
65.55.51.69 - - [09/Sep/2009:18:43:20 +0000] "GET /robots.txt HTTP/1.1" 200 73 "-" "msnbot/2.0b (+http://search.msn.com/msnbot.htm)"
67.195.115.177 - - [09/Sep/2009:19:14:35 +0000] "GET /wp-content/themes/new-balance-of-blue/style.css HTTP/1.0" 304 - "http://blog.sabf.org.ar/etiquetas/gracias/" "Mozilla/5.0 (compatible; Yahoo! Slurp/3.0; http://help.yahoo.com/help/us/ysearch/slurp)"
67.195.115.177 - - [09/Sep/2009:19:14:36 +0000] "GET /wp-content/themes/new-balance-of-blue/style.css HTTP/1.0" 200 6735 "http://blog.sabf.org.ar/2008/11/16/lang_escampus-for-finance-new-years-conferencelang_es-lang_encampus-for-finance-new-years-conferencelang_en/" "Mozilla/5.0 (compatible; Yahoo! Slurp/3.0; http://help.yahoo.com/help/us/ysearch/slurp)"
74.125.44.136 - - [09/Sep/2009:18:41:45 +0000] "GET /english/feed?cat=-42 HTTP/1.0" 301 - "-" "FeedBurner/1.0 (http://www.FeedBurner.com)"
67.195.115.177 - - [09/Sep/2009:18:39:12 +0000] "GET /2008/07/15/julio-saguier-su-vision-sobre-los-medios-de-comunicacion/ HTTP/1.0" 200 19931 "-" "Mozilla/5.0 (compatible; Yahoo! Slurp/3.0; http://help.yahoo.com/help/us/ysearch/slurp)"
67.195.115.177 - - [09/Sep/2009:18:44:17 +0000] "GET /etiquetas/blog/feed/ HTTP/1.0" 302 - "-" "Mozilla/5.0 (compatible; Yahoo! Slurp/3.0; http://help.yahoo.com/help/us/ysearch/slurp)"
67.195.115.177 - - [09/Sep/2009:18:42:12 +0000] "GET /etiquetas/blog/feed/ HTTP/1.0" 302 - "-" "Mozilla/5.0 (compatible; Yahoo! Slurp/3.0; http://help.yahoo.com/help/us/ysearch/slurp)"
67.195.115.177 - - [09/Sep/2009:18:45:47 +0000] "GET /etiquetas/blog/feed/ HTTP/1.0" 302 - "-" "Mozilla/5.0 (compatible; Yahoo! Slurp/3.0; http://help.yahoo.com/help/us/ysearch/slurp)"
67.195.115.177 - - [09/Sep/2009:19:17:28 +0000] "GET /wp-content/themes/new-balance-of-blue/style.css HTTP/1.0" 304 - "http://blog.sabf.org.ar/etiquetas/la-nacion/" "Mozilla/5.0 (compatible; Yahoo! Slurp/3.0; http://help.yahoo.com/help/us/ysearch/slurp)"
66.249.71.244 - - [09/Sep/2009:18:43:17 +0000] "GET /2008/08/09/desafios-de-la-globalizacion-el-rol-de-la-empresa-en-la-sociedad-del-manana/ HTTP/1.1" 200 21522 "-" "Mozilla/5.0 (compatible; Googlebot/2.1; +http://www.google.com/bot.html)"
209.20.76.122 - - [09/Sep/2009:18:55:44 +0000] "POST /wp-cron.php?doing_wp_cron HTTP/1.0" 200 - "-" "WordPress/2.8.4; http://blog.sabf.org.ar"
67.195.115.177 - - [09/Sep/2009:19:00:23 +0000] "GET /etiquetas/blog/feed/ HTTP/1.0" 302 - "-" "Mozilla/5.0 (compatible; Yahoo! Slurp/3.0; http://help.yahoo.com/help/us/ysearch/slurp)"
209.20.76.122 - - [09/Sep/2009:18:57:10 +0000] "POST /wp-cron.php?doing_wp_cron HTTP/1.0" 200 - "-" "WordPress/2.8.4; http://blog.sabf.org.ar"
67.195.115.177 - - [09/Sep/2009:18:56:57 +0000] "GET /etiquetas/blog/feed/ HTTP/1.0" 302 - "-" "Mozilla/5.0 (compatible; Yahoo! Slurp/3.0; http://help.yahoo.com/help/us/ysearch/slurp)"
66.249.71.244 - - [09/Sep/2009:19:00:34 +0000] "GET /feed/ HTTP/1.1" 304 - "-" "Mozilla/5.0 (compatible; Googlebot/2.1; +http://www.google.com/bot.html)"
204.124.182.185 - - [09/Sep/2009:18:58:21 +0000] "GET /english/2008/03/01/encountering-the-power-of-ideas-my-experiences-at-south-american-business-forum-2005/ HTTP/1.0" 200 19263 "http://blog.sabf.org.ar/english/2008/03/01/encountering-the-power-of-ideas-my-experiences-at-south-american-business-forum-2005/" "Mozilla/4.76 [en] (Windows NT 5.0; U)"
67.195.115.177 - - [09/Sep/2009:19:09:26 +0000] "GET /etiquetas/blog/feed/ HTTP/1.0" 302 - "-" "Mozilla/5.0 (compatible; Yahoo! Slurp/3.0; http://help.yahoo.com/help/us/ysearch/slurp)"
209.20.76.122 - - [09/Sep/2009:19:09:30 +0000] "POST /wp-cron.php?doing_wp_cron HTTP/1.0" 200 - "-" "WordPress/2.8.4; http://blog.sabf.org.ar"
74.125.44.136 - - [09/Sep/2009:19:09:03 +0000] "GET /wp-commentsrss2.php HTTP/1.0" 301 - "-" "FeedBurner/1.0 (http://www.FeedBurner.com)"
67.195.115.177 - - [09/Sep/2009:19:11:34 +0000] "GET /etiquetas/foro-de-lideres/feed/ HTTP/1.0" 302 - "-" "Mozilla/5.0 (compatible; Yahoo! Slurp/3.0; http://help.yahoo.com/help/us/ysearch/slurp)"
67.195.115.177 - - [09/Sep/2009:19:06:31 +0000] "GET /etiquetas/blog/feed/ HTTP/1.0" 302 - "-" "Mozilla/5.0 (compatible; Yahoo! Slurp/3.0; http://help.yahoo.com/help/us/ysearch/slurp)"
209.20.76.122 - - [09/Sep/2009:19:10:51 +0000] "POST /wp-cron.php?doing_wp_cron HTTP/1.0" 200 - "-" "WordPress/2.8.4; http://blog.sabf.org.ar"
67.195.115.177 - - [09/Sep/2009:19:08:35 +0000] "GET /etiquetas/blog/feed/ HTTP/1.0" 302 - "-" "Mozilla/5.0 (compatible; Yahoo! Slurp/3.0; http://help.yahoo.com/help/us/ysearch/slurp)"
216.129.119.13 - - [09/Sep/2009:19:06:07 +0000] "GET /english/tags/nano-technology/ HTTP/1.0" 200 16371 "-" "Mozilla/5.0 (Twiceler-0.9 http://www.cuil.com/twiceler/robot.html)"
67.195.115.177 - - [09/Sep/2009:19:11:42 +0000] "GET /etiquetas/foro-de-lideres/feed/ HTTP/1.0" 302 - "-" "Mozilla/5.0 (compatible; Yahoo! Slurp/3.0; http://help.yahoo.com/help/us/ysearch/slurp)"
67.195.115.177 - - [09/Sep/2009:19:12:27 +0000] "GET /etiquetas/foro-de-lideres/feed/ HTTP/1.0" 302 - "-" "Mozilla/5.0 (compatible; Yahoo! Slurp/3.0; http://help.yahoo.com/help/us/ysearch/slurp)"
209.20.76.122 - - [09/Sep/2009:19:13:32 +0000] "POST /wp-cron.php?doing_wp_cron HTTP/1.0" 200 - "-" "WordPress/2.8.4; http://blog.sabf.org.ar"
67.195.115.177 - - [09/Sep/2009:19:11:44 +0000] "GET /etiquetas/foro-de-lideres/feed/ HTTP/1.0" 302 - "-" "Mozilla/5.0 (compatible; Yahoo! Slurp/3.0; http://help.yahoo.com/help/us/ysearch/slurp)"
67.195.115.177 - - [09/Sep/2009:19:13:40 +0000] "GET /etiquetas/foro-de-lideres/feed/ HTTP/1.0" 302 - "-" "Mozilla/5.0 (compatible; Yahoo! Slurp/3.0; http://help.yahoo.com/help/us/ysearch/slurp)"
74.125.44.136 - - [09/Sep/2009:19:13:24 +0000] "GET /wp-commentsrss2.php HTTP/1.0" 301 - "-" "FeedBurner/1.0 (http://www.FeedBurner.com)"
216.129.119.13 - - [09/Sep/2009:19:11:15 +0000] "GET /english/tags/application/ HTTP/1.0" 200 16426 "-" "Mozilla/5.0 (Twiceler-0.9 http://www.cuil.com/twiceler/robot.html)"
67.195.115.177 - - [09/Sep/2009:19:14:11 +0000] "GET /etiquetas/foro-de-lideres/feed/ HTTP/1.0" 302 - "-" "Mozilla/5.0 (compatible; Yahoo! Slurp/3.0; http://help.yahoo.com/help/us/ysearch/slurp)"
66.249.71.244 - - [09/Sep/2009:19:14:48 +0000] "GET /feed/ HTTP/1.1" 304 - "-" "Mozilla/5.0 (compatible; Googlebot/2.1; +http://www.google.com/bot.html)"
38.99.107.140 - - [09/Sep/2009:19:14:47 +0000] "GET /feed/ HTTP/1.1" 302 - "-" "Mozilla/5.0 (compatible; FriendFeedBot/0.1; +Http://friendfeed.com/about/bot; 8 subscribers; feed-id=4208711795166446445)"
38.99.107.140 - - [09/Sep/2009:19:15:19 +0000] "GET /english/feed/ HTTP/1.1" 302 - "-" "Mozilla/5.0 (compatible; FriendFeedBot/0.1; +Http://friendfeed.com/about/bot; 8 subscribers; feed-id=4208711795166446445)"
67.195.115.177 - - [09/Sep/2009:19:14:36 +0000] "GET /2008/05/12/el-periodo-de-inscripciones-ha-finalizado/feed/ HTTP/1.0" 200 11957 "-" "Mozilla/5.0 (compatible; Yahoo! Slurp/3.0; http://help.yahoo.com/help/us/ysearch/slurp)"
74.125.44.136 - - [09/Sep/2009:19:17:15 +0000] "GET /feed?cat=-99 HTTP/1.0" 301 - "-" "FeedBurner/1.0 (http://www.FeedBurner.com)"
200.38.248.254 - - [09/Sep/2009:19:17:29 +0000] "GET /favicon.ico HTTP/1.1" 404 16222 "http://ius-lex-xxi.blogspot.com/2009/09/etapas-historicas-romanas-evolucion-del.html" "Mozilla/4.0 (compatible; MSIE 6.0; Windows NT 5.1; SV1; InfoPath.2)"
65.55.51.110 - - [09/Sep/2009:19:19:49 +0000] "GET /robots.txt HTTP/1.1" 200 73 "-" "msnbot/2.0b (+http://search.msn.com/msnbot.htm)"
216.129.119.13 - - [09/Sep/2009:19:15:23 +0000] "GET /2009/05/04/%c2%bfnecesitas-ayuda-para-escribir-tu-ensayo/ HTTP/1.0" 200 16429 "-" "Mozilla/5.0 (Twiceler-0.9 http://www.cuil.com/twiceler/robot.html)"
65.55.51.69 - - [09/Sep/2009:19:18:25 +0000] "GET /robots.txt HTTP/1.1" 200 73 "-" "msnbot/2.0b (+http://search.msn.com/msnbot.htm)"
67.195.115.177 - - [09/Sep/2009:19:17:54 +0000] "GET /2008/05/12/el-periodo-de-inscripciones-ha-finalizado/ HTTP/1.0" 200 16276 "-" "Mozilla/5.0 (compatible; Yahoo! Slurp/3.0; http://help.yahoo.com/help/us/ysearch/slurp)"
74.125.44.136 - - [09/Sep/2009:19:22:25 +0000] "GET /english/feed?cat=-42 HTTP/1.0" 301 - "-" "FeedBurner/1.0 (http://www.FeedBurner.com)"
66.249.71.244 - - [09/Sep/2009:19:42:31 +0000] "GET /wp-content/uploads/2008/08/luzuriaga4.jpg HTTP/1.1" 304 - "-" "Googlebot-Image/1.0"
67.195.115.177 - - [09/Sep/2009:19:24:42 +0000] "GET /etiquetas/articulos/feed/ HTTP/1.0" 302 - "-" "Mozilla/5.0 (compatible; Yahoo! Slurp/3.0; http://help.yahoo.com/help/us/ysearch/slurp)"
67.195.115.177 - - [09/Sep/2009:19:23:33 +0000] "GET /etiquetas/articulos/feed/ HTTP/1.0" 302 - "-" "Mozilla/5.0 (compatible; Yahoo! Slurp/3.0; http://help.yahoo.com/help/us/ysearch/slurp)"
67.195.115.177 - - [09/Sep/2009:19:24:34 +0000] "GET /etiquetas/articulos/feed/ HTTP/1.0" 302 - "-" "Mozilla/5.0 (compatible; Yahoo! Slurp/3.0; http://help.yahoo.com/help/us/ysearch/slurp)"
67.195.115.177 - - [09/Sep/2009:19:24:29 +0000] "GET /etiquetas/articulos/feed/ HTTP/1.0" 302 - "-" "Mozilla/5.0 (compatible; Yahoo! Slurp/3.0; http://help.yahoo.com/help/us/ysearch/slurp)"
67.195.115.177 - - [09/Sep/2009:19:27:48 +0000] "GET /etiquetas/articulos/feed/ HTTP/1.0" 302 - "-" "Mozilla/5.0 (compatible; Yahoo! Slurp/3.0; http://help.yahoo.com/help/us/ysearch/slurp)"
67.195.115.177 - - [09/Sep/2009:19:28:02 +0000] "GET /etiquetas/articulos/feed/ HTTP/1.0" 302 - "-" "Mozilla/5.0 (compatible; Yahoo! Slurp/3.0; http://help.yahoo.com/help/us/ysearch/slurp)"
67.195.115.177 - - [09/Sep/2009:19:29:49 +0000] "GET /etiquetas/articulos/feed/ HTTP/1.0" 302 - "-" "Mozilla/5.0 (compatible; Yahoo! Slurp/3.0; http://help.yahoo.com/help/us/ysearch/slurp)"
67.195.115.177 - - [09/Sep/2009:19:28:56 +0000] "GET /etiquetas/articulos/feed/ HTTP/1.0" 302 - "-" "Mozilla/5.0 (compatible; Yahoo! Slurp/3.0; http://help.yahoo.com/help/us/ysearch/slurp)"
66.249.71.244 - - [09/Sep/2009:19:28:52 +0000] "GET /feed/ HTTP/1.1" 304 - "-" "Mozilla/5.0 (compatible; Googlebot/2.1; +http://www.google.com/bot.html)"
200.43.240.204 - - [09/Sep/2009:19:26:45 +0000] "GET /2008/03/26/%C2%BFgobierno-vs-el-campo-%C2%BF-o-gobierno-vs-argentina/ HTTP/1.1" 200 8062 "http://images.google.com.ar/imgres?imgurl=http://blog.sabf.org.ar/wp-content/uploads/2008/03/pzademayo.JPG&imgrefurl=http://blog.sabf.org.ar/2008/03/26/%25C2%25BFgobierno-vs-el-campo-%25C2%25BF-o-gobierno-vs-argentina/&usg=__gJtpJ55WToQVIJY4BeAB2yG-YLE=&h=388&w=700&sz=82&hl=es&start=1&tbnid=yrtOi9-ua-YxeM:&tbnh=78&tbnw=140&prev=/images%3Fq%3Dmonotoneros%2By%2Bmartinez%2Bde%2Boz%26gbv%3D2%26hl%3Des" "Mozilla/4.0 (compatible; MSIE 6.0; Windows NT 5.1; SV1; .NET CLR 1.1.4322)"
209.20.76.122 - - [09/Sep/2009:19:31:18 +0000] "POST /wp-cron.php?doing_wp_cron HTTP/1.0" 200 - "-" "WordPress/2.8.4; http://blog.sabf.org.ar"
67.195.115.177 - - [09/Sep/2009:19:29:31 +0000] "GET /etiquetas/articulos/feed/ HTTP/1.0" 302 - "-" "Mozilla/5.0 (compatible; Yahoo! Slurp/3.0; http://help.yahoo.com/help/us/ysearch/slurp)"
212.235.107.103 - - [09/Sep/2009:19:32:44 +0000] "GET /2008/03/01/encountering-the-power-of-ideas-my-experiences-at-south-american-business-forum-2005/langswitch_lang/es/ HTTP/1.0" 301 - "http://blog.sabf.org.ar/2008/03/01/encountering-the-power-of-ideas-my-experiences-at-south-american-business-forum-2005/langswitch_lang/es/" "Mozilla/4.0 (compatible; MSIE 6.0; Windows NT 5.1; Maxthon; .NET CLR 1.1.4322)"
67.195.115.177 - - [09/Sep/2009:19:31:43 +0000] "GET /etiquetas/articulos/feed/ HTTP/1.0" 302 - "-" "Mozilla/5.0 (compatible; Yahoo! Slurp/3.0; http://help.yahoo.com/help/us/ysearch/slurp)"
123.125.66.113 - - [09/Sep/2009:19:32:19 +0000] "GET /english/2009/07/01/what-do-sabf-2009-participants-think-part-i/emailpopup/ HTTP/1.1" 200 7081 "-" "Baiduspider+(+http://www.baidu.com/search/spider.htm)"
67.195.115.177 - - [09/Sep/2009:19:34:23 +0000] "GET /2009/04/02/faltan-40-dias-para-el-cierre-de-inscripciones-del-sabf/feed/ HTTP/1.0" 200 876 "-" "Mozilla/5.0 (compatible; Yahoo! Slurp/3.0; http://help.yahoo.com/help/us/ysearch/slurp)"
209.20.76.122 - - [09/Sep/2009:19:36:49 +0000] "POST /wp-cron.php?doing_wp_cron HTTP/1.0" 200 - "-" "WordPress/2.8.4; http://blog.sabf.org.ar"
66.249.71.244 - - [09/Sep/2009:19:32:32 +0000] "GET /2008/03/30/santiago-bilinkis-como-emprender-en-argentina-y-no-morir-en-el-intento/ HTTP/1.1" 200 18740 "-" "Mozilla/5.0 (compatible; Googlebot/2.1; +http://www.google.com/bot.html)"
67.195.115.177 - - [09/Sep/2009:19:29:05 +0000] "GET /etiquetas/articulos/feed/ HTTP/1.0" 302 - "-" "Mozilla/5.0 (compatible; Yahoo! Slurp/3.0; http://help.yahoo.com/help/us/ysearch/slurp)"
72.30.65.32 - - [09/Sep/2009:19:37:22 +0000] "GET /english/tags/application/ HTTP/1.0" 200 16426 "-" "Mozilla/5.0 (compatible; Yahoo! Slurp/3.0; http://help.yahoo.com/help/us/ysearch/slurp)"
38.99.68.194 - - [09/Sep/2009:19:36:16 +0000] "GET /feed/ HTTP/1.1" 302 - "-" "Mozilla/5.0 (compatible; FriendFeedBot/0.1; +Http://friendfeed.com/about/bot; 27 subscribers; feed-id=1420604414828493376)"
72.30.65.32 - - [09/Sep/2009:19:36:32 +0000] "GET /english/tags/application/ HTTP/1.0" 200 16426 "-" "Mozilla/5.0 (compatible; Yahoo! Slurp/3.0; http://help.yahoo.com/help/us/ysearch/slurp)"
209.20.76.122 - - [09/Sep/2009:19:39:11 +0000] "POST /wp-cron.php?doing_wp_cron HTTP/1.0" 200 - "-" "WordPress/2.8.4; http://blog.sabf.org.ar"
74.125.44.136 - - [09/Sep/2009:19:40:43 +0000] "GET /wp-commentsrss2.php HTTP/1.0" 301 - "-" "FeedBurner/1.0 (http://www.FeedBurner.com)"
72.30.65.32 - - [09/Sep/2009:19:37:54 +0000] "GET /english/tags/application/ HTTP/1.0" 200 16426 "-" "Mozilla/5.0 (compatible; Yahoo! Slurp/3.0; http://help.yahoo.com/help/us/ysearch/slurp)"
72.14.199.5 - - [09/Sep/2009:19:40:37 +0000] "GET /feed/ HTTP/1.1" 302 - "-" "Feedfetcher-Google; (+http://www.google.com/feedfetcher.html; 9 subscribers; feed-id=3190491285033540935)"
72.30.65.32 - - [09/Sep/2009:19:37:55 +0000] "GET /english/tags/application/ HTTP/1.0" 200 16426 "-" "Mozilla/5.0 (compatible; Yahoo! Slurp/3.0; http://help.yahoo.com/help/us/ysearch/slurp)"
66.249.71.244 - - [09/Sep/2009:19:38:53 +0000] "GET /2008/03/30/santiago-bilinkis-como-emprender-en-argentina-y-no-morir-en-el-intento/ HTTP/1.1" 200 18740 "-" "Mozilla/5.0 (compatible; Googlebot/2.1; +http://www.google.com/bot.html)"
65.55.107.182 - - [09/Sep/2009:19:41:50 +0000] "GET /robots.txt HTTP/1.1" 200 73 "-" "msnbot/2.0b (+http://search.msn.com/msnbot.htm)"
74.125.44.136 - - [09/Sep/2009:19:43:20 +0000] "GET /english/categories/newsletter/feed/ HTTP/1.0" 200 7005 "-" "FeedBurner/1.0 (http://www.FeedBurner.com)"
65.55.115.174 - - [09/Sep/2009:19:42:33 +0000] "GET /robots.txt HTTP/1.1" 200 73 "-" "msnbot/2.0b (+http://search.msn.com/msnbot.htm)"
216.129.119.13 - - [09/Sep/2009:19:43:00 +0000] "GET /english/2009/07/14/sabf-2009-new-date-confirmed/ HTTP/1.0" 200 16022 "-" "Mozilla/5.0 (Twiceler-0.9 http://www.cuil.com/twiceler/robot.html)"
72.30.65.32 - - [09/Sep/2009:19:44:27 +0000] "GET /robots.txt HTTP/1.0" 200 73 "-" "Mozilla/5.0 (compatible; Yahoo! Slurp; http://help.yahoo.com/help/us/ysearch/slurp)"
201.147.157.34 - - [09/Sep/2009:19:43:40 +0000] "GET /favicon.ico HTTP/1.1" 404 8194 "http://ius-lex-xxi.blogspot.com/2009/03/incapacidades-de-hecho.html" "Mozilla/4.0 (compatible; MSIE 6.0; Windows NT 5.1; SV1)"
190.41.180.253 - - [09/Sep/2009:19:43:23 +0000] "GET /favicon.ico HTTP/1.1" 404 8194 "http://ius-lex-xxi.blogspot.com/2009/08/proseso-de-elaboracion-presupuestaria.html" "Mozilla/4.0 (compatible; MSIE 6.0; Windows NT 5.1; SV1; InfoPath.2; .NET CLR 2.0.50727)"
74.125.44.136 - - [09/Sep/2009:19:45:51 +0000] "GET /english/categories/newsletter/feed/ HTTP/1.0" 200 7005 "-" "FeedBurner/1.0 (http://www.FeedBurner.com)"
66.235.124.73 - - [09/Sep/2009:20:05:26 +0000] "GET /wp-content/uploads/astrid-salazar-2-300x225.jpg HTTP/1.0" 200 18410 "-" "Mozilla/5.0 (compatible; Ask Jeeves/Teoma; +http://about.ask.com/en/docs/about/webmasters.shtml)"
74.125.44.136 - - [09/Sep/2009:19:49:46 +0000] "GET /feed?cat=-99 HTTP/1.0" 301 - "-" "FeedBurner/1.0 (http://www.FeedBurner.com)"
72.30.65.32 - - [09/Sep/2009:19:49:47 +0000] "GET /etiquetas/delegados/ HTTP/1.0" 200 16544 "-" "Mozilla/5.0 (compatible; Yahoo! Slurp/3.0; http://help.yahoo.com/help/us/ysearch/slurp)"
72.30.65.32 - - [09/Sep/2009:19:48:15 +0000] "GET /etiquetas/delegados/ HTTP/1.0" 200 16544 "-" "Mozilla/5.0 (compatible; Yahoo! Slurp/3.0; http://help.yahoo.com/help/us/ysearch/slurp)"
72.30.65.32 - - [09/Sep/2009:19:52:26 +0000] "GET /etiquetas/delegados/ HTTP/1.0" 200 16544 "-" "Mozilla/5.0 (compatible; Yahoo! Slurp/3.0; http://help.yahoo.com/help/us/ysearch/slurp)"
72.30.65.32 - - [09/Sep/2009:19:50:52 +0000] "GET /etiquetas/delegados/ HTTP/1.0" 200 16544 "-" "Mozilla/5.0 (compatible; Yahoo! Slurp/3.0; http://help.yahoo.com/help/us/ysearch/slurp)"
72.30.65.32 - - [09/Sep/2009:19:52:28 +0000] "GET /english/about HTTP/1.0" 301 - "-" "Mozilla/5.0 (compatible; Yahoo! Slurp/3.0; http://help.yahoo.com/help/us/ysearch/slurp)"
72.30.65.32 - - [09/Sep/2009:19:50:28 +0000] "GET /etiquetas/delegados/ HTTP/1.0" 200 16544 "-" "Mozilla/5.0 (compatible; Yahoo! Slurp/3.0; http://help.yahoo.com/help/us/ysearch/slurp)"
67.195.115.177 - - [09/Sep/2009:19:50:25 +0000] "GET /etiquetas/brasil/ HTTP/1.0" 200 16532 "-" "Mozilla/5.0 (compatible; Yahoo! Slurp/3.0; http://help.yahoo.com/help/us/ysearch/slurp)"
67.83.169.36 - - [09/Sep/2009:20:10:44 +0000] "GET /english/wp-content/uploads/mapa-con-paises_2009_21.jpg HTTP/1.1" 200 38536 "http://images.google.com/imgres?imgurl=http://blog.sabf.org.ar/english/wp-content/uploads/mapa-con-paises_2009_21.jpg&imgrefurl=http://blog.sabf.org.ar/english/&usg=__fZBLiJAqXus-yBcC6MUc0_T50HU=&h=387&w=640&sz=38&hl=en&start=14&um=1&tbnid=ekh_RgViY5Bi_M:&tbnh=83&tbnw=137&prev=/images%3Fq%3Dmapa%2Bde%2Bpaises%2Bde%2Bamerica%2Bdel%2Bsur%26hl%3Den%26rls%3Dcom.microsoft:en-us:IE-SearchBox%26rlz%3D1I7ADBX_en%26sa%3DN%26um%3D1" "Mozilla/4.0 (compatible; MSIE 7.0; Windows NT 5.1; Trident/4.0; GTB6; .NET CLR 1.1.4322; .NET CLR 2.0.50727; .NET CLR 3.0.4506.2152; .NET CLR 3.5.30729; MSN OptimizedIE8;ENUS)"
67.83.169.36 - - [09/Sep/2009:20:11:27 +0000] "GET /english/wp-content/uploads/mapa-con-paises_2009_21.jpg HTTP/1.1" 200 38536 "http://images.google.com/imgres?imgurl=http://blog.sabf.org.ar/english/wp-content/uploads/mapa-con-paises_2009_21.jpg&imgrefurl=http://blog.sabf.org.ar/english/&usg=__fZBLiJAqXus-yBcC6MUc0_T50HU=&h=387&w=640&sz=38&hl=en&start=14&um=1&tbnid=ekh_RgViY5Bi_M:&tbnh=83&tbnw=137&prev=/images%3Fq%3Dmapa%2Bde%2Bpaises%2Bde%2Bamerica%2Bdel%2Bsur%26hl%3Den%26rls%3Dcom.microsoft:en-us:IE-SearchBox%26rlz%3D1I7ADBX_en%26sa%3DN%26um%3D1" "Mozilla/4.0 (compatible; MSIE 7.0; Windows NT 5.1; Trident/4.0; GTB6; .NET CLR 1.1.4322; .NET CLR 2.0.50727; .NET CLR 3.0.4506.2152; .NET CLR 3.5.30729; MSN OptimizedIE8;ENUS)"
72.30.65.32 - - [09/Sep/2009:19:54:09 +0000] "GET /etiquetas/delegados/ HTTP/1.0" 200 16544 "-" "Mozilla/5.0 (compatible; Yahoo! Slurp/3.0; http://help.yahoo.com/help/us/ysearch/slurp)"
72.30.65.32 - - [09/Sep/2009:19:56:02 +0000] "GET /etiquetas/delegados/ HTTP/1.0" 200 16544 "-" "Mozilla/5.0 (compatible; Yahoo! Slurp/3.0; http://help.yahoo.com/help/us/ysearch/slurp)"
72.30.65.32 - - [09/Sep/2009:19:54:16 +0000] "GET /etiquetas/delegados/ HTTP/1.0" 200 16544 "-" "Mozilla/5.0 (compatible; Yahoo! Slurp/3.0; http://help.yahoo.com/help/us/ysearch/slurp)"
65.55.107.182 - - [09/Sep/2009:19:54:56 +0000] "GET /robots.txt HTTP/1.1" 200 73 "-" "msnbot/2.0b (+http://search.msn.com/msnbot.htm)"
66.235.124.8 - - [09/Sep/2009:19:51:41 +0000] "GET /2009/04/07/google-en-el-itba/ HTTP/1.1" 200 17600 "-" "Mozilla/5.0 (compatible; Ask Jeeves/Teoma; +http://about.ask.com/en/docs/about/webmasters.shtml)"
65.55.115.174 - - [09/Sep/2009:19:56:03 +0000] "GET /robots.txt HTTP/1.1" 200 73 "-" "msnbot/2.0b (+http://search.msn.com/msnbot.htm)"
72.30.65.32 - - [09/Sep/2009:19:54:52 +0000] "GET /etiquetas/delegados/ HTTP/1.0" 200 16544 "-" "Mozilla/5.0 (compatible; Yahoo! Slurp/3.0; http://help.yahoo.com/help/us/ysearch/slurp)"
212.235.107.50 - - [09/Sep/2009:19:56:27 +0000] "GET /english/2008/04/06/business-today-international-conference/ HTTP/1.0" 200 16454 "http://blog.sabf.org.ar/english/2008/04/06/business-today-international-conference/" "Mozilla/5.0 (Windows NT 5.1; U; en) Opera 8.01"
72.14.199.5 - - [09/Sep/2009:20:00:16 +0000] "GET /english/feed/ HTTP/1.1" 302 - "-" "Feedfetcher-Google; (+http://www.google.com/feedfetcher.html; 3 subscribers; feed-id=1977097700070386572)"
72.14.199.5 - - [09/Sep/2009:19:59:25 +0000] "GET /feed/ HTTP/1.1" 302 - "-" "Feedfetcher-Google; (+http://www.google.com/feedfetcher.html; 9 subscribers; feed-id=3190491285033540935)"
66.249.71.244 - - [09/Sep/2009:19:58:20 +0000] "GET /2008/04/01/emiliano-kargieman-un-exitoso-emprendedor-que-nos-contara-su-experiencia/ HTTP/1.1" 200 16673 "-" "Mozilla/5.0 (compatible; Googlebot/2.1; +http://www.google.com/bot.html)"
66.249.71.244 - - [09/Sep/2009:20:01:15 +0000] "GET /2008/04/01/emiliano-kargieman-un-exitoso-emprendedor-que-nos-contara-su-experiencia/ HTTP/1.1" 200 16673 "-" "Mozilla/5.0 (compatible; Googlebot/2.1; +http://www.google.com/bot.html)"
67.83.169.36 - - [09/Sep/2009:20:18:09 +0000] "GET /english/wp-content/uploads/mapa-con-paises_2009_21.jpg HTTP/1.1" 200 38536 "http://images.google.com/imgres?imgurl=http://blog.sabf.org.ar/english/wp-content/uploads/mapa-con-paises_2009_21.jpg&imgrefurl=http://blog.sabf.org.ar/english/&usg=__fZBLiJAqXus-yBcC6MUc0_T50HU=&h=387&w=640&sz=38&hl=en&start=14&um=1&tbnid=ekh_RgViY5Bi_M:&tbnh=83&tbnw=137&prev=/images%3Fq%3Dmapa%2Bde%2Bpaises%2Bde%2Bamerica%2Bdel%2Bsur%26hl%3Den%26rls%3Dcom.microsoft:en-us:IE-SearchBox%26rlz%3D1I7ADBX_en%26sa%3DN%26um%3D1" "Mozilla/4.0 (compatible; MSIE 7.0; Windows NT 5.1; Trident/4.0; GTB6; .NET CLR 1.1.4322; .NET CLR 2.0.50727; .NET CLR 3.0.4506.2152; .NET CLR 3.5.30729; MSN OptimizedIE8;ENUS)"
67.83.169.36 - - [09/Sep/2009:20:18:08 +0000] "GET /english/wp-content/uploads/mapa-con-paises_2009_21.jpg HTTP/1.1" 200 38536 "http://images.google.com/imgres?imgurl=http://blog.sabf.org.ar/english/wp-content/uploads/mapa-con-paises_2009_21.jpg&imgrefurl=http://blog.sabf.org.ar/english/&usg=__fZBLiJAqXus-yBcC6MUc0_T50HU=&h=387&w=640&sz=38&hl=en&start=14&um=1&tbnid=ekh_RgViY5Bi_M:&tbnh=83&tbnw=137&prev=/images%3Fq%3Dmapa%2Bde%2Bpaises%2Bde%2Bamerica%2Bdel%2Bsur%26hl%3Den%26rls%3Dcom.microsoft:en-us:IE-SearchBox%26rlz%3D1I7ADBX_en%26sa%3DN%26um%3D1" "Mozilla/4.0 (compatible; MSIE 7.0; Windows NT 5.1; Trident/4.0; GTB6; .NET CLR 1.1.4322; .NET CLR 2.0.50727; .NET CLR 3.0.4506.2152; .NET CLR 3.5.30729; MSN OptimizedIE8;ENUS)"
74.125.44.136 - - [09/Sep/2009:20:02:46 +0000] "GET /english/feed?cat=-42 HTTP/1.0" 301 - "-" "FeedBurner/1.0 (http://www.FeedBurner.com)"
67.195.115.177 - - [09/Sep/2009:19:59:54 +0000] "GET /2009/08/20/foro-de-lideres-2009/ HTTP/1.0" 200 16073 "-" "Mozilla/5.0 (compatible; Yahoo! Slurp/3.0; http://help.yahoo.com/help/us/ysearch/slurp)"
65.55.107.182 - - [09/Sep/2009:20:01:55 +0000] "GET /robots.txt HTTP/1.1" 200 73 "-" "msnbot/2.0b (+http://search.msn.com/msnbot.htm)"
74.125.44.136 - - [09/Sep/2009:20:01:53 +0000] "GET /english/feed?cat=-42 HTTP/1.0" 301 - "-" "FeedBurner/1.0 (http://www.FeedBurner.com)"
190.182.112.69 - - [09/Sep/2009:20:00:46 +0000] "GET /favicon.ico HTTP/1.1" 404 8194 "http://ius-lex-xxi.blogspot.com/2009/07/v-invasion-extraterrestre.html" "Mozilla/4.0 (compatible; MSIE 8.0; Windows NT 5.1; Trident/4.0; GTB6; .NET CLR 2.0.50727; .NET CLR 3.0.4506.2152; .NET CLR 3.5.30729)"
65.55.115.174 - - [09/Sep/2009:20:04:23 +0000] "GET /robots.txt HTTP/1.1" 200 73 "-" "msnbot/2.0b (+http://search.msn.com/msnbot.htm)"
74.125.44.136 - - [09/Sep/2009:20:04:46 +0000] "GET /categorias/newsletter/feed/ HTTP/1.0" 200 7081 "-" "FeedBurner/1.0 (http://www.FeedBurner.com)"
67.195.115.177 - - [09/Sep/2009:20:04:27 +0000] "GET /etiquetas/facebook/ HTTP/1.0" 200 16390 "-" "Mozilla/5.0 (compatible; Yahoo! Slurp/3.0; http://help.yahoo.com/help/us/ysearch/slurp)"
216.129.119.13 - - [09/Sep/2009:20:04:27 +0000] "GET /categorias/miscelaneas/ HTTP/1.0" 200 21717 "-" "Mozilla/5.0 (Twiceler-0.9 http://www.cuil.com/twiceler/robot.html)"
74.125.44.136 - - [09/Sep/2009:20:05:33 +0000] "GET /categorias/newsletter/feed/ HTTP/1.0" 200 7081 "-" "FeedBurner/1.0 (http://www.FeedBurner.com)"
74.125.44.136 - - [09/Sep/2009:20:06:13 +0000] "GET /feed?cat=-99 HTTP/1.0" 301 - "-" "FeedBurner/1.0 (http://www.FeedBurner.com)"
38.99.107.139 - - [09/Sep/2009:20:09:51 +0000] "GET /feed/ HTTP/1.1" 302 - "-" "Mozilla/5.0 (compatible; FriendFeedBot/0.1; +Http://friendfeed.com/about/bot; 8 subscribers; feed-id=4208711795166446445)"
38.99.107.139 - - [09/Sep/2009:20:09:50 +0000] "GET /english/feed/ HTTP/1.1" 302 - "-" "Mozilla/5.0 (compatible; FriendFeedBot/0.1; +Http://friendfeed.com/about/bot; 8 subscribers; feed-id=4208711795166446445)"
72.30.65.32 - - [09/Sep/2009:20:10:25 +0000] "GET /robots.txt HTTP/1.0" 200 73 "-" "Mozilla/5.0 (compatible; Yahoo! Slurp; http://help.yahoo.com/help/us/ysearch/slurp)"
67.195.115.177 - - [09/Sep/2009:20:10:26 +0000] "GET /etiquetas/english/feed/ HTTP/1.0" 302 - "-" "Mozilla/5.0 (compatible; Yahoo! Slurp/3.0; http://help.yahoo.com/help/us/ysearch/slurp)"
66.249.71.244 - - [09/Sep/2009:20:08:42 +0000] "GET /2008/04/01/emiliano-kargieman-un-exitoso-emprendedor-que-nos-contara-su-experiencia/ HTTP/1.1" 200 16673 "-" "Mozilla/5.0 (compatible; Googlebot/2.1; +http://www.google.com/bot.html)"
67.195.115.177 - - [09/Sep/2009:20:11:28 +0000] "GET /etiquetas/english/feed/ HTTP/1.0" 302 - "-" "Mozilla/5.0 (compatible; Yahoo! Slurp/3.0; http://help.yahoo.com/help/us/ysearch/slurp)"
67.83.169.36 - - [09/Sep/2009:20:10:33 +0000] "GET /english/ HTTP/1.1" 200 8109 "http://images.google.com/imgres?imgurl=http://blog.sabf.org.ar/english/wp-content/uploads/mapa-con-paises_2009_21.jpg&imgrefurl=http://blog.sabf.org.ar/english/&usg=__fZBLiJAqXus-yBcC6MUc0_T50HU=&h=387&w=640&sz=38&hl=en&start=14&um=1&tbnid=ekh_RgViY5Bi_M:&tbnh=83&tbnw=137&prev=/images%3Fq%3Dmapa%2Bde%2Bpaises%2Bde%2Bamerica%2Bdel%2Bsur%26hl%3Den%26rls%3Dcom.microsoft:en-us:IE-SearchBox%26rlz%3D1I7ADBX_en%26sa%3DN%26um%3D1" "Mozilla/4.0 (compatible; MSIE 7.0; Windows NT 5.1; Trident/4.0; GTB6; .NET CLR 1.1.4322; .NET CLR 2.0.50727; .NET CLR 3.0.4506.2152; .NET CLR 3.5.30729; MSN OptimizedIE8;ENUS)"
67.195.115.177 - - [09/Sep/2009:20:37:41 +0000] "GET /wp-content/themes/new-balance-of-blue/style.css HTTP/1.0" 304 - "http://blog.sabf.org.ar/etiquetas/foro-de-lideres/" "Mozilla/5.0 (compatible; Yahoo! Slurp/3.0; http://help.yahoo.com/help/us/ysearch/slurp)"
72.30.65.32 - - [09/Sep/2009:20:13:17 +0000] "GET /etiquetas/asia/ HTTP/1.0" 200 16418 "-" "Mozilla/5.0 (compatible; Yahoo! Slurp/3.0; http://help.yahoo.com/help/us/ysearch/slurp)"
72.30.65.32 - - [09/Sep/2009:20:10:47 +0000] "GET /etiquetas/asia/ HTTP/1.0" 200 16418 "-" "Mozilla/5.0 (compatible; Yahoo! Slurp/3.0; http://help.yahoo.com/help/us/ysearch/slurp)"
67.195.115.177 - - [09/Sep/2009:20:12:46 +0000] "GET /etiquetas/english/feed/ HTTP/1.0" 302 - "-" "Mozilla/5.0 (compatible; Yahoo! Slurp/3.0; http://help.yahoo.com/help/us/ysearch/slurp)"
65.55.51.114 - - [09/Sep/2009:20:13:20 +0000] "GET /robots.txt HTTP/1.1" 200 73 "-" "msnbot/2.0b (+http://search.msn.com/msnbot.htm)"
67.83.169.36 - - [09/Sep/2009:20:41:21 +0000] "GET /english/wp-content/uploads/mapa-con-paises_2009_21.jpg HTTP/1.1" 200 38536 "http://images.google.com/imgres?imgurl=http://blog.sabf.org.ar/english/wp-content/uploads/mapa-con-paises_2009_21.jpg&imgrefurl=http://blog.sabf.org.ar/english/&usg=__fZBLiJAqXus-yBcC6MUc0_T50HU=&h=387&w=640&sz=38&hl=en&start=14&um=1&tbnid=ekh_RgViY5Bi_M:&tbnh=83&tbnw=137&prev=/images%3Fq%3Dmapa%2Bde%2Bpaises%2Bde%2Bamerica%2Bdel%2Bsur%26hl%3Den%26rls%3Dcom.microsoft:en-us:IE-SearchBox%26rlz%3D1I7ADBX_en%26sa%3DN%26um%3D1" "Mozilla/4.0 (compatible; MSIE 7.0; Windows NT 5.1; Trident/4.0; GTB6; .NET CLR 1.1.4322; .NET CLR 2.0.50727; .NET CLR 3.0.4506.2152; .NET CLR 3.5.30729; MSN OptimizedIE8;ENUS)"
72.30.65.32 - - [09/Sep/2009:20:15:56 +0000] "GET /english/tags/society/ HTTP/1.0" 200 16347 "-" "Mozilla/5.0 (compatible; Yahoo! Slurp/3.0; http://help.yahoo.com/help/us/ysearch/slurp)"
67.195.115.177 - - [09/Sep/2009:20:14:14 +0000] "GET /etiquetas/english/feed/ HTTP/1.0" 302 - "-" "Mozilla/5.0 (compatible; Yahoo! Slurp/3.0; http://help.yahoo.com/help/us/ysearch/slurp)"
72.30.65.32 - - [09/Sep/2009:20:14:23 +0000] "GET /english/tags/society/ HTTP/1.0" 200 16347 "-" "Mozilla/5.0 (compatible; Yahoo! Slurp/3.0; http://help.yahoo.com/help/us/ysearch/slurp)"
67.195.115.177 - - [09/Sep/2009:20:14:46 +0000] "GET /etiquetas/english/feed/ HTTP/1.0" 302 - "-" "Mozilla/5.0 (compatible; Yahoo! Slurp/3.0; http://help.yahoo.com/help/us/ysearch/slurp)"
72.30.65.32 - - [09/Sep/2009:20:15:59 +0000] "GET /etiquetas/asia/ HTTP/1.0" 200 16418 "-" "Mozilla/5.0 (compatible; Yahoo! Slurp/3.0; http://help.yahoo.com/help/us/ysearch/slurp)"
72.30.65.32 - - [09/Sep/2009:20:14:34 +0000] "GET /etiquetas/asia/ HTTP/1.0" 200 16418 "-" "Mozilla/5.0 (compatible; Yahoo! Slurp/3.0; http://help.yahoo.com/help/us/ysearch/slurp)"
67.195.115.177 - - [09/Sep/2009:20:46:22 +0000] "GET /wp-content/themes/new-balance-of-blue/style.css HTTP/1.0" 304 - "http://blog.sabf.org.ar/2009/01/" "Mozilla/5.0 (compatible; Yahoo! Slurp/3.0; http://help.yahoo.com/help/us/ysearch/slurp)"
67.83.169.36 - - [09/Sep/2009:20:16:55 +0000] "GET /english/ HTTP/1.1" 200 8109 "http://images.google.com/imgres?imgurl=http://blog.sabf.org.ar/english/wp-content/uploads/mapa-con-paises_2009_21.jpg&imgrefurl=http://blog.sabf.org.ar/english/&usg=__fZBLiJAqXus-yBcC6MUc0_T50HU=&h=387&w=640&sz=38&hl=en&start=14&um=1&tbnid=ekh_RgViY5Bi_M:&tbnh=83&tbnw=137&prev=/images%3Fq%3Dmapa%2Bde%2Bpaises%2Bde%2Bamerica%2Bdel%2Bsur%26hl%3Den%26rls%3Dcom.microsoft:en-us:IE-SearchBox%26rlz%3D1I7ADBX_en%26sa%3DN%26um%3D1" "Mozilla/4.0 (compatible; MSIE 7.0; Windows NT 5.1; Trident/4.0; GTB6; .NET CLR 1.1.4322; .NET CLR 2.0.50727; .NET CLR 3.0.4506.2152; .NET CLR 3.5.30729; MSN OptimizedIE8;ENUS)"
65.55.51.114 - - [09/Sep/2009:20:19:37 +0000] "GET /robots.txt HTTP/1.1" 200 73 "-" "msnbot/2.0b (+http://search.msn.com/msnbot.htm)"
72.30.65.32 - - [09/Sep/2009:20:18:09 +0000] "GET /english/tags/society/ HTTP/1.0" 200 16347 "-" "Mozilla/5.0 (compatible; Yahoo! Slurp/3.0; http://help.yahoo.com/help/us/ysearch/slurp)"
72.30.65.32 - - [09/Sep/2009:20:18:32 +0000] "GET /english/tags/society/ HTTP/1.0" 200 16347 "-" "Mozilla/5.0 (compatible; Yahoo! Slurp/3.0; http://help.yahoo.com/help/us/ysearch/slurp)"
67.195.115.177 - - [09/Sep/2009:20:48:42 +0000] "GET /wp-content/themes/new-balance-of-blue/style.css HTTP/1.0" 304 - "http://blog.sabf.org.ar/etiquetas/consejores/" "Mozilla/5.0 (compatible; Yahoo! Slurp/3.0; http://help.yahoo.com/help/us/ysearch/slurp)"
72.30.65.32 - - [09/Sep/2009:20:18:53 +0000] "GET /etiquetas/asia/ HTTP/1.0" 200 16418 "-" "Mozilla/5.0 (compatible; Yahoo! Slurp/3.0; http://help.yahoo.com/help/us/ysearch/slurp)"
67.195.115.177 - - [09/Sep/2009:20:49:11 +0000] "GET /wp-content/plugins/sociable/sociable.css?ver=2.8.4 HTTP/1.0" 200 852 "http://blog.sabf.org.ar/etiquetas/clima/" "Mozilla/5.0 (compatible; Yahoo! Slurp/3.0; http://help.yahoo.com/help/us/ysearch/slurp)"
67.195.115.177 - - [09/Sep/2009:20:49:13 +0000] "GET /wp-content/plugins/sociable/sociable.css?ver=2.8.4 HTTP/1.0" 200 852 "http://blog.sabf.org.ar/2008/05/25/seminario-liderazgo-y-competitividad-para-el-desarrollo-sustentable/" "Mozilla/5.0 (compatible; Yahoo! Slurp/3.0; http://help.yahoo.com/help/us/ysearch/slurp)"
72.30.65.32 - - [09/Sep/2009:20:19:03 +0000] "GET /etiquetas/asia/ HTTP/1.0" 200 16418 "-" "Mozilla/5.0 (compatible; Yahoo! Slurp/3.0; http://help.yahoo.com/help/us/ysearch/slurp)"
67.195.115.177 - - [09/Sep/2009:20:49:14 +0000] "GET /wp-content/plugins/sociable/sociable.css?ver=2.8.4 HTTP/1.0" 200 852 "http://blog.sabf.org.ar/2008/05/25/seminario-liderazgo-y-competitividad-para-el-desarrollo-sustentable/" "Mozilla/5.0 (compatible; Yahoo! Slurp/3.0; http://help.yahoo.com/help/us/ysearch/slurp)"
67.195.115.177 - - [09/Sep/2009:20:49:15 +0000] "GET /wp-content/plugins/sociable/sociable.css?ver=2.8.4 HTTP/1.0" 200 852 "http://blog.sabf.org.ar/etiquetas/clima/" "Mozilla/5.0 (compatible; Yahoo! Slurp/3.0; http://help.yahoo.com/help/us/ysearch/slurp)"
72.30.65.32 - - [09/Sep/2009:20:19:03 +0000] "GET /english/tags/society/ HTTP/1.0" 200 16347 "-" "Mozilla/5.0 (compatible; Yahoo! Slurp/3.0; http://help.yahoo.com/help/us/ysearch/slurp)"
67.195.115.177 - - [09/Sep/2009:20:49:55 +0000] "GET /wp-content/plugins/sociable/sociable.css?ver=2.8.4 HTTP/1.0" 200 852 "http://blog.sabf.org.ar/2008/05/25/seminario-liderazgo-y-competitividad-para-el-desarrollo-sustentable/" "Mozilla/5.0 (compatible; Yahoo! Slurp/3.0; http://help.yahoo.com/help/us/ysearch/slurp)"
67.195.115.177 - - [09/Sep/2009:20:50:00 +0000] "GET /wp-content/plugins/sociable/sociable.css?ver=2.8.4 HTTP/1.0" 200 852 "http://blog.sabf.org.ar/etiquetas/clima/" "Mozilla/5.0 (compatible; Yahoo! Slurp/3.0; http://help.yahoo.com/help/us/ysearch/slurp)"
72.30.65.32 - - [09/Sep/2009:20:18:09 +0000] "GET /etiquetas/asia/ HTTP/1.0" 200 16418 "-" "Mozilla/5.0 (compatible; Yahoo! Slurp/3.0; http://help.yahoo.com/help/us/ysearch/slurp)"
72.30.65.32 - - [09/Sep/2009:20:26:37 +0000] "GET /english/tags/society/ HTTP/1.0" 200 16347 "-" "Mozilla/5.0 (compatible; Yahoo! Slurp/3.0; http://help.yahoo.com/help/us/ysearch/slurp)"
72.30.65.32 - - [09/Sep/2009:20:28:01 +0000] "GET /english/tags/society/ HTTP/1.0" 200 16347 "-" "Mozilla/5.0 (compatible; Yahoo! Slurp/3.0; http://help.yahoo.com/help/us/ysearch/slurp)"
65.55.107.182 - - [09/Sep/2009:20:28:14 +0000] "GET /robots.txt HTTP/1.1" 200 73 "-" "msnbot/2.0b (+http://search.msn.com/msnbot.htm)"
72.30.65.32 - - [09/Sep/2009:20:29:00 +0000] "GET /english/tags/society/ HTTP/1.0" 200 16347 "-" "Mozilla/5.0 (compatible; Yahoo! Slurp/3.0; http://help.yahoo.com/help/us/ysearch/slurp)"
72.30.65.32 - - [09/Sep/2009:20:28:32 +0000] "GET /etiquetas/asia/ HTTP/1.0" 200 16418 "-" "Mozilla/5.0 (compatible; Yahoo! Slurp/3.0; http://help.yahoo.com/help/us/ysearch/slurp)"
72.30.65.32 - - [09/Sep/2009:20:27:30 +0000] "GET /etiquetas/asia/ HTTP/1.0" 200 16418 "-" "Mozilla/5.0 (compatible; Yahoo! Slurp/3.0; http://help.yahoo.com/help/us/ysearch/slurp)"
72.30.65.32 - - [09/Sep/2009:20:35:22 +0000] "GET /english/tags/society/ HTTP/1.0" 200 16347 "-" "Mozilla/5.0 (compatible; Yahoo! Slurp/3.0; http://help.yahoo.com/help/us/ysearch/slurp)"
67.195.115.177 - - [09/Sep/2009:20:33:20 +0000] "GET / HTTP/1.0" 200 19462 "-" "Mozilla/5.0 (compatible; Yahoo! Slurp/3.0; http://help.yahoo.com/help/us/ysearch/slurp)"
72.30.65.32 - - [09/Sep/2009:20:36:05 +0000] "GET /english/tags/society/ HTTP/1.0" 200 16347 "-" "Mozilla/5.0 (compatible; Yahoo! Slurp/3.0; http://help.yahoo.com/help/us/ysearch/slurp)"
72.30.65.32 - - [09/Sep/2009:20:36:05 +0000] "GET /english/tags/society/ HTTP/1.0" 200 16347 "-" "Mozilla/5.0 (compatible; Yahoo! Slurp/3.0; http://help.yahoo.com/help/us/ysearch/slurp)"
67.195.115.177 - - [09/Sep/2009:20:40:02 +0000] "GET /?cat=5 HTTP/1.0" 301 - "-" "Mozilla/5.0 (compatible; Yahoo! Slurp/3.0; http://help.yahoo.com/help/us/ysearch/slurp)"
67.195.115.177 - - [09/Sep/2009:21:03:28 +0000] "GET /wp-content/themes/new-balance-of-blue/style.css HTTP/1.0" 304 - "http://blog.sabf.org.ar/etiquetas/icists/" "Mozilla/5.0 (compatible; Yahoo! Slurp/3.0; http://help.yahoo.com/help/us/ysearch/slurp)"
67.195.115.177 - - [09/Sep/2009:20:37:44 +0000] "GET /2009/07/04/%c2%bfque-piensan-los-participantes-del-sabf-2009-parte-ii/ HTTP/1.0" 200 23586 "-" "Mozilla/5.0 (compatible; Yahoo! Slurp/3.0; http://help.yahoo.com/help/us/ysearch/slurp)"
38.99.107.142 - - [09/Sep/2009:20:41:50 +0000] "GET /feed/ HTTP/1.1" 302 - "-" "Mozilla/5.0 (compatible; FriendFeedBot/0.1; +Http://friendfeed.com/about/bot; 27 subscribers; feed-id=1420604414828493376)"
67.195.115.177 - - [09/Sep/2009:20:41:13 +0000] "GET /?cat=5 HTTP/1.0" 301 - "-" "Mozilla/5.0 (compatible; Yahoo! Slurp/3.0; http://help.yahoo.com/help/us/ysearch/slurp)"
65.55.51.114 - - [09/Sep/2009:20:39:08 +0000] "GET /robots.txt HTTP/1.1" 200 73 "-" "msnbot/2.0b (+http://search.msn.com/msnbot.htm)"
67.195.115.177 - - [09/Sep/2009:20:42:58 +0000] "GET /etiquetas/facebook/feed/ HTTP/1.0" 302 - "-" "Mozilla/5.0 (compatible; Yahoo! Slurp/3.0; http://help.yahoo.com/help/us/ysearch/slurp)"
67.195.115.177 - - [09/Sep/2009:20:44:08 +0000] "GET /etiquetas/facebook/feed/ HTTP/1.0" 302 - "-" "Mozilla/5.0 (compatible; Yahoo! Slurp/3.0; http://help.yahoo.com/help/us/ysearch/slurp)"
66.249.71.244 - - [09/Sep/2009:20:41:22 +0000] "GET /english/2009/01/30/international-essay-competition-2009/ HTTP/1.1" 200 16036 "-" "Mozilla/5.0 (compatible; Googlebot/2.1; +http://www.google.com/bot.html)"
67.195.115.177 - - [09/Sep/2009:20:46:49 +0000] "GET /etiquetas/facebook/feed/ HTTP/1.0" 302 - "-" "Mozilla/5.0 (compatible; Yahoo! Slurp/3.0; http://help.yahoo.com/help/us/ysearch/slurp)"
67.195.115.177 - - [09/Sep/2009:20:45:25 +0000] "GET /etiquetas/facebook/feed/ HTTP/1.0" 302 - "-" "Mozilla/5.0 (compatible; Yahoo! Slurp/3.0; http://help.yahoo.com/help/us/ysearch/slurp)"
67.195.115.177 - - [09/Sep/2009:20:44:24 +0000] "GET /etiquetas/facebook/feed/ HTTP/1.0" 302 - "-" "Mozilla/5.0 (compatible; Yahoo! Slurp/3.0; http://help.yahoo.com/help/us/ysearch/slurp)"
67.195.115.177 - - [09/Sep/2009:20:46:35 +0000] "GET /etiquetas/facebook/feed/ HTTP/1.0" 302 - "-" "Mozilla/5.0 (compatible; Yahoo! Slurp/3.0; http://help.yahoo.com/help/us/ysearch/slurp)"
67.195.115.177 - - [09/Sep/2009:20:47:57 +0000] "GET /2008/07/03/enterate-lo-que-piensa-el-ceo-de-american-airlines/feed/ HTTP/1.0" 200 4560 "-" "Mozilla/5.0 (compatible; Yahoo! Slurp/3.0; http://help.yahoo.com/help/us/ysearch/slurp)"
74.125.44.136 - - [09/Sep/2009:20:49:17 +0000] "GET /english/categories/newsletter/feed/ HTTP/1.0" 200 7005 "-" "FeedBurner/1.0 (http://www.FeedBurner.com)"
66.249.71.244 - - [09/Sep/2009:20:47:59 +0000] "GET /english/2009/01/30/international-essay-competition-2009/ HTTP/1.1" 200 16036 "-" "Mozilla/5.0 (compatible; Googlebot/2.1; +http://www.google.com/bot.html)"
67.195.115.177 - - [09/Sep/2009:20:45:42 +0000] "GET /etiquetas/facebook/feed/ HTTP/1.0" 302 - "-" "Mozilla/5.0 (compatible; Yahoo! Slurp/3.0; http://help.yahoo.com/help/us/ysearch/slurp)"
67.195.115.177 - - [09/Sep/2009:20:50:12 +0000] "GET /2008/07/03/enterate-lo-que-piensa-el-ceo-de-american-airlines/feed/ HTTP/1.0" 200 4560 "-" "Mozilla/5.0 (compatible; Yahoo! Slurp/3.0; http://help.yahoo.com/help/us/ysearch/slurp)"
67.195.115.177 - - [09/Sep/2009:20:48:11 +0000] "GET /2008/07/03/enterate-lo-que-piensa-el-ceo-de-american-airlines/feed/ HTTP/1.0" 200 4560 "-" "Mozilla/5.0 (compatible; Yahoo! Slurp/3.0; http://help.yahoo.com/help/us/ysearch/slurp)"
67.195.115.177 - - [09/Sep/2009:20:49:13 +0000] "GET /2008/07/03/enterate-lo-que-piensa-el-ceo-de-american-airlines/feed/ HTTP/1.0" 200 4560 "-" "Mozilla/5.0 (compatible; Yahoo! Slurp/3.0; http://help.yahoo.com/help/us/ysearch/slurp)"
67.195.115.177 - - [09/Sep/2009:20:50:03 +0000] "GET /2008/07/03/enterate-lo-que-piensa-el-ceo-de-american-airlines/feed/ HTTP/1.0" 200 4560 "-" "Mozilla/5.0 (compatible; Yahoo! Slurp/3.0; http://help.yahoo.com/help/us/ysearch/slurp)"
74.125.44.136 - - [09/Sep/2009:20:52:55 +0000] "GET /english/categories/newsletter/feed/ HTTP/1.0" 200 7005 "-" "FeedBurner/1.0 (http://www.FeedBurner.com)"
67.195.115.177 - - [09/Sep/2009:20:58:38 +0000] "GET /etiquetas/ecuador/feed/ HTTP/1.0" 302 - "-" "Mozilla/5.0 (compatible; Yahoo! Slurp/3.0; http://help.yahoo.com/help/us/ysearch/slurp)"
216.129.119.13 - - [09/Sep/2009:20:55:20 +0000] "GET /?cat=3 HTTP/1.0" 301 - "-" "Mozilla/5.0 (Twiceler-0.9 http://www.cuil.com/twiceler/robot.html)"
67.195.115.177 - - [09/Sep/2009:20:56:14 +0000] "GET /2008/08/info@sabf.org.ar HTTP/1.0" 404 16235 "-" "Mozilla/5.0 (compatible; Yahoo! Slurp/3.0; http://help.yahoo.com/help/us/ysearch/slurp)"
67.195.115.177 - - [09/Sep/2009:20:57:34 +0000] "GET /etiquetas/ecuador/feed/ HTTP/1.0" 302 - "-" "Mozilla/5.0 (compatible; Yahoo! Slurp/3.0; http://help.yahoo.com/help/us/ysearch/slurp)"
67.195.115.177 - - [09/Sep/2009:20:57:14 +0000] "GET /etiquetas/ecuador/feed/ HTTP/1.0" 302 - "-" "Mozilla/5.0 (compatible; Yahoo! Slurp/3.0; http://help.yahoo.com/help/us/ysearch/slurp)"
74.125.44.136 - - [09/Sep/2009:20:56:14 +0000] "GET /categorias/newsletter/feed/ HTTP/1.0" 200 7081 "-" "FeedBurner/1.0 (http://www.FeedBurner.com)"
67.195.115.177 - - [09/Sep/2009:21:01:14 +0000] "GET /etiquetas/ecuador/feed/ HTTP/1.0" 302 - "-" "Mozilla/5.0 (compatible; Yahoo! Slurp/3.0; http://help.yahoo.com/help/us/ysearch/slurp)"
67.195.115.177 - - [09/Sep/2009:20:59:02 +0000] "GET /etiquetas/ecuador/feed/ HTTP/1.0" 302 - "-" "Mozilla/5.0 (compatible; Yahoo! Slurp/3.0; http://help.yahoo.com/help/us/ysearch/slurp)"
74.125.44.136 - - [09/Sep/2009:21:03:47 +0000] "GET /feed?cat=-99 HTTP/1.0" 301 - "-" "FeedBurner/1.0 (http://www.FeedBurner.com)"
216.129.119.13 - - [09/Sep/2009:21:00:47 +0000] "GET /2009/07/01/%c2%bfque-piensan-los-participantes-del-sabf-2009-parte-i/ HTTP/1.0" 200 26268 "-" "Mozilla/5.0 (Twiceler-0.9 http://www.cuil.com/twiceler/robot.html)"
72.14.199.5 - - [09/Sep/2009:21:05:07 +0000] "GET /english/feed/ HTTP/1.1" 302 - "-" "Feedfetcher-Google; (+http://www.google.com/feedfetcher.html; 3 subscribers; feed-id=1977097700070386572)"
67.195.115.177 - - [09/Sep/2009:21:04:18 +0000] "GET /2009/07/04/%c2%bfque-piensan-los-participantes-del-sabf-2009-parte-ii/feed/ HTTP/1.0" 200 883 "-" "Mozilla/5.0 (compatible; Yahoo! Slurp/3.0; http://help.yahoo.com/help/us/ysearch/slurp)"
66.249.71.244 - - [09/Sep/2009:21:05:01 +0000] "GET /english/2009/01/30/international-essay-competition-2009/ HTTP/1.1" 200 16036 "-" "Mozilla/5.0 (compatible; Googlebot/2.1; +http://www.google.com/bot.html)"
67.195.115.177 - - [09/Sep/2009:21:03:33 +0000] "GET /2008/08/page/2/ HTTP/1.0" 200 16465 "-" "Mozilla/5.0 (compatible; Yahoo! Slurp/3.0; http://help.yahoo.com/help/us/ysearch/slurp)"
216.129.119.13 - - [09/Sep/2009:21:12:42 +0000] "GET /?cat=99 HTTP/1.0" 301 - "-" "Mozilla/5.0 (Twiceler-0.9 http://www.cuil.com/twiceler/robot.html)"
209.13.158.17 - - [09/Sep/2009:21:04:13 +0000] "GET /english/2008/05/07/%C2%BFque-es-peru/ HTTP/1.0" 200 20062 "-" "Mozilla/5.0 (X11; U; Linux i686; en-US; rv:1.9.1.2) Gecko/20090729 Firefox/3.5.2"
65.55.51.114 - - [09/Sep/2009:21:08:44 +0000] "GET /robots.txt HTTP/1.1" 200 73 "-" "msnbot/2.0b (+http://search.msn.com/msnbot.htm)"
65.55.51.70 - - [09/Sep/2009:21:10:41 +0000] "GET /robots.txt HTTP/1.1" 200 73 "-" "msnbot/2.0b (+http://search.msn.com/msnbot.htm)"
67.195.115.177 - - [09/Sep/2009:21:08:45 +0000] "GET /2009/08/semeii@aareii.org.ar HTTP/1.0" 404 16239 "-" "Mozilla/5.0 (compatible; Yahoo! Slurp/3.0; http://help.yahoo.com/help/us/ysearch/slurp)"
67.195.115.177 - - [09/Sep/2009:21:08:44 +0000] "GET /2009/08/semeii@aareii.org.ar HTTP/1.0" 404 16239 "-" "Mozilla/5.0 (compatible; Yahoo! Slurp/3.0; http://help.yahoo.com/help/us/ysearch/slurp)"
67.195.115.177 - - [09/Sep/2009:21:11:52 +0000] "GET /2009/07/04/%c2%bfque-piensan-los-participantes-del-sabf-2009-parte-ii/feed/ HTTP/1.0" 200 883 "-" "Mozilla/5.0 (compatible; Yahoo! Slurp/3.0; http://help.yahoo.com/help/us/ysearch/slurp)"
67.195.115.177 - - [09/Sep/2009:21:09:59 +0000] "GET /2009/08/semeii@aareii.org.ar HTTP/1.0" 404 16239 "-" "Mozilla/5.0 (compatible; Yahoo! Slurp/3.0; http://help.yahoo.com/help/us/ysearch/slurp)"
72.14.199.5 - - [09/Sep/2009:21:12:42 +0000] "GET /feed/ HTTP/1.1" 302 - "-" "Feedfetcher-Google; (+http://www.google.com/feedfetcher.html; 9 subscribers; feed-id=3190491285033540935)"
67.195.115.177 - - [09/Sep/2009:21:38:29 +0000] "GET /etiquetas/blog/info@sabf.org.ar HTTP/1.0" 500 358 "-" "Mozilla/5.0 (compatible; Yahoo! Slurp/3.0; http://help.yahoo.com/help/us/ysearch/slurp)"
190.19.222.170 - - [09/Sep/2009:21:06:13 +0000] "GET /2008/03/26/%C2%BFgobierno-vs-el-campo-%C2%BF-o-gobierno-vs-argentina/ HTTP/1.1" 200 36170 "http://www.google.com.ar/url?sa=t&source=web&ct=res&cd=2&url=http%3A%2F%2Fblog.sabf.org.ar%2F2008%2F03%2F26%2F%25C2%25BFgobierno-vs-el-campo-%25C2%25BF-o-gobierno-vs-argentina%2F&ei=Ww2oSpXVF4moswOxudnJBQ&rct=j&q=el+campo&usg=AFQjCNEv6UKW6ZB6VeOZJJaHtRcUNJi9rw" "Mozilla/5.0 (Windows; U; Windows NT 5.1; es-ES; rv:1.8.1.20) Gecko/20081217 Firefox/2.0.0.20"
190.19.222.170 - - [09/Sep/2009:21:05:42 +0000] "GET /2008/03/26/%C2%BFgobierno-vs-el-campo-%C2%BF-o-gobierno-vs-argentina/ HTTP/1.1" 200 36170 "http://www.google.com.ar/url?sa=t&source=web&ct=res&cd=2&url=http%3A%2F%2Fblog.sabf.org.ar%2F2008%2F03%2F26%2F%25C2%25BFgobierno-vs-el-campo-%25C2%25BF-o-gobierno-vs-argentina%2F&ei=Ww2oSpXVF4moswOxudnJBQ&rct=j&q=el+campo&usg=AFQjCNEv6UKW6ZB6VeOZJJaHtRcUNJi9rw" "Mozilla/5.0 (Windows; U; Windows NT 5.1; es-ES; rv:1.8.1.20) Gecko/20081217 Firefox/2.0.0.20"
67.195.115.177 - - [09/Sep/2009:21:12:57 +0000] "GET /2008/04/27/el-sabf-en-los-medios-de-prensa-nacionales/comment-page-1/ HTTP/1.0" 200 16071 "-" "Mozilla/5.0 (compatible; Yahoo! Slurp/3.0; http://help.yahoo.com/help/us/ysearch/slurp)"
67.195.115.177 - - [09/Sep/2009:21:12:48 +0000] "GET /2008/04/27/el-sabf-en-los-medios-de-prensa-nacionales/comment-page-1/ HTTP/1.0" 200 16071 "-" "Mozilla/5.0 (compatible; Yahoo! Slurp/3.0; http://help.yahoo.com/help/us/ysearch/slurp)"
67.195.115.177 - - [09/Sep/2009:21:14:02 +0000] "GET /2009/08/25/primer-seminario-de-estudiantes-de-ingenieria-industrial/semeii@aareii.org.ar HTTP/1.0" 404 16299 "-" "Mozilla/5.0 (compatible; Yahoo! Slurp/3.0; http://help.yahoo.com/help/us/ysearch/slurp)"
67.195.115.177 - - [09/Sep/2009:21:14:11 +0000] "GET /2009/08/25/primer-seminario-de-estudiantes-de-ingenieria-industrial/semeii@aareii.org.ar HTTP/1.0" 404 16299 "-" "Mozilla/5.0 (compatible; Yahoo! Slurp/3.0; http://help.yahoo.com/help/us/ysearch/slurp)"
190.19.222.170 - - [09/Sep/2009:21:13:57 +0000] "GET /favicon.ico HTTP/1.1" 404 17266 "-" "Mozilla/5.0 (Windows; U; Windows NT 5.1; es-ES; rv:1.8.1.20) Gecko/20081217 Firefox/2.0.0.20"
67.195.115.177 - - [09/Sep/2009:21:14:41 +0000] "GET /2008/04/students@sabf.org.ar HTTP/1.0" 404 16239 "-" "Mozilla/5.0 (compatible; Yahoo! Slurp/3.0; http://help.yahoo.com/help/us/ysearch/slurp)"
67.195.115.177 - - [09/Sep/2009:21:18:45 +0000] "GET /2008/04/students@sabf.org.ar HTTP/1.0" 404 16239 "-" "Mozilla/5.0 (compatible; Yahoo! Slurp/3.0; http://help.yahoo.com/help/us/ysearch/slurp)"
67.195.115.177 - - [09/Sep/2009:21:20:06 +0000] "GET /etiquetas/english/feed/ HTTP/1.0" 302 - "-" "Mozilla/5.0 (compatible; Yahoo! Slurp/3.0; http://help.yahoo.com/help/us/ysearch/slurp)"
67.195.115.177 - - [09/Sep/2009:21:19:08 +0000] "GET /etiquetas/english/feed/ HTTP/1.0" 302 - "-" "Mozilla/5.0 (compatible; Yahoo! Slurp/3.0; http://help.yahoo.com/help/us/ysearch/slurp)"
67.195.115.177 - - [09/Sep/2009:21:19:43 +0000] "GET /2008/04/students@sabf.org.ar HTTP/1.0" 404 16239 "-" "Mozilla/5.0 (compatible; Yahoo! Slurp/3.0; http://help.yahoo.com/help/us/ysearch/slurp)"
67.195.115.177 - - [09/Sep/2009:21:20:19 +0000] "GET /2009/08/25/primer-seminario-de-estudiantes-de-ingenieria-industrial/semeii@aareii.org.ar HTTP/1.0" 404 16299 "-" "Mozilla/5.0 (compatible; Yahoo! Slurp/3.0; http://help.yahoo.com/help/us/ysearch/slurp)"
67.195.115.177 - - [09/Sep/2009:21:20:29 +0000] "GET /2009/08/25/primer-seminario-de-estudiantes-de-ingenieria-industrial/semeii@aareii.org.ar HTTP/1.0" 404 16299 "-" "Mozilla/5.0 (compatible; Yahoo! Slurp/3.0; http://help.yahoo.com/help/us/ysearch/slurp)"
201.255.88.56 - - [09/Sep/2009:21:22:17 +0000] "GET /favicon.ico HTTP/1.1" 404 8194 "http://ius-lex-xxi.blogspot.com/2009/08/derecho-romano-obra-juridica-del.html" "Mozilla/4.0 (compatible; MSIE 7.0; Windows NT 5.1; FunWebProducts; MSN Optimized;AR; GTB6; .NET CLR 2.0.50727; InfoPath.1; .NET CLR 3.0.4506.2152; .NET CLR 3.5.30729; OfficeLiveConnector.1.3; OfficeLivePatch.0.0)"
74.125.44.136 - - [09/Sep/2009:21:27:36 +0000] "GET /english/feed?cat=-42 HTTP/1.0" 301 - "-" "FeedBurner/1.0 (http://www.FeedBurner.com)"
67.195.115.177 - - [09/Sep/2009:21:26:01 +0000] "GET /2009/07/10/comunicado-oficial/ HTTP/1.0" 200 17651 "-" "Mozilla/5.0 (compatible; Yahoo! Slurp/3.0; http://help.yahoo.com/help/us/ysearch/slurp)"
72.30.65.32 - - [09/Sep/2009:21:26:14 +0000] "GET /2008/04/30/lang_esel-sabf-en-global-givinglang_eslang_enthe-sabf-in-global-givinglang_en/ HTTP/1.0" 200 16356 "-" "Mozilla/5.0 (compatible; Yahoo! Slurp/3.0; http://help.yahoo.com/help/us/ysearch/slurp)"
72.30.65.32 - - [09/Sep/2009:21:26:53 +0000] "GET /2008/04/30/lang_esel-sabf-en-global-givinglang_eslang_enthe-sabf-in-global-givinglang_en/ HTTP/1.0" 200 16356 "-" "Mozilla/5.0 (compatible; Yahoo! Slurp/3.0; http://help.yahoo.com/help/us/ysearch/slurp)"
67.195.115.177 - - [09/Sep/2009:21:55:19 +0000] "GET /wp-content/themes/new-balance-of-blue/style.css HTTP/1.0" 200 6735 "http://blog.sabf.org.ar/2009/02/14/mit-global-startup-workshop-2009/" "Mozilla/5.0 (compatible; Yahoo! Slurp/3.0; http://help.yahoo.com/help/us/ysearch/slurp)"
66.249.71.244 - - [09/Sep/2009:21:31:30 +0000] "GET /2009/06/17/v-congreso-internacional-de-la-iss-cultura-del-trabajo-jovenes-y-valores/ HTTP/1.1" 200 17767 "-" "Mozilla/5.0 (compatible; Googlebot/2.1; +http://www.google.com/bot.html)"
72.30.65.32 - - [09/Sep/2009:21:30:37 +0000] "GET /2008/04/30/lang_esel-sabf-en-global-givinglang_eslang_enthe-sabf-in-global-givinglang_en/ HTTP/1.0" 200 16356 "-" "Mozilla/5.0 (compatible; Yahoo! Slurp/3.0; http://help.yahoo.com/help/us/ysearch/slurp)"
69.63.178.250 - - [09/Sep/2009:21:30:35 +0000] "GET /feed HTTP/1.1" 301 - "-" "FacebookFeedParser/1.0 (UniversalFeedParser/4.1;) +http://facebook.com/"
