66.197.252.229 - - [28/May/2010:23:43:55 +0000] "POST http://66.197.252.229/a-poster/proxy.php HTTP/1.1" 301 249 "-" "Mozilla/4.0 (compatible; MSIE 6.0; Windows NT 5.1; SV1)"
66.197.252.229 - - [28/May/2010:23:43:55 +0000] "GET http://www.sabf.org.ar/a-poster/proxy.php HTTP/1.1" 404 9100 "-" "Mozilla/4.0 (compatible; MSIE 6.0; Windows NT 5.1; SV1)"
66.197.155.149 - - [28/May/2010:23:44:00 +0000] "POST http://66.197.155.149/a-poster/proxy.php HTTP/1.1" 301 249 "-" "Mozilla/4.0 (compatible; MSIE 6.0; Windows NT 5.1; SV1)"
66.197.155.149 - - [28/May/2010:23:44:00 +0000] "GET http://www.sabf.org.ar/a-poster/proxy.php HTTP/1.1" 404 9100 "-" "Mozilla/4.0 (compatible; MSIE 6.0; Windows NT 5.1; SV1)"
132.248.43.197 - - [28/May/2010:23:44:03 +0000] "GET /favicon.ico HTTP/1.1" 200 946 "-" "Mozilla/4.0 (compatible; MSIE 8.0; Windows NT 6.1; Trident/4.0; SLCC2; .NET CLR 2.0.50727; .NET CLR 3.5.30729; .NET CLR 3.0.30729; Media Center PC 6.0; Tablet PC 2.0)"
95.31.4.230 - - [28/May/2010:23:44:11 +0000] "GET http://novastat.ru/statistics/utils/is_anonymus.php?ip=95.31.4.230 HTTP/1.1" 301 278 "-" "Mozilla/5.0 (Windows; U; Windows NT 5.1; ru; rv:1.8.1.4) Gecko/20070515 Firefox/2.0.0.4, Mozilla/5.0 (Windows; U; Windows NT 5.1; ru; rv:1.8.1.4) Gecko/20070515 Firefox/2.0.0.4, Mozilla/5.0 (Windows; U; Windows NT 5.1; ru; rv:1.8.1.4) Gecko/20070515 Firefox/2.0.0.4, Mozilla/5.0 (Windows; U; Windows NT 5.1; ru; rv:1.8.1.4) Gecko/20070515 Firefox/2.0.0.4, Mozilla/5.0 (Windows; U; Windows NT 5.1; ru; rv:1.8.1.4) Gecko/20070515 Firefox/2.0.0.4, Mozilla/5.0 (Windows; U; Windows NT 5.1; ru; rv:1.8.1.4) Gecko/20070515 Firefox/2.0.0.4, Mozilla/5.0 (Windows; U; Windows NT 5.1; ru; rv:1.8.1.4) Gecko/20070515 Firefox/2.0.0.4, Mozilla/5.0 (Windows; U; Windows NT 5.1; ru; rv:1.8.1.4) Gecko/20070515 Firefox/2.0.0.4, Mozilla/5.0 (Windows; U; Windows NT 5.1; ru; rv:1.8.1.4) Gecko/20070515 Firefox/2.0.0.4, Mozilla/5.0 (Windows; U; Windows NT 5.1; ru; rv:1.8.1.4) Gecko/20070515 Firefox/2.0.0.4, Mozilla/5.0 (Windows; U; Windows NT 5.1; ru; rv:1.8.1.4) Gecko/20070515 Firefox/2.0.0.4, Mozilla/5.0 (Windows; U; Windows NT 5.1; ru; rv:1.8.1.4) Gecko/20070515 Firefox/2.0.0.4, Mozilla/5.0 (Windows; U; Windows NT 5.1; ru; rv:1.8.1.4) Gecko/20070515 Firefox/2.0.0.4, Mozilla/5.0 (Windows; U; Windows NT 5.1; ru; rv:1.8.1.4) Gecko/20070515 Firefox/2.0.0.4, Mozilla/5.0 (Windows; U; Windows NT 5.1; ru; rv:1.8.1.4) Gecko/20070515 Firefox/2.0.0.4, Mozilla/5.0 (Windows; U; Windows NT 5.1; ru; rv:1.8.1.4) Gecko/20070515 Firefox/2.0.0.4, Mozilla/5.0 (Windows; U; Windows NT 5.1; ru; rv:1.8.1.4) Gecko/20070515 Firefox/2.0.0.4, Mozilla/5.0 (Windows; U; Windows NT 5.1; ru; rv:1.8.1.4) Gecko/20070515 Firefox/2.0.0.4, Mozilla/5.0 (Windows; U; Windows NT 5.1; ru; rv:1.8.1.4) Gecko/20070515 Firefox/2.0.0.4, Mozilla/5.0 (Windows; U; Windows NT 5.1; ru; rv:1.8.1.4) Gecko/20070515 Firefox/2.0.0.4, Mozilla/5.0 (Windows; U; Windows NT 5.1; ru; rv:1.8.1.4) Gecko/20070515 Firefox/2.0.0.4"
64.120.153.21 - - [28/May/2010:23:45:40 +0000] "POST http://64.120.153.21/a-poster/proxy.php HTTP/1.1" 301 249 "-" "Mozilla/4.0 (compatible; MSIE 6.0; Windows NT 5.1; SV1)"
64.120.153.21 - - [28/May/2010:23:45:43 +0000] "GET http://www.sabf.org.ar/a-poster/proxy.php HTTP/1.1" 404 9100 "-" "Mozilla/4.0 (compatible; MSIE 6.0; Windows NT 5.1; SV1)"
69.163.34.94 - - [28/May/2010:23:45:58 +0000] "POST http://nudeteensextube.com/proxy5/check.php HTTP/1.1" 301 247 "http://5cfe9b8fb1/" "Mozilla/4.0 (compatible; MSIE 6.0; Windows NT 5.1; SV1)"
87.117.198.178 - - [28/May/2010:23:46:18 +0000] "POST http://maxhosted.com/proxy5/check.php HTTP/1.1" 301 247 "http://83dd3f9f97/" "Mozilla/4.0 (compatible; MSIE 6.0; Windows NT 5.1; SV1)"
66.197.252.229 - - [28/May/2010:23:47:06 +0000] "POST http://66.197.252.229/a-poster/proxy.php HTTP/1.1" 301 249 "-" "Mozilla/4.0 (compatible; MSIE 6.0; Windows NT 5.1; SV1)"
66.197.252.229 - - [28/May/2010:23:47:06 +0000] "GET http://www.sabf.org.ar/a-poster/proxy.php HTTP/1.1" 404 9100 "-" "Mozilla/4.0 (compatible; MSIE 6.0; Windows NT 5.1; SV1)"
66.249.65.101 - - [28/May/2010:23:47:47 +0000] "GET /forum HTTP/1.1" 500 3621 "-" "Mozilla/5.0 (compatible; Googlebot/2.1; +http://www.google.com/bot.html)"
66.249.65.101 - - [28/May/2010:23:48:05 +0000] "GET /speakers HTTP/1.1" 500 2338 "-" "Mozilla/5.0 (compatible; Googlebot/2.1; +http://www.google.com/bot.html)"
66.249.65.101 - - [28/May/2010:23:48:26 +0000] "GET /supporters HTTP/1.1" 500 3370 "-" "Mozilla/5.0 (compatible; Googlebot/2.1; +http://www.google.com/bot.html)"
186.9.129.2 - - [28/May/2010:23:49:14 +0000] "GET /favicon.ico HTTP/1.1" 200 946 "-" "Mozilla/5.0 (Windows; U; Windows NT 5.1; en-US) AppleWebKit/532.5 (KHTML, like Gecko) Chrome/4.1.249.1064 Safari/532.5"
64.120.153.21 - - [28/May/2010:23:49:35 +0000] "POST http://64.120.153.21/a-poster/proxy.php HTTP/1.1" 301 249 "-" "Mozilla/4.0 (compatible; MSIE 6.0; Windows NT 5.1; SV1)"
64.120.153.21 - - [28/May/2010:23:49:36 +0000] "GET http://www.sabf.org.ar/a-poster/proxy.php HTTP/1.1" 404 9100 "-" "Mozilla/4.0 (compatible; MSIE 6.0; Windows NT 5.1; SV1)"
66.197.252.229 - - [28/May/2010:23:50:13 +0000] "POST http://66.197.252.229/a-poster/proxy.php HTTP/1.1" 301 249 "-" "Mozilla/4.0 (compatible; MSIE 6.0; Windows NT 5.1; SV1)"
66.197.252.229 - - [28/May/2010:23:50:14 +0000] "GET http://www.sabf.org.ar/a-poster/proxy.php HTTP/1.1" 404 9100 "-" "Mozilla/4.0 (compatible; MSIE 6.0; Windows NT 5.1; SV1)"
124.115.4.203 - - [28/May/2010:23:52:14 +0000] "GET /media-en/media-2009 HTTP/1.1" 500 2695 "-" "Sosospider+(+http://help.soso.com/webspider.htm)"
64.120.153.21 - - [28/May/2010:23:52:41 +0000] "POST http://64.120.153.21/a-poster/proxy.php HTTP/1.1" 301 249 "-" "Mozilla/4.0 (compatible; MSIE 6.0; Windows NT 5.1; SV1)"
64.120.153.21 - - [28/May/2010:23:52:41 +0000] "GET http://www.sabf.org.ar/a-poster/proxy.php HTTP/1.1" 404 9100 "-" "Mozilla/4.0 (compatible; MSIE 6.0; Windows NT 5.1; SV1)"
66.197.155.149 - - [28/May/2010:23:55:10 +0000] "POST http://66.197.155.149/a-poster/proxy.php HTTP/1.1" 301 249 "-" "Mozilla/4.0 (compatible; MSIE 6.0; Windows NT 5.1; SV1)"
66.197.155.149 - - [28/May/2010:23:55:10 +0000] "GET http://www.sabf.org.ar/a-poster/proxy.php HTTP/1.1" 404 9100 "-" "Mozilla/4.0 (compatible; MSIE 6.0; Windows NT 5.1; SV1)"
64.120.153.21 - - [28/May/2010:23:56:08 +0000] "POST http://64.120.153.21/a-poster/proxy.php HTTP/1.1" 301 249 "-" "Mozilla/4.0 (compatible; MSIE 6.0; Windows NT 5.1; SV1)"
64.120.153.21 - - [28/May/2010:23:56:08 +0000] "GET http://www.sabf.org.ar/a-poster/proxy.php HTTP/1.1" 404 9100 "-" "Mozilla/4.0 (compatible; MSIE 6.0; Windows NT 5.1; SV1)"
87.117.198.178 - - [28/May/2010:23:56:38 +0000] "POST http://maxhosted.com/proxy5/check.php HTTP/1.1" 301 247 "http://6d3a2d24eb/" "Mozilla/4.0 (compatible; MSIE 6.0; Windows NT 5.1; SV1)"
125.45.109.166 - - [29/May/2010:00:00:14 +0000] "GET http://proxyjudge1.proxyfire.net/fastenv HTTP/1.1" 301 238 "-" "Mozilla/4.0 (compatible; MSIE 6.0; Windows NT 5.1)"
190.223.55.3 - - [29/May/2010:00:01:15 +0000] "GET / HTTP/1.1" 200 4381 "http://www.google.com.pe/url?sa=t&source=web&ct=res&cd=1&ved=0CBcQFjAA&url=http%3A%2F%2Fwww.sabf.org.ar%2F&rct=j&q=SABF&ei=SFkATMTQJIKC8gac7Y3aDQ&usg=AFQjCNFkhjDSPAwzDewFSfO6yBF7zr7uug" "Mozilla/4.0 (compatible; MSIE 8.0; Windows NT 6.0; Trident/4.0; SLCC1; .NET CLR 2.0.50727; .NET CLR 3.5.30729; .NET CLR 3.0.30729; InfoPath.2)"
190.223.55.3 - - [29/May/2010:00:01:15 +0000] "GET /assets/templates/sabf/screen.css HTTP/1.1" 200 13717 "http://www.sabf.org.ar/" "Mozilla/4.0 (compatible; MSIE 8.0; Windows NT 6.0; Trident/4.0; SLCC1; .NET CLR 2.0.50727; .NET CLR 3.5.30729; .NET CLR 3.0.30729; InfoPath.2)"
190.223.55.3 - - [29/May/2010:00:01:15 +0000] "GET /assets/templates/sabf/print.css HTTP/1.1" 200 2031 "http://www.sabf.org.ar/" "Mozilla/4.0 (compatible; MSIE 8.0; Windows NT 6.0; Trident/4.0; SLCC1; .NET CLR 2.0.50727; .NET CLR 3.5.30729; .NET CLR 3.0.30729; InfoPath.2)"
190.223.55.3 - - [29/May/2010:00:01:16 +0000] "GET /assets/templates/sabf/ie.css HTTP/1.1" 200 1861 "http://www.sabf.org.ar/" "Mozilla/4.0 (compatible; MSIE 8.0; Windows NT 6.0; Trident/4.0; SLCC1; .NET CLR 2.0.50727; .NET CLR 3.5.30729; .NET CLR 3.0.30729; InfoPath.2)"
190.223.55.3 - - [29/May/2010:00:01:16 +0000] "GET /assets/images/logo_sabf.png HTTP/1.1" 200 5877 "http://www.sabf.org.ar/" "Mozilla/4.0 (compatible; MSIE 8.0; Windows NT 6.0; Trident/4.0; SLCC1; .NET CLR 2.0.50727; .NET CLR 3.5.30729; .NET CLR 3.0.30729; InfoPath.2)"
190.223.55.3 - - [29/May/2010:00:01:16 +0000] "GET /assets/images/fechaesp.png HTTP/1.1" 200 7156 "http://www.sabf.org.ar/" "Mozilla/4.0 (compatible; MSIE 8.0; Windows NT 6.0; Trident/4.0; SLCC1; .NET CLR 2.0.50727; .NET CLR 3.5.30729; .NET CLR 3.0.30729; InfoPath.2)"
190.223.55.3 - - [29/May/2010:00:01:16 +0000] "GET /assets/templates/sabf/bgMenu.gif HTTP/1.1" 200 1020 "http://www.sabf.org.ar/" "Mozilla/4.0 (compatible; MSIE 8.0; Windows NT 6.0; Trident/4.0; SLCC1; .NET CLR 2.0.50727; .NET CLR 3.5.30729; .NET CLR 3.0.30729; InfoPath.2)"
190.223.55.3 - - [29/May/2010:00:01:16 +0000] "GET /assets/templates/sabf/callto_fondo2.png HTTP/1.1" 200 2826 "http://www.sabf.org.ar/" "Mozilla/4.0 (compatible; MSIE 8.0; Windows NT 6.0; Trident/4.0; SLCC1; .NET CLR 2.0.50727; .NET CLR 3.5.30729; .NET CLR 3.0.30729; InfoPath.2)"
190.223.55.3 - - [29/May/2010:00:01:16 +0000] "GET /assets/images/sabf_home_00.jpg HTTP/1.1" 200 234957 "http://www.sabf.org.ar/" "Mozilla/4.0 (compatible; MSIE 8.0; Windows NT 6.0; Trident/4.0; SLCC1; .NET CLR 2.0.50727; .NET CLR 3.5.30729; .NET CLR 3.0.30729; InfoPath.2)"
190.223.55.3 - - [29/May/2010:00:01:17 +0000] "GET /favicon.ico HTTP/1.1" 200 946 "-" "Mozilla/4.0 (compatible; MSIE 8.0; Windows NT 6.0; Trident/4.0; SLCC1; .NET CLR 2.0.50727; .NET CLR 3.5.30729; .NET CLR 3.0.30729; InfoPath.2)"
212.95.54.122 - - [29/May/2010:00:01:25 +0000] "POST http://89.149.244.240/a-poster/proxy.php HTTP/1.1" 301 249 "-" "Mozilla/4.0 (compatible; MSIE 6.0; Windows NT 5.1; SV1)"
212.95.54.122 - - [29/May/2010:00:01:26 +0000] "GET http://www.sabf.org.ar/a-poster/proxy.php HTTP/1.1" 404 9100 "-" "Mozilla/4.0 (compatible; MSIE 6.0; Windows NT 5.1; SV1)"
64.120.153.21 - - [29/May/2010:00:02:07 +0000] "POST http://64.120.153.21/a-poster/proxy.php HTTP/1.1" 301 249 "-" "Mozilla/4.0 (compatible; MSIE 6.0; Windows NT 5.1; SV1)"
64.120.153.21 - - [29/May/2010:00:02:07 +0000] "GET http://www.sabf.org.ar/a-poster/proxy.php HTTP/1.1" 404 9100 "-" "Mozilla/4.0 (compatible; MSIE 6.0; Windows NT 5.1; SV1)"
72.232.173.194 - - [29/May/2010:00:05:21 +0000] "POST http://72.232.173.194/ff.php HTTP/1.0" 301 237 "-" "Mozilla/4.0 (compatible; MSIE 6.0; Windows NT 5.1)"
72.232.173.194 - - [29/May/2010:00:05:21 +0000] "GET http://www.sabf.org.ar/ff.php HTTP/1.0" 404 2552 "-" "Mozilla/4.0 (compatible; MSIE 6.0; Windows NT 5.1)"
66.197.252.229 - - [29/May/2010:00:05:56 +0000] "POST http://66.197.252.229/a-poster/proxy.php HTTP/1.1" 301 249 "-" "Mozilla/4.0 (compatible; MSIE 6.0; Windows NT 5.1; SV1)"
66.197.252.229 - - [29/May/2010:00:05:57 +0000] "GET http://www.sabf.org.ar/a-poster/proxy.php HTTP/1.1" 404 9100 "-" "Mozilla/4.0 (compatible; MSIE 6.0; Windows NT 5.1; SV1)"
87.117.198.178 - - [29/May/2010:00:06:19 +0000] "POST http://maxhosted.com/proxy5/check.php HTTP/1.1" 301 247 "http://333cb763fa/" "Mozilla/4.0 (compatible; MSIE 6.0; Windows NT 5.1; SV1)"
66.197.155.149 - - [29/May/2010:00:06:31 +0000] "POST http://66.197.155.149/a-poster/proxy.php HTTP/1.1" 301 249 "-" "Mozilla/4.0 (compatible; MSIE 6.0; Windows NT 5.1; SV1)"
66.197.155.149 - - [29/May/2010:00:06:31 +0000] "GET http://www.sabf.org.ar/a-poster/proxy.php HTTP/1.1" 404 9100 "-" "Mozilla/4.0 (compatible; MSIE 6.0; Windows NT 5.1; SV1)"
82.103.128.170 - - [29/May/2010:00:07:13 +0000] "GET http://82.103.128.170:80/judge.php HTTP/1.0" 301 240 "-" "MSIE 6.0"
207.46.13.88 - - [29/May/2010:00:07:52 +0000] "GET /foro HTTP/1.0" 500 10019 "-" "msnbot/2.0b (+http://search.msn.com/msnbot.htm)"
64.120.153.21 - - [29/May/2010:00:08:22 +0000] "POST http://64.120.153.21/a-poster/proxy.php HTTP/1.1" 301 249 "-" "Mozilla/4.0 (compatible; MSIE 6.0; Windows NT 5.1; SV1)"
64.120.153.21 - - [29/May/2010:00:08:23 +0000] "GET http://www.sabf.org.ar/a-poster/proxy.php HTTP/1.1" 404 9100 "-" "Mozilla/4.0 (compatible; MSIE 6.0; Windows NT 5.1; SV1)"
66.249.65.73 - - [29/May/2010:00:09:36 +0000] "GET /about-us/delegates HTTP/1.1" 301 249 "-" "Mozilla/5.0 (compatible; Googlebot/2.1; +http://www.google.com/bot.html)"
66.249.65.106 - - [29/May/2010:00:09:37 +0000] "GET /about-us/delegates HTTP/1.1" 500 6396 "-" "Mozilla/5.0 (compatible; Googlebot/2.1; +http://www.google.com/bot.html)"
207.46.204.192 - - [29/May/2010:00:09:51 +0000] "GET /preguntas-frecuentes HTTP/1.0" 500 11376 "-" "msnbot/2.0b (+http://search.msn.com/msnbot.htm)"
66.197.155.149 - - [29/May/2010:00:09:57 +0000] "POST http://66.197.155.149/a-poster/proxy.php HTTP/1.1" 301 249 "-" "Mozilla/4.0 (compatible; MSIE 6.0; Windows NT 5.1; SV1)"
66.197.155.149 - - [29/May/2010:00:09:57 +0000] "GET http://www.sabf.org.ar/a-poster/proxy.php HTTP/1.1" 404 9100 "-" "Mozilla/4.0 (compatible; MSIE 6.0; Windows NT 5.1; SV1)"
109.87.45.228 - - [29/May/2010:00:11:15 +0000] "POST http://109.87.45.228/max/aposter/proxy.php HTTP/1.1" 301 252 "-" "Mozilla/4.0 (compatible; MSIE 6.0; Windows NT 5.1; SV1)"
109.87.45.228 - - [29/May/2010:00:11:15 +0000] "GET http://www.sabf.org.ar/max/aposter/proxy.php HTTP/1.1" 404 9100 "-" "Mozilla/4.0 (compatible; MSIE 6.0; Windows NT 5.1; SV1)"
64.120.153.21 - - [29/May/2010:00:11:25 +0000] "POST http://64.120.153.21/a-poster/proxy.php HTTP/1.1" 301 249 "-" "Mozilla/4.0 (compatible; MSIE 6.0; Windows NT 5.1; SV1)"
64.120.153.21 - - [29/May/2010:00:11:25 +0000] "GET http://www.sabf.org.ar/a-poster/proxy.php HTTP/1.1" 404 9100 "-" "Mozilla/4.0 (compatible; MSIE 6.0; Windows NT 5.1; SV1)"
87.117.198.178 - - [29/May/2010:00:16:18 +0000] "POST http://maxhosted.com/proxy5/check.php HTTP/1.1" 301 247 "http://d5da28d486/" "Mozilla/4.0 (compatible; MSIE 6.0; Windows NT 5.1; SV1)"
66.197.252.229 - - [29/May/2010:00:16:43 +0000] "POST http://66.197.252.229/a-poster/proxy.php HTTP/1.1" 301 249 "-" "Mozilla/4.0 (compatible; MSIE 6.0; Windows NT 5.1; SV1)"
66.197.252.229 - - [29/May/2010:00:16:43 +0000] "GET http://www.sabf.org.ar/a-poster/proxy.php HTTP/1.1" 404 9100 "-" "Mozilla/4.0 (compatible; MSIE 6.0; Windows NT 5.1; SV1)"
207.46.195.230 - - [29/May/2010:00:17:23 +0000] "GET /supporters HTTP/1.0" 500 14515 "-" "msnbot/2.0b (+http://search.msn.com/msnbot.htm)"
64.120.153.21 - - [29/May/2010:00:18:41 +0000] "POST http://64.120.153.21/a-poster/proxy.php HTTP/1.1" 301 249 "-" "Mozilla/4.0 (compatible; MSIE 6.0; Windows NT 5.1; SV1)"
64.120.153.21 - - [29/May/2010:00:18:41 +0000] "GET http://www.sabf.org.ar/a-poster/proxy.php HTTP/1.1" 404 9100 "-" "Mozilla/4.0 (compatible; MSIE 6.0; Windows NT 5.1; SV1)"
69.10.34.10 - - [29/May/2010:00:19:20 +0000] "GET http://invite-vk.com/modules/proxy_checker.php?a=result&id=8834 HTTP/1.1" 301 277 "-" "-"
212.95.54.122 - - [29/May/2010:00:20:12 +0000] "POST http://89.149.244.240/a-poster/proxy.php HTTP/1.1" 301 249 "-" "Mozilla/4.0 (compatible; MSIE 6.0; Windows NT 5.1; SV1)"
212.95.54.122 - - [29/May/2010:00:20:13 +0000] "GET http://www.sabf.org.ar/a-poster/proxy.php HTTP/1.1" 404 9100 "-" "Mozilla/4.0 (compatible; MSIE 6.0; Windows NT 5.1; SV1)"
64.120.153.21 - - [29/May/2010:00:21:30 +0000] "POST http://64.120.153.21/a-poster/proxy.php HTTP/1.1" 301 249 "-" "Mozilla/4.0 (compatible; MSIE 6.0; Windows NT 5.1; SV1)"
64.120.153.21 - - [29/May/2010:00:21:30 +0000] "GET http://www.sabf.org.ar/a-poster/proxy.php HTTP/1.1" 404 9100 "-" "Mozilla/4.0 (compatible; MSIE 6.0; Windows NT 5.1; SV1)"
66.197.252.229 - - [29/May/2010:00:23:12 +0000] "POST http://66.197.252.229/a-poster/proxy.php HTTP/1.1" 301 249 "-" "Mozilla/4.0 (compatible; MSIE 6.0; Windows NT 5.1; SV1)"
66.197.252.229 - - [29/May/2010:00:23:12 +0000] "GET http://www.sabf.org.ar/a-poster/proxy.php HTTP/1.1" 404 9100 "-" "Mozilla/4.0 (compatible; MSIE 6.0; Windows NT 5.1; SV1)"
130.89.1.165 - - [29/May/2010:00:23:54 +0000] "HEAD / HTTP/1.1" 200 - "-" "Consilio/3.00.50 (WebHare Application Portal; LinkChecker)"
74.125.126.82 - - [29/May/2010:00:24:52 +0000] "GET / HTTP/1.1" 200 1741 "-" "Feedfetcher-Google; (+http://www.google.com/feedfetcher.html; feed-id=2069351462614732613)"
87.117.198.178 - - [29/May/2010:00:26:46 +0000] "POST http://maxhosted.com/proxy5/check.php HTTP/1.1" 301 247 "http://0007cda84f/" "Mozilla/4.0 (compatible; MSIE 6.0; Windows NT 5.1; SV1)"
82.103.128.170 - - [29/May/2010:00:26:51 +0000] "GET http://82.103.128.170:80/judge.php HTTP/1.0" 301 240 "-" "MSIE 6.0"
66.197.252.229 - - [29/May/2010:00:27:04 +0000] "POST http://66.197.252.229/a-poster/proxy.php HTTP/1.1" 301 249 "-" "Mozilla/4.0 (compatible; MSIE 6.0; Windows NT 5.1; SV1)"
66.197.252.229 - - [29/May/2010:00:27:04 +0000] "GET http://www.sabf.org.ar/a-poster/proxy.php HTTP/1.1" 404 9100 "-" "Mozilla/4.0 (compatible; MSIE 6.0; Windows NT 5.1; SV1)"
94.102.51.196 - - [29/May/2010:00:27:15 +0000] "POST http://alyssafan.net/Chpr.php HTTP/1.0" 301 239 "-" "Mozilla/4.0 (compatible; MSIE 6.0; Windows NT 5.1)"
94.102.51.196 - - [29/May/2010:00:27:15 +0000] "GET http://www.sabf.org.ar/Chpr.php HTTP/1.0" 404 2552 "-" "Mozilla/4.0 (compatible; MSIE 6.0; Windows NT 5.1)"
64.120.153.21 - - [29/May/2010:00:28:13 +0000] "POST http://64.120.153.21/a-poster/proxy.php HTTP/1.1" 301 249 "-" "Mozilla/4.0 (compatible; MSIE 6.0; Windows NT 5.1; SV1)"
64.120.153.21 - - [29/May/2010:00:28:13 +0000] "GET http://www.sabf.org.ar/a-poster/proxy.php HTTP/1.1" 404 9100 "-" "Mozilla/4.0 (compatible; MSIE 6.0; Windows NT 5.1; SV1)"
109.87.7.115 - - [29/May/2010:00:28:25 +0000] "GET http://91.207.7.86/prox/eng.php HTTP/1.0" 301 243 "http://91.207.7.86/prox/eng.php" "Mozilla/4.0 (compatible; MSIE 6.0; Windows 98; Win 9x 4.90)"
69.10.34.10 - - [29/May/2010:00:29:26 +0000] "GET http://invite-vk.com/modules/proxy_checker.php?a=result&id=8865 HTTP/1.1" 301 277 "-" "-"
85.17.165.132 - - [29/May/2010:00:29:48 +0000] "POST http://gygx.com/info.php HTTP/1.1" 301 239 "proxy_test_referer" "Mozilla/4.0 (compatible; MSIE 6.0; Windows NT 5.0)"
85.17.165.132 - - [29/May/2010:00:29:48 +0000] "GET http://www.sabf.org.ar/info.php HTTP/1.1" 404 9100 "proxy_test_referer" "Mozilla/4.0 (compatible; MSIE 6.0; Windows NT 5.0)"
69.10.34.10 - - [29/May/2010:00:31:09 +0000] "GET http://invite-vk.com/modules/proxy_checker.php?a=result&id=8865 HTTP/1.1" 301 277 "-" "-"
64.120.153.21 - - [29/May/2010:00:31:16 +0000] "POST http://64.120.153.21/a-poster/proxy.php HTTP/1.1" 301 249 "-" "Mozilla/4.0 (compatible; MSIE 6.0; Windows NT 5.1; SV1)"
64.120.153.21 - - [29/May/2010:00:31:16 +0000] "GET http://www.sabf.org.ar/a-poster/proxy.php HTTP/1.1" 404 9100 "-" "Mozilla/4.0 (compatible; MSIE 6.0; Windows NT 5.1; SV1)"
216.129.119.43 - - [29/May/2010:00:31:32 +0000] "GET /foro/nuevos-paradigmas-nuevos-desafios HTTP/1.1" 404 2552 "-" "Mozilla/5.0 (Twiceler-0.9 http://www.cuil.com/twiceler/robot.html)"
66.197.252.229 - - [29/May/2010:00:31:40 +0000] "POST http://66.197.252.229/a-poster/proxy.php HTTP/1.1" 301 249 "-" "Mozilla/4.0 (compatible; MSIE 6.0; Windows NT 5.1; SV1)"
66.197.252.229 - - [29/May/2010:00:31:40 +0000] "GET http://www.sabf.org.ar/a-poster/proxy.php HTTP/1.1" 404 9100 "-" "Mozilla/4.0 (compatible; MSIE 6.0; Windows NT 5.1; SV1)"
109.87.7.115 - - [29/May/2010:00:32:26 +0000] "GET http://91.207.7.86/prox/eng.php HTTP/1.0" 301 243 "http://91.207.7.86/prox/eng.php" "Mozilla/4.0 (compatible; MSIE 6.0; Windows 98; Win 9x 4.90)"
190.158.13.56 - - [29/May/2010:00:34:07 +0000] "GET /favicon.ico HTTP/1.1" 200 946 "-" "Mozilla/4.0 (compatible; MSIE 7.0; Windows NT 6.0; GTB6.5; SLCC1; .NET CLR 2.0.50727; .NET CLR 3.5.30729; .NET CLR 3.0.30618; InfoPath.2)"
66.197.252.229 - - [29/May/2010:00:35:17 +0000] "POST http://66.197.252.229/a-poster/proxy.php HTTP/1.1" 301 249 "-" "Mozilla/4.0 (compatible; MSIE 6.0; Windows NT 5.1; SV1)"
66.197.252.229 - - [29/May/2010:00:35:17 +0000] "GET http://www.sabf.org.ar/a-poster/proxy.php HTTP/1.1" 404 9100 "-" "Mozilla/4.0 (compatible; MSIE 6.0; Windows NT 5.1; SV1)"
72.232.173.194 - - [29/May/2010:00:36:13 +0000] "POST http://72.232.173.194/ff.php HTTP/1.0" 301 237 "-" "Mozilla/4.0 (compatible; MSIE 6.0; Windows NT 5.1)"
72.232.173.194 - - [29/May/2010:00:36:13 +0000] "GET http://www.sabf.org.ar/ff.php HTTP/1.0" 404 2552 "-" "Mozilla/4.0 (compatible; MSIE 6.0; Windows NT 5.1)"
87.117.198.178 - - [29/May/2010:00:36:20 +0000] "POST http://maxhosted.com/proxy5/check.php HTTP/1.1" 301 247 "http://dbab2adc8f/" "Mozilla/4.0 (compatible; MSIE 6.0; Windows NT 5.1; SV1)"
124.115.0.169 - - [29/May/2010:00:36:28 +0000] "GET /forum/past-editions/2009 HTTP/1.1" 500 3072 "-" "Sosospider+(+http://help.soso.com/webspider.htm)"
64.120.153.21 - - [29/May/2010:00:37:19 +0000] "POST http://64.120.153.21/a-poster/proxy.php HTTP/1.1" 301 249 "-" "Mozilla/4.0 (compatible; MSIE 6.0; Windows NT 5.1; SV1)"
64.120.153.21 - - [29/May/2010:00:37:19 +0000] "GET http://www.sabf.org.ar/a-poster/proxy.php HTTP/1.1" 404 9100 "-" "Mozilla/4.0 (compatible; MSIE 6.0; Windows NT 5.1; SV1)"
66.197.155.149 - - [29/May/2010:00:38:07 +0000] "POST http://66.197.155.149/a-poster/proxy.php HTTP/1.1" 301 249 "-" "Mozilla/4.0 (compatible; MSIE 6.0; Windows NT 5.1; SV1)"
66.197.155.149 - - [29/May/2010:00:38:08 +0000] "GET http://www.sabf.org.ar/a-poster/proxy.php HTTP/1.1" 404 9100 "-" "Mozilla/4.0 (compatible; MSIE 6.0; Windows NT 5.1; SV1)"
82.146.53.138 - - [29/May/2010:00:38:50 +0000] "GET http://all3stuff.net/receiver.php HTTP/1.1" 301 243 "http://www.microsoft.com" "Mozilla/4.0 (compatible; MSIE 6.0; Windows NT 5.1; SV1)"
82.146.53.138 - - [29/May/2010:00:38:50 +0000] "GET http://www.sabf.org.ar/receiver.php HTTP/1.1" 404 9100 "http://www.microsoft.com" "Mozilla/4.0 (compatible; MSIE 6.0; Windows NT 5.1; SV1)"
212.95.54.122 - - [29/May/2010:00:39:02 +0000] "POST http://89.149.244.240/a-poster/proxy.php HTTP/1.1" 301 249 "-" "Mozilla/4.0 (compatible; MSIE 6.0; Windows NT 5.1; SV1)"
212.95.54.122 - - [29/May/2010:00:39:02 +0000] "GET http://www.sabf.org.ar/a-poster/proxy.php HTTP/1.1" 404 9100 "-" "Mozilla/4.0 (compatible; MSIE 6.0; Windows NT 5.1; SV1)"
69.163.34.94 - - [29/May/2010:00:39:03 +0000] "POST http://nudeteensextube.com/proxy5/check.php HTTP/1.1" 301 247 "http://2192890582/" "Mozilla/4.0 (compatible; MSIE 6.0; Windows NT 5.1; SV1)"
69.163.34.94 - - [29/May/2010:00:39:20 +0000] "POST http://nudeteensextube.com/proxy5/check.php HTTP/1.1" 301 247 "http://b8dd669b1a/" "Mozilla/4.0 (compatible; MSIE 6.0; Windows NT 5.1; SV1)"
207.46.199.198 - - [29/May/2010:00:41:42 +0000] "GET /robots.txt HTTP/1.1" 200 357 "-" "msnbot/2.0b (+http://search.msn.com/msnbot.htm)"
64.120.153.21 - - [29/May/2010:00:43:11 +0000] "POST http://64.120.153.21/a-poster/proxy.php HTTP/1.1" 301 249 "-" "Mozilla/4.0 (compatible; MSIE 6.0; Windows NT 5.1; SV1)"
64.120.153.21 - - [29/May/2010:00:43:11 +0000] "GET http://www.sabf.org.ar/a-poster/proxy.php HTTP/1.1" 404 9100 "-" "Mozilla/4.0 (compatible; MSIE 6.0; Windows NT 5.1; SV1)"
200.90.206.101 - - [29/May/2010:00:43:14 +0000] "GET /favicon.ico HTTP/1.1" 200 946 "-" "Mozilla/5.0 (Windows; U; Windows NT 5.1; es-AR; rv:1.8.1.11) Gecko/20071127 Firefox/2.0.0.11 (.NET CLR 3.5.30729)"
82.103.128.170 - - [29/May/2010:00:44:06 +0000] "GET http://82.103.128.170:80/judge.php HTTP/1.0" 301 240 "-" "MSIE 6.0"
109.87.45.228 - - [29/May/2010:00:45:37 +0000] "POST http://109.87.45.228/max/aposter/proxy.php HTTP/1.1" 301 252 "-" "Mozilla/4.0 (compatible; MSIE 6.0; Windows NT 5.1; SV1)"
109.87.45.228 - - [29/May/2010:00:45:37 +0000] "GET http://www.sabf.org.ar/max/aposter/proxy.php HTTP/1.1" 404 9100 "-" "Mozilla/4.0 (compatible; MSIE 6.0; Windows NT 5.1; SV1)"
66.197.252.229 - - [29/May/2010:00:45:45 +0000] "POST http://66.197.252.229/a-poster/proxy.php HTTP/1.1" 301 249 "-" "Mozilla/4.0 (compatible; MSIE 6.0; Windows NT 5.1; SV1)"
66.197.252.229 - - [29/May/2010:00:45:45 +0000] "GET http://www.sabf.org.ar/a-poster/proxy.php HTTP/1.1" 404 9100 "-" "Mozilla/4.0 (compatible; MSIE 6.0; Windows NT 5.1; SV1)"
87.117.198.178 - - [29/May/2010:00:46:21 +0000] "POST http://maxhosted.com/proxy5/check.php HTTP/1.1" 301 247 "http://2a3d6d6cc4/" "Mozilla/4.0 (compatible; MSIE 6.0; Windows NT 5.1; SV1)"
186.109.143.169 - - [29/May/2010:00:46:46 +0000] "GET / HTTP/1.1" 200 1741 "-" "Mozilla/5.0 (Macintosh; U; Intel Mac OS X 10_6_3; en-us) AppleWebKit/531.22.7 (KHTML, like Gecko) Version/4.0.5 Safari/531.22.7"
186.109.143.169 - - [29/May/2010:00:46:47 +0000] "GET /assets/templates/sabf/screen.css HTTP/1.1" 304 - "http://www.sabf.org.ar/" "Mozilla/5.0 (Macintosh; U; Intel Mac OS X 10_6_3; en-us) AppleWebKit/531.22.7 (KHTML, like Gecko) Version/4.0.5 Safari/531.22.7"
186.109.143.169 - - [29/May/2010:00:46:47 +0000] "GET /assets/templates/sabf/callto_fondo2.png HTTP/1.1" 304 - "http://www.sabf.org.ar/" "Mozilla/5.0 (Macintosh; U; Intel Mac OS X 10_6_3; en-us) AppleWebKit/531.22.7 (KHTML, like Gecko) Version/4.0.5 Safari/531.22.7"
69.63.189.244 - - [29/May/2010:00:48:40 +0000] "GET /assets/images/fechaing.png HTTP/1.1" 200 7058 "-" "facebookexternalhit/1.0 (+http://www.facebook.com/externalhit_uatext.php)"
66.249.65.73 - - [29/May/2010:00:48:54 +0000] "GET /foro/ediciones-anteriores/2006 HTTP/1.1" 301 261 "-" "Mozilla/5.0 (compatible; Googlebot/2.1; +http://www.google.com/bot.html)"
66.249.65.106 - - [29/May/2010:00:48:55 +0000] "GET /foro/ediciones-anteriores/2006 HTTP/1.1" 500 2527 "-" "Mozilla/5.0 (compatible; Googlebot/2.1; +http://www.google.com/bot.html)"
64.120.153.21 - - [29/May/2010:00:50:04 +0000] "POST http://64.120.153.21/a-poster/proxy.php HTTP/1.1" 301 249 "-" "Mozilla/4.0 (compatible; MSIE 6.0; Windows NT 5.1; SV1)"
64.120.153.21 - - [29/May/2010:00:50:04 +0000] "GET http://www.sabf.org.ar/a-poster/proxy.php HTTP/1.1" 404 9100 "-" "Mozilla/4.0 (compatible; MSIE 6.0; Windows NT 5.1; SV1)"
66.249.65.106 - - [29/May/2010:00:50:46 +0000] "GET /foro.html HTTP/1.1" 301 235 "-" "SAMSUNG-SGH-E250/1.0 Profile/MIDP-2.0 Configuration/CLDC-1.1 UP.Browser/6.2.3.3.c.1.101 (GUI) MMP/2.0 (compatible; Googlebot-Mobile/2.1; +http://www.google.com/bot.html)"
66.249.65.106 - - [29/May/2010:00:50:47 +0000] "GET /foro HTTP/1.1" 500 3741 "-" "SAMSUNG-SGH-E250/1.0 Profile/MIDP-2.0 Configuration/CLDC-1.1 UP.Browser/6.2.3.3.c.1.101 (GUI) MMP/2.0 (compatible; Googlebot-Mobile/2.1; +http://www.google.com/bot.html)"
66.197.155.149 - - [29/May/2010:00:51:58 +0000] "POST http://66.197.155.149/a-poster/proxy.php HTTP/1.1" 301 249 "-" "Mozilla/4.0 (compatible; MSIE 6.0; Windows NT 5.1; SV1)"
66.197.155.149 - - [29/May/2010:00:51:58 +0000] "GET http://www.sabf.org.ar/a-poster/proxy.php HTTP/1.1" 404 9100 "-" "Mozilla/4.0 (compatible; MSIE 6.0; Windows NT 5.1; SV1)"
66.197.252.229 - - [29/May/2010:00:52:09 +0000] "POST http://66.197.252.229/a-poster/proxy.php HTTP/1.1" 301 249 "-" "Mozilla/4.0 (compatible; MSIE 6.0; Windows NT 5.1; SV1)"
66.197.252.229 - - [29/May/2010:00:52:09 +0000] "GET http://www.sabf.org.ar/a-poster/proxy.php HTTP/1.1" 404 9100 "-" "Mozilla/4.0 (compatible; MSIE 6.0; Windows NT 5.1; SV1)"
64.120.153.21 - - [29/May/2010:00:53:51 +0000] "POST http://64.120.153.21/a-poster/proxy.php HTTP/1.1" 301 249 "-" "Mozilla/4.0 (compatible; MSIE 6.0; Windows NT 5.1; SV1)"
64.120.153.21 - - [29/May/2010:00:53:51 +0000] "GET http://www.sabf.org.ar/a-poster/proxy.php HTTP/1.1" 404 9100 "-" "Mozilla/4.0 (compatible; MSIE 6.0; Windows NT 5.1; SV1)"
66.197.155.149 - - [29/May/2010:00:55:35 +0000] "POST http://66.197.155.149/a-poster/proxy.php HTTP/1.1" 301 249 "-" "Mozilla/4.0 (compatible; MSIE 6.0; Windows NT 5.1; SV1)"
66.197.155.149 - - [29/May/2010:00:55:35 +0000] "GET http://www.sabf.org.ar/a-poster/proxy.php HTTP/1.1" 404 9100 "-" "Mozilla/4.0 (compatible; MSIE 6.0; Windows NT 5.1; SV1)"
87.117.198.178 - - [29/May/2010:00:56:18 +0000] "POST http://maxhosted.com/proxy5/check.php HTTP/1.1" 301 247 "http://9649dec619/" "Mozilla/4.0 (compatible; MSIE 6.0; Windows NT 5.1; SV1)"
64.120.153.21 - - [29/May/2010:00:56:53 +0000] "POST http://64.120.153.21/a-poster/proxy.php HTTP/1.1" 301 249 "-" "Mozilla/4.0 (compatible; MSIE 6.0; Windows NT 5.1; SV1)"
64.120.153.21 - - [29/May/2010:00:56:53 +0000] "GET http://www.sabf.org.ar/a-poster/proxy.php HTTP/1.1" 404 9100 "-" "Mozilla/4.0 (compatible; MSIE 6.0; Windows NT 5.1; SV1)"
124.115.0.105 - - [29/May/2010:00:57:02 +0000] "GET /forum/essays-from-past-editions HTTP/1.1" 500 2848 "-" "Sosospider+(+http://help.soso.com/webspider.htm)"
212.95.54.122 - - [29/May/2010:00:57:50 +0000] "POST http://89.149.244.240/a-poster/proxy.php HTTP/1.1" 301 249 "-" "Mozilla/4.0 (compatible; MSIE 6.0; Windows NT 5.1; SV1)"
212.95.54.122 - - [29/May/2010:00:57:50 +0000] "GET http://www.sabf.org.ar/a-poster/proxy.php HTTP/1.1" 404 9100 "-" "Mozilla/4.0 (compatible; MSIE 6.0; Windows NT 5.1; SV1)"
66.249.65.106 - - [29/May/2010:00:58:52 +0000] "GET /disertantes.html HTTP/1.1" 301 242 "-" "Mozilla/5.0 (compatible; Googlebot/2.1; +http://www.google.com/bot.html)"
66.249.65.106 - - [29/May/2010:00:58:53 +0000] "GET /disertantes HTTP/1.1" 500 2357 "-" "Mozilla/5.0 (compatible; Googlebot/2.1; +http://www.google.com/bot.html)"
207.46.199.51 - - [29/May/2010:01:00:13 +0000] "GET /robots.txt HTTP/1.1" 200 357 "-" "msnbot/2.0b (+http://search.msn.com/msnbot.htm)"
207.46.199.51 - - [29/May/2010:01:00:52 +0000] "GET /landing.html HTTP/1.1" 301 238 "-" "msnbot/2.0b (+http://search.msn.com/msnbot.htm)"
207.46.199.49 - - [29/May/2010:01:01:37 +0000] "GET /robots.txt HTTP/1.1" 301 241 "-" "msnbot/2.0b (+http://search.msn.com/msnbot.htm)"
207.46.199.49 - - [29/May/2010:01:01:37 +0000] "GET /robots.txt HTTP/1.1" 200 357 "-" "msnbot/2.0b (+http://search.msn.com/msnbot.htm)"
207.46.199.49 - - [29/May/2010:01:02:20 +0000] "GET /foro/ediciones-anteriores/2009/patrocinantes HTTP/1.1" 301 275 "-" "msnbot/2.0b (+http://search.msn.com/msnbot.htm)"
67.195.112.228 - - [29/May/2010:01:03:12 +0000] "GET /foro/ensayos-de-ediciones-pasadas.html HTTP/1.0" 301 264 "-" "Mozilla/5.0 (compatible; Yahoo! Slurp/3.0; http://help.yahoo.com/help/us/ysearch/slurp)"
67.195.112.228 - - [29/May/2010:01:03:13 +0000] "GET /foro/ensayos-de-ediciones-pasadas HTTP/1.0" 500 2886 "-" "Mozilla/5.0 (compatible; Yahoo! Slurp/3.0; http://help.yahoo.com/help/us/ysearch/slurp)"
66.197.252.229 - - [29/May/2010:01:03:43 +0000] "POST http://66.197.252.229/a-poster/proxy.php HTTP/1.1" 301 249 "-" "Mozilla/4.0 (compatible; MSIE 6.0; Windows NT 5.1; SV1)"
66.197.252.229 - - [29/May/2010:01:03:43 +0000] "GET http://www.sabf.org.ar/a-poster/proxy.php HTTP/1.1" 404 9100 "-" "Mozilla/4.0 (compatible; MSIE 6.0; Windows NT 5.1; SV1)"
109.87.45.228 - - [29/May/2010:01:03:57 +0000] "POST http://109.87.45.228/max/aposter/proxy.php HTTP/1.1" 301 252 "-" "Mozilla/4.0 (compatible; MSIE 6.0; Windows NT 5.1; SV1)"
109.87.45.228 - - [29/May/2010:01:03:58 +0000] "GET http://www.sabf.org.ar/max/aposter/proxy.php HTTP/1.1" 404 9100 "-" "Mozilla/4.0 (compatible; MSIE 6.0; Windows NT 5.1; SV1)"
200.125.67.163 - - [29/May/2010:01:04:20 +0000] "GET /favicon.ico HTTP/1.1" 200 946 "-" "Mozilla/5.0 (Windows; U; Windows NT 6.1; es-AR; rv:1.9.2.3) Gecko/20100401 Firefox/3.6.3"
67.195.112.228 - - [29/May/2010:01:04:52 +0000] "GET /assets/templates/sabf/screen.css HTTP/1.0" 304 - "http://www.sabf.org.ar/foro/ensayos-de-ediciones-pasadas" "Mozilla/5.0 (compatible; Yahoo! Slurp/3.0; http://help.yahoo.com/help/us/ysearch/slurp)"
67.195.112.228 - - [29/May/2010:01:04:53 +0000] "GET /assets/templates/sabf/print.css HTTP/1.0" 304 - "http://www.sabf.org.ar/foro/ensayos-de-ediciones-pasadas" "Mozilla/5.0 (compatible; Yahoo! Slurp/3.0; http://help.yahoo.com/help/us/ysearch/slurp)"
134.95.52.11 - - [29/May/2010:01:05:41 +0000] "HEAD /english.html HTTP/1.1" 301 - "-" "URI_Checker/0.01"
134.95.52.11 - - [29/May/2010:01:05:41 +0000] "HEAD /english HTTP/1.1" 200 - "-" "URI_Checker/0.01"
66.197.155.149 - - [29/May/2010:01:05:47 +0000] "POST http://66.197.155.149/a-poster/proxy.php HTTP/1.1" 301 249 "-" "Mozilla/4.0 (compatible; MSIE 6.0; Windows NT 5.1; SV1)"
66.197.155.149 - - [29/May/2010:01:05:47 +0000] "GET http://www.sabf.org.ar/a-poster/proxy.php HTTP/1.1" 404 9100 "-" "Mozilla/4.0 (compatible; MSIE 6.0; Windows NT 5.1; SV1)"
87.117.198.178 - - [29/May/2010:01:06:15 +0000] "POST http://maxhosted.com/proxy5/check.php HTTP/1.1" 301 247 "http://6ad4174eba/" "Mozilla/4.0 (compatible; MSIE 6.0; Windows NT 5.1; SV1)"
72.232.173.194 - - [29/May/2010:01:06:40 +0000] "POST http://72.232.173.194/ff.php HTTP/1.0" 301 237 "-" "Mozilla/4.0 (compatible; MSIE 6.0; Windows NT 5.1)"
72.232.173.194 - - [29/May/2010:01:06:40 +0000] "GET http://www.sabf.org.ar/ff.php HTTP/1.0" 404 2552 "-" "Mozilla/4.0 (compatible; MSIE 6.0; Windows NT 5.1)"
66.197.252.229 - - [29/May/2010:01:07:31 +0000] "POST http://66.197.252.229/a-poster/proxy.php HTTP/1.1" 301 249 "-" "Mozilla/4.0 (compatible; MSIE 6.0; Windows NT 5.1; SV1)"
66.197.252.229 - - [29/May/2010:01:07:32 +0000] "GET http://www.sabf.org.ar/a-poster/proxy.php HTTP/1.1" 404 9100 "-" "Mozilla/4.0 (compatible; MSIE 6.0; Windows NT 5.1; SV1)"
124.115.0.161 - - [29/May/2010:01:09:21 +0000] "GET /foro/ensayos-de-ediciones-pasadas HTTP/1.1" 500 2886 "-" "Sosospider+(+http://help.soso.com/webspider.htm)"
66.197.155.149 - - [29/May/2010:01:10:07 +0000] "POST http://66.197.155.149/a-poster/proxy.php HTTP/1.1" 301 249 "-" "Mozilla/4.0 (compatible; MSIE 6.0; Windows NT 5.1; SV1)"
66.197.155.149 - - [29/May/2010:01:10:07 +0000] "GET http://www.sabf.org.ar/a-poster/proxy.php HTTP/1.1" 404 9100 "-" "Mozilla/4.0 (compatible; MSIE 6.0; Windows NT 5.1; SV1)"
69.10.34.10 - - [29/May/2010:01:10:08 +0000] "GET http://invite-vk.com/modules/proxy_checker.php?a=result&id=8899 HTTP/1.1" 301 277 "-" "-"
134.95.52.11 - - [29/May/2010:01:10:12 +0000] "HEAD / HTTP/1.1" 200 - "-" "URI_Checker/0.01"
190.23.60.46 - - [29/May/2010:01:11:35 +0000] "GET / HTTP/1.1" 200 1741 "http://www.facebook.com/l.php?u=http%3A%2F%2Fwww.sabf.org.ar%2F&h=39e85" "Mozilla/4.0 (compatible; MSIE 6.0; Windows NT 5.1; SV1; InfoPath.1)"
190.23.60.46 - - [29/May/2010:01:11:35 +0000] "GET /assets/templates/sabf/screen.css HTTP/1.1" 200 13717 "http://www.sabf.org.ar/" "Mozilla/4.0 (compatible; MSIE 6.0; Windows NT 5.1; SV1; InfoPath.1)"
190.23.60.46 - - [29/May/2010:01:11:35 +0000] "GET /assets/templates/sabf/ie.css HTTP/1.1" 200 1861 "http://www.sabf.org.ar/" "Mozilla/4.0 (compatible; MSIE 6.0; Windows NT 5.1; SV1; InfoPath.1)"
190.23.60.46 - - [29/May/2010:01:11:36 +0000] "GET /assets/templates/sabf/print.css HTTP/1.1" 200 2031 "http://www.sabf.org.ar/" "Mozilla/4.0 (compatible; MSIE 6.0; Windows NT 5.1; SV1; InfoPath.1)"
190.23.60.46 - - [29/May/2010:01:11:36 +0000] "GET /assets/images/logo_sabf.png HTTP/1.1" 200 5877 "http://www.sabf.org.ar/" "Mozilla/4.0 (compatible; MSIE 6.0; Windows NT 5.1; SV1; InfoPath.1)"
190.23.60.46 - - [29/May/2010:01:11:36 +0000] "GET /assets/images/fechaesp.png HTTP/1.1" 200 7156 "http://www.sabf.org.ar/" "Mozilla/4.0 (compatible; MSIE 6.0; Windows NT 5.1; SV1; InfoPath.1)"
190.23.60.46 - - [29/May/2010:01:11:38 +0000] "GET /assets/templates/sabf/bgMenu.gif HTTP/1.1" 200 1020 "http://www.sabf.org.ar/" "Mozilla/4.0 (compatible; MSIE 6.0; Windows NT 5.1; SV1; InfoPath.1)"
190.23.60.46 - - [29/May/2010:01:11:38 +0000] "GET /assets/templates/sabf/callto_fondo2.png HTTP/1.1" 200 2826 "http://www.sabf.org.ar/" "Mozilla/4.0 (compatible; MSIE 6.0; Windows NT 5.1; SV1; InfoPath.1)"
190.23.60.46 - - [29/May/2010:01:11:37 +0000] "GET /assets/images/sabf_home_00.jpg HTTP/1.1" 200 234957 "http://www.sabf.org.ar/" "Mozilla/4.0 (compatible; MSIE 6.0; Windows NT 5.1; SV1; InfoPath.1)"
190.23.60.46 - - [29/May/2010:01:12:15 +0000] "GET /assets/images/sabf_home_00.jpg HTTP/1.1" 206 111226 "http://www.sabf.org.ar/" "Mozilla/4.0 (compatible; MSIE 6.0; Windows NT 5.1; SV1; InfoPath.1)"
190.23.60.46 - - [29/May/2010:01:12:18 +0000] "GET /preguntas-frecuentes HTTP/1.1" 500 3608 "http://www.sabf.org.ar/" "Mozilla/4.0 (compatible; MSIE 6.0; Windows NT 5.1; SV1; InfoPath.1)"
190.23.60.46 - - [29/May/2010:01:12:19 +0000] "GET /assets/images/itba_logo.gif HTTP/1.1" 200 6071 "http://www.sabf.org.ar/preguntas-frecuentes" "Mozilla/4.0 (compatible; MSIE 6.0; Windows NT 5.1; SV1; InfoPath.1)"
190.23.60.46 - - [29/May/2010:01:12:46 +0000] "GET /assets/images/sabf_home_00.jpg HTTP/1.1" 206 97143 "http://www.sabf.org.ar/" "Mozilla/4.0 (compatible; MSIE 6.0; Windows NT 5.1; SV1; InfoPath.1)"
66.220.155.123 - - [29/May/2010:01:13:23 +0000] "GET / HTTP/1.1" 200 1741 "-" "facebookexternalhit/1.0 (+http://www.facebook.com/externalhit_uatext.php)"
66.197.155.149 - - [29/May/2010:01:13:50 +0000] "POST http://66.197.155.149/a-poster/proxy.php HTTP/1.1" 301 249 "-" "Mozilla/4.0 (compatible; MSIE 6.0; Windows NT 5.1; SV1)"
66.197.155.149 - - [29/May/2010:01:13:50 +0000] "GET http://www.sabf.org.ar/a-poster/proxy.php HTTP/1.1" 404 9100 "-" "Mozilla/4.0 (compatible; MSIE 6.0; Windows NT 5.1; SV1)"
87.117.198.178 - - [29/May/2010:01:16:22 +0000] "POST http://maxhosted.com/proxy5/check.php HTTP/1.1" 301 247 "http://e97986091e/" "Mozilla/4.0 (compatible; MSIE 6.0; Windows NT 5.1; SV1)"
212.95.54.122 - - [29/May/2010:01:16:46 +0000] "POST http://89.149.244.240/a-poster/proxy.php HTTP/1.1" 301 249 "-" "Mozilla/4.0 (compatible; MSIE 6.0; Windows NT 5.1; SV1)"
212.95.54.122 - - [29/May/2010:01:16:46 +0000] "GET http://www.sabf.org.ar/a-poster/proxy.php HTTP/1.1" 404 9100 "-" "Mozilla/4.0 (compatible; MSIE 6.0; Windows NT 5.1; SV1)"
208.80.193.39 - - [29/May/2010:01:19:24 +0000] "GET / HTTP/1.0" 200 4381 "-" "Mozilla/4.0 (compatible; MSIE 7.0; Windows NT 5.1; {FC5DA251-970F-FD5A-E748-17E0C6A6909A}; .NET CLR 1.1.4322)"
95.31.4.230 - - [29/May/2010:01:19:40 +0000] "GET http://novastat.ru/statistics/utils/is_anonymus.php?ip=95.31.4.230 HTTP/1.1" 301 278 "-" "Mozilla/5.0 (Windows; U; Windows NT 5.1; ru; rv:1.8.1.4) Gecko/20070515 Firefox/2.0.0.4, Mozilla/5.0 (Windows; U; Windows NT 5.1; ru; rv:1.8.1.4) Gecko/20070515 Firefox/2.0.0.4, Mozilla/5.0 (Windows; U; Windows NT 5.1; ru; rv:1.8.1.4) Gecko/20070515 Firefox/2.0.0.4, Mozilla/5.0 (Windows; U; Windows NT 5.1; ru; rv:1.8.1.4) Gecko/20070515 Firefox/2.0.0.4, Mozilla/5.0 (Windows; U; Windows NT 5.1; ru; rv:1.8.1.4) Gecko/20070515 Firefox/2.0.0.4, Mozilla/5.0 (Windows; U; Windows NT 5.1; ru; rv:1.8.1.4) Gecko/20070515 Firefox/2.0.0.4, Mozilla/5.0 (Windows; U; Windows NT 5.1; ru; rv:1.8.1.4) Gecko/20070515 Firefox/2.0.0.4, Mozilla/5.0 (Windows; U; Windows NT 5.1; ru; rv:1.8.1.4) Gecko/20070515 Firefox/2.0.0.4, Mozilla/5.0 (Windows; U; Windows NT 5.1; ru; rv:1.8.1.4) Gecko/20070515 Firefox/2.0.0.4, Mozilla/5.0 (Windows; U; Windows NT 5.1; ru; rv:1.8.1.4) Gecko/20070515 Firefox/2.0.0.4, Mozilla/5.0 (Windows; U; Windows NT 5.1; ru; rv:1.8.1.4) Gecko/20070515 Firefox/2.0.0.4, Mozilla/5.0 (Windows; U; Windows NT 5.1; ru; rv:1.8.1.4) Gecko/20070515 Firefox/2.0.0.4, Mozilla/5.0 (Windows; U; Windows NT 5.1; ru; rv:1.8.1.4) Gecko/20070515 Firefox/2.0.0.4, Mozilla/5.0 (Windows; U; Windows NT 5.1; ru; rv:1.8.1.4) Gecko/20070515 Firefox/2.0.0.4, Mozilla/5.0 (Windows; U; Windows NT 5.1; ru; rv:1.8.1.4) Gecko/20070515 Firefox/2.0.0.4, Mozilla/5.0 (Windows; U; Windows NT 5.1; ru; rv:1.8.1.4) Gecko/20070515 Firefox/2.0.0.4, Mozilla/5.0 (Windows; U; Windows NT 5.1; ru; rv:1.8.1.4) Gecko/20070515 Firefox/2.0.0.4, Mozilla/5.0 (Windows; U; Windows NT 5.1; ru; rv:1.8.1.4) Gecko/20070515 Firefox/2.0.0.4, Mozilla/5.0 (Windows; U; Windows NT 5.1; ru; rv:1.8.1.4) Gecko/20070515 Firefox/2.0.0.4, Mozilla/5.0 (Windows; U; Windows NT 5.1; ru; rv:1.8.1.4) Gecko/20070515 Firefox/2.0.0.4, Mozilla/5.0 (Windows; U; Windows NT 5.1; ru; rv:1.8.1.4) Gecko/20070515 Firefox/2.0.0.4"
82.103.128.170 - - [29/May/2010:01:19:41 +0000] "GET http://82.103.128.170:80/judge.php HTTP/1.0" 301 240 "-" "MSIE 6.0"
109.87.45.228 - - [29/May/2010:01:20:54 +0000] "POST http://109.87.45.228/max/aposter/proxy.php HTTP/1.1" 301 252 "-" "Mozilla/4.0 (compatible; MSIE 6.0; Windows NT 5.1; SV1)"
109.87.45.228 - - [29/May/2010:01:20:54 +0000] "GET http://www.sabf.org.ar/max/aposter/proxy.php HTTP/1.1" 404 9100 "-" "Mozilla/4.0 (compatible; MSIE 6.0; Windows NT 5.1; SV1)"
64.120.153.21 - - [29/May/2010:01:23:45 +0000] "POST http://64.120.153.21/a-poster/proxy.php HTTP/1.1" 301 249 "-" "Mozilla/4.0 (compatible; MSIE 6.0; Windows NT 5.1; SV1)"
64.120.153.21 - - [29/May/2010:01:23:45 +0000] "GET http://www.sabf.org.ar/a-poster/proxy.php HTTP/1.1" 404 9100 "-" "Mozilla/4.0 (compatible; MSIE 6.0; Windows NT 5.1; SV1)"
66.197.252.229 - - [29/May/2010:01:24:26 +0000] "POST http://66.197.252.229/a-poster/proxy.php HTTP/1.1" 301 249 "-" "Mozilla/4.0 (compatible; MSIE 6.0; Windows NT 5.1; SV1)"
66.197.252.229 - - [29/May/2010:01:24:26 +0000] "GET http://www.sabf.org.ar/a-poster/proxy.php HTTP/1.1" 404 9100 "-" "Mozilla/4.0 (compatible; MSIE 6.0; Windows NT 5.1; SV1)"
124.115.4.204 - - [29/May/2010:01:25:54 +0000] "GET /speakers/2006 HTTP/1.1" 500 3117 "-" "Sosospider+(+http://help.soso.com/webspider.htm)"
87.117.198.178 - - [29/May/2010:01:26:24 +0000] "POST http://maxhosted.com/proxy5/check.php HTTP/1.1" 301 247 "http://894b77f805/" "Mozilla/4.0 (compatible; MSIE 6.0; Windows NT 5.1; SV1)"
66.197.155.149 - - [29/May/2010:01:27:32 +0000] "POST http://66.197.155.149/a-poster/proxy.php HTTP/1.1" 301 249 "-" "Mozilla/4.0 (compatible; MSIE 6.0; Windows NT 5.1; SV1)"
66.197.155.149 - - [29/May/2010:01:27:32 +0000] "GET http://www.sabf.org.ar/a-poster/proxy.php HTTP/1.1" 404 9100 "-" "Mozilla/4.0 (compatible; MSIE 6.0; Windows NT 5.1; SV1)"
66.197.252.229 - - [29/May/2010:01:27:55 +0000] "POST http://66.197.252.229/a-poster/proxy.php HTTP/1.1" 301 249 "-" "Mozilla/4.0 (compatible; MSIE 6.0; Windows NT 5.1; SV1)"
66.197.252.229 - - [29/May/2010:01:27:55 +0000] "GET http://www.sabf.org.ar/a-poster/proxy.php HTTP/1.1" 404 9100 "-" "Mozilla/4.0 (compatible; MSIE 6.0; Windows NT 5.1; SV1)"
66.249.65.120 - - [29/May/2010:01:28:13 +0000] "GET /disertantes/2005.html HTTP/1.1" 301 252 "-" "Mozilla/5.0 (compatible; Googlebot/2.1; +http://www.google.com/bot.html)"
66.249.65.101 - - [29/May/2010:01:28:14 +0000] "GET /disertantes/2005.html HTTP/1.1" 301 247 "-" "Mozilla/5.0 (compatible; Googlebot/2.1; +http://www.google.com/bot.html)"
66.249.65.101 - - [29/May/2010:01:28:14 +0000] "GET /disertantes/2005 HTTP/1.1" 500 2933 "-" "Mozilla/5.0 (compatible; Googlebot/2.1; +http://www.google.com/bot.html)"
66.197.252.229 - - [29/May/2010:01:30:52 +0000] "POST http://66.197.252.229/a-poster/proxy.php HTTP/1.1" 301 249 "-" "Mozilla/4.0 (compatible; MSIE 6.0; Windows NT 5.1; SV1)"
66.197.252.229 - - [29/May/2010:01:30:52 +0000] "GET http://www.sabf.org.ar/a-poster/proxy.php HTTP/1.1" 404 9100 "-" "Mozilla/4.0 (compatible; MSIE 6.0; Windows NT 5.1; SV1)"
66.197.155.149 - - [29/May/2010:01:30:54 +0000] "POST http://66.197.155.149/a-poster/proxy.php HTTP/1.1" 301 249 "-" "Mozilla/4.0 (compatible; MSIE 6.0; Windows NT 5.1; SV1)"
66.197.155.149 - - [29/May/2010:01:30:54 +0000] "GET http://www.sabf.org.ar/a-poster/proxy.php HTTP/1.1" 404 9100 "-" "Mozilla/4.0 (compatible; MSIE 6.0; Windows NT 5.1; SV1)"
64.120.153.21 - - [29/May/2010:01:33:51 +0000] "POST http://64.120.153.21/a-poster/proxy.php HTTP/1.1" 301 249 "-" "Mozilla/4.0 (compatible; MSIE 6.0; Windows NT 5.1; SV1)"
64.120.153.21 - - [29/May/2010:01:33:51 +0000] "GET http://www.sabf.org.ar/a-poster/proxy.php HTTP/1.1" 404 9100 "-" "Mozilla/4.0 (compatible; MSIE 6.0; Windows NT 5.1; SV1)"
66.197.252.229 - - [29/May/2010:01:34:20 +0000] "POST http://66.197.252.229/a-poster/proxy.php HTTP/1.1" 301 249 "-" "Mozilla/4.0 (compatible; MSIE 6.0; Windows NT 5.1; SV1)"
66.197.252.229 - - [29/May/2010:01:34:20 +0000] "GET http://www.sabf.org.ar/a-poster/proxy.php HTTP/1.1" 404 9100 "-" "Mozilla/4.0 (compatible; MSIE 6.0; Windows NT 5.1; SV1)"
213.180.209.251 - - [29/May/2010:01:34:33 +0000] "GET /?utm_source=newsletter&utm_medium=email&utm_campaign=Am2spsc HTTP/1.1" 200 1741 "-" "Yandex/1.01.001 (compatible; Win16; I)"
212.95.54.122 - - [29/May/2010:01:35:32 +0000] "POST http://89.149.244.240/a-poster/proxy.php HTTP/1.1" 301 249 "-" "Mozilla/4.0 (compatible; MSIE 6.0; Windows NT 5.1; SV1)"
212.95.54.122 - - [29/May/2010:01:35:32 +0000] "GET http://www.sabf.org.ar/a-poster/proxy.php HTTP/1.1" 404 9100 "-" "Mozilla/4.0 (compatible; MSIE 6.0; Windows NT 5.1; SV1)"
69.163.34.94 - - [29/May/2010:01:35:39 +0000] "POST http://nudeteensextube.com/proxy5/check.php HTTP/1.1" 301 247 "http://f6b5f8c32c/" "Mozilla/4.0 (compatible; MSIE 6.0; Windows NT 5.1; SV1)"
72.232.173.194 - - [29/May/2010:01:36:58 +0000] "POST http://72.232.173.194/ff.php HTTP/1.0" 301 237 "-" "Mozilla/4.0 (compatible; MSIE 6.0; Windows NT 5.1)"
72.232.173.194 - - [29/May/2010:01:36:58 +0000] "GET http://www.sabf.org.ar/ff.php HTTP/1.0" 404 2552 "-" "Mozilla/4.0 (compatible; MSIE 6.0; Windows NT 5.1)"
87.117.198.178 - - [29/May/2010:01:37:05 +0000] "POST http://maxhosted.com/proxy5/check.php HTTP/1.1" 301 247 "http://115c343463/" "Mozilla/4.0 (compatible; MSIE 6.0; Windows NT 5.1; SV1)"
66.197.252.229 - - [29/May/2010:01:38:08 +0000] "POST http://66.197.252.229/a-poster/proxy.php HTTP/1.1" 301 249 "-" "Mozilla/4.0 (compatible; MSIE 6.0; Windows NT 5.1; SV1)"
66.197.252.229 - - [29/May/2010:01:38:08 +0000] "GET http://www.sabf.org.ar/a-poster/proxy.php HTTP/1.1" 404 9100 "-" "Mozilla/4.0 (compatible; MSIE 6.0; Windows NT 5.1; SV1)"
66.197.155.149 - - [29/May/2010:01:38:12 +0000] "POST http://66.197.155.149/a-poster/proxy.php HTTP/1.1" 301 249 "-" "Mozilla/4.0 (compatible; MSIE 6.0; Windows NT 5.1; SV1)"
66.197.155.149 - - [29/May/2010:01:38:12 +0000] "GET http://www.sabf.org.ar/a-poster/proxy.php HTTP/1.1" 404 9100 "-" "Mozilla/4.0 (compatible; MSIE 6.0; Windows NT 5.1; SV1)"
82.103.128.170 - - [29/May/2010:01:39:15 +0000] "GET http://82.103.128.170:80/judge.php HTTP/1.0" 301 240 "-" "MSIE 6.0"
64.120.153.21 - - [29/May/2010:01:40:01 +0000] "POST http://64.120.153.21/a-poster/proxy.php HTTP/1.1" 301 249 "-" "Mozilla/4.0 (compatible; MSIE 6.0; Windows NT 5.1; SV1)"
64.120.153.21 - - [29/May/2010:01:40:01 +0000] "GET http://www.sabf.org.ar/a-poster/proxy.php HTTP/1.1" 404 9100 "-" "Mozilla/4.0 (compatible; MSIE 6.0; Windows NT 5.1; SV1)"
66.197.155.149 - - [29/May/2010:01:41:24 +0000] "POST http://66.197.155.149/a-poster/proxy.php HTTP/1.1" 301 249 "-" "Mozilla/4.0 (compatible; MSIE 6.0; Windows NT 5.1; SV1)"
66.197.155.149 - - [29/May/2010:01:41:24 +0000] "GET http://www.sabf.org.ar/a-poster/proxy.php HTTP/1.1" 404 9100 "-" "Mozilla/4.0 (compatible; MSIE 6.0; Windows NT 5.1; SV1)"
190.27.126.83 - - [29/May/2010:01:44:28 +0000] "GET / HTTP/1.1" 200 1741 "http://www.google.com/url?sa=t&source=web&ct=res&cd=1&ved=0CBUQFjAA&url=http%3A%2F%2Fwww.sabf.org.ar%2F&rct=j&q=SABF&ei=eHEATJCaC4L68Aai__CaDQ&usg=AFQjCNFkhjDSPAwzDewFSfO6yBF7zr7uug" "Mozilla/4.0 (compatible; MSIE 8.0; Windows NT 6.0; Trident/4.0; GTB6.4; SLCC1; .NET CLR 2.0.50727; InfoPath.2; .NET CLR 3.0.30618; .NET CLR 3.5.30729)"
190.27.126.83 - - [29/May/2010:01:44:28 +0000] "GET /assets/templates/sabf/print.css HTTP/1.1" 200 2031 "http://www.sabf.org.ar/" "Mozilla/4.0 (compatible; MSIE 8.0; Windows NT 6.0; Trident/4.0; GTB6.4; SLCC1; .NET CLR 2.0.50727; InfoPath.2; .NET CLR 3.0.30618; .NET CLR 3.5.30729)"
190.27.126.83 - - [29/May/2010:01:44:28 +0000] "GET /assets/templates/sabf/screen.css HTTP/1.1" 200 13717 "http://www.sabf.org.ar/" "Mozilla/4.0 (compatible; MSIE 8.0; Windows NT 6.0; Trident/4.0; GTB6.4; SLCC1; .NET CLR 2.0.50727; InfoPath.2; .NET CLR 3.0.30618; .NET CLR 3.5.30729)"
194.8.75.103 - - [29/May/2010:01:44:29 +0000] "GET /forum/new-paradigms-new-challenges.html HTTP/1.0" 301 265 "http://www.sabf.org.ar/forum/new-paradigms-new-challenges.html" "Mozilla/5.0 (Windows; U; Windows NT 5.0; en-GB; rv:1.8.1b2) Gecko/20060821 Firefox/2.0b2"
190.27.126.83 - - [29/May/2010:01:44:29 +0000] "GET /assets/templates/sabf/ie.css HTTP/1.1" 200 1861 "http://www.sabf.org.ar/" "Mozilla/4.0 (compatible; MSIE 8.0; Windows NT 6.0; Trident/4.0; GTB6.4; SLCC1; .NET CLR 2.0.50727; InfoPath.2; .NET CLR 3.0.30618; .NET CLR 3.5.30729)"
194.8.75.103 - - [29/May/2010:01:44:29 +0000] "GET /forum/new-paradigms-new-challenges HTTP/1.0" 404 9100 "http://www.sabf.org.ar/forum/new-paradigms-new-challenges" "Mozilla/5.0 (Windows; U; Windows NT 5.0; en-GB; rv:1.8.1b2) Gecko/20060821 Firefox/2.0b2"
190.27.126.83 - - [29/May/2010:01:44:30 +0000] "GET /assets/images/logo_sabf.png HTTP/1.1" 200 5877 "http://www.sabf.org.ar/" "Mozilla/4.0 (compatible; MSIE 8.0; Windows NT 6.0; Trident/4.0; GTB6.4; SLCC1; .NET CLR 2.0.50727; InfoPath.2; .NET CLR 3.0.30618; .NET CLR 3.5.30729)"
190.27.126.83 - - [29/May/2010:01:44:30 +0000] "GET /assets/images/fechaesp.png HTTP/1.1" 200 7156 "http://www.sabf.org.ar/" "Mozilla/4.0 (compatible; MSIE 8.0; Windows NT 6.0; Trident/4.0; GTB6.4; SLCC1; .NET CLR 2.0.50727; InfoPath.2; .NET CLR 3.0.30618; .NET CLR 3.5.30729)"
194.8.75.103 - - [29/May/2010:01:44:30 +0000] "GET / HTTP/1.0" 200 4381 "http://www.sabf.org.ar/" "Mozilla/5.0 (Windows; U; Windows NT 5.0; en-GB; rv:1.8.1b2) Gecko/20060821 Firefox/2.0b2"
190.27.126.83 - - [29/May/2010:01:44:30 +0000] "GET /assets/templates/sabf/bgMenu.gif HTTP/1.1" 200 1020 "http://www.sabf.org.ar/" "Mozilla/4.0 (compatible; MSIE 8.0; Windows NT 6.0; Trident/4.0; GTB6.4; SLCC1; .NET CLR 2.0.50727; InfoPath.2; .NET CLR 3.0.30618; .NET CLR 3.5.30729)"
190.27.126.83 - - [29/May/2010:01:44:30 +0000] "GET /assets/templates/sabf/callto_fondo2.png HTTP/1.1" 200 2826 "http://www.sabf.org.ar/" "Mozilla/4.0 (compatible; MSIE 8.0; Windows NT 6.0; Trident/4.0; GTB6.4; SLCC1; .NET CLR 2.0.50727; InfoPath.2; .NET CLR 3.0.30618; .NET CLR 3.5.30729)"
