95.31.4.230 - - [28/May/2010:22:44:29 +0000] "GET http://novastat.ru/statistics/utils/is_anonymus.php?ip=95.31.4.230 HTTP/1.1" 301 278 "-" "Mozilla/5.0 (Windows; U; Windows NT 5.1; ru; rv:1.8.1.4) Gecko/20070515 Firefox/2.0.0.4, Mozilla/5.0 (Windows; U; Windows NT 5.1; ru; rv:1.8.1.4) Gecko/20070515 Firefox/2.0.0.4, Mozilla/5.0 (Windows; U; Windows NT 5.1; ru; rv:1.8.1.4) Gecko/20070515 Firefox/2.0.0.4, Mozilla/5.0 (Windows; U; Windows NT 5.1; ru; rv:1.8.1.4) Gecko/20070515 Firefox/2.0.0.4, Mozilla/5.0 (Windows; U; Windows NT 5.1; ru; rv:1.8.1.4) Gecko/20070515 Firefox/2.0.0.4, Mozilla/5.0 (Windows; U; Windows NT 5.1; ru; rv:1.8.1.4) Gecko/20070515 Firefox/2.0.0.4, Mozilla/5.0 (Windows; U; Windows NT 5.1; ru; rv:1.8.1.4) Gecko/20070515 Firefox/2.0.0.4, Mozilla/5.0 (Windows; U; Windows NT 5.1; ru; rv:1.8.1.4) Gecko/20070515 Firefox/2.0.0.4, Mozilla/5.0 (Windows; U; Windows NT 5.1; ru; rv:1.8.1.4) Gecko/20070515 Firefox/2.0.0.4, Mozilla/5.0 (Windows; U; Windows NT 5.1; ru; rv:1.8.1.4) Gecko/20070515 Firefox/2.0.0.4, Mozilla/5.0 (Windows; U; Windows NT 5.1; ru; rv:1.8.1.4) Gecko/20070515 Firefox/2.0.0.4, Mozilla/5.0 (Windows; U; Windows NT 5.1; ru; rv:1.8.1.4) Gecko/20070515 Firefox/2.0.0.4, Mozilla/5.0 (Windows; U; Windows NT 5.1; ru; rv:1.8.1.4) Gecko/20070515 Firefox/2.0.0.4, Mozilla/5.0 (Windows; U; Windows NT 5.1; ru; rv:1.8.1.4) Gecko/20070515 Firefox/2.0.0.4, Mozilla/5.0 (Windows; U; Windows NT 5.1; ru; rv:1.8.1.4) Gecko/20070515 Firefox/2.0.0.4, Mozilla/5.0 (Windows; U; Windows NT 5.1; ru; rv:1.8.1.4) Gecko/20070515 Firefox/2.0.0.4, Mozilla/5.0 (Windows; U; Windows NT 5.1; ru; rv:1.8.1.4) Gecko/20070515 Firefox/2.0.0.4, Mozilla/5.0 (Windows; U; Windows NT 5.1; ru; rv:1.8.1.4) Gecko/20070515 Firefox/2.0.0.4, Mozilla/5.0 (Windows; U; Windows NT 5.1; ru; rv:1.8.1.4) Gecko/20070515 Firefox/2.0.0.4, Mozilla/5.0 (Windows; U; Windows NT 5.1; ru; rv:1.8.1.4) Gecko/20070515 Firefox/2.0.0.4, Mozilla/5.0 (Windows; U; Windows NT 5.1; ru; rv:1.8.1.4) Gecko/20070515 Firefox/2.0.0.4"
87.117.198.178 - - [28/May/2010:22:46:22 +0000] "POST http://maxhosted.com/proxy5/check.php HTTP/1.1" 301 247 "http://e721a54a8c/" "Mozilla/4.0 (compatible; MSIE 6.0; Windows NT 5.1; SV1)"
212.95.54.122 - - [28/May/2010:22:46:26 +0000] "POST http://89.149.244.240/a-poster/proxy.php HTTP/1.1" 301 249 "-" "Mozilla/4.0 (compatible; MSIE 6.0; Windows NT 5.1; SV1)"
212.95.54.122 - - [28/May/2010:22:46:27 +0000] "GET http://www.sabf.org.ar/a-poster/proxy.php HTTP/1.1" 404 9100 "-" "Mozilla/4.0 (compatible; MSIE 6.0; Windows NT 5.1; SV1)"
64.120.153.21 - - [28/May/2010:22:47:09 +0000] "POST http://64.120.153.21/a-poster/proxy.php HTTP/1.1" 301 249 "-" "Mozilla/4.0 (compatible; MSIE 6.0; Windows NT 5.1; SV1)"
64.120.153.21 - - [28/May/2010:22:47:09 +0000] "GET http://www.sabf.org.ar/a-poster/proxy.php HTTP/1.1" 404 9100 "-" "Mozilla/4.0 (compatible; MSIE 6.0; Windows NT 5.1; SV1)"
201.201.219.34 - - [28/May/2010:22:48:38 +0000] "GET /favicon.ico HTTP/1.1" 200 946 "-" "Mozilla/5.0 (Windows; U; Windows NT 5.1; es-ES; rv:1.9.2.3) Gecko/20100401 Firefox/3.6.3 ( .NET CLR 3.5.30729)"
64.120.153.21 - - [28/May/2010:22:50:53 +0000] "POST http://64.120.153.21/a-poster/proxy.php HTTP/1.1" 301 249 "-" "Mozilla/4.0 (compatible; MSIE 6.0; Windows NT 5.1; SV1)"
64.120.153.21 - - [28/May/2010:22:50:53 +0000] "GET http://www.sabf.org.ar/a-poster/proxy.php HTTP/1.1" 404 9100 "-" "Mozilla/4.0 (compatible; MSIE 6.0; Windows NT 5.1; SV1)"
69.163.34.94 - - [28/May/2010:22:50:58 +0000] "POST http://nudeteensextube.com/proxy5/check.php HTTP/1.1" 301 247 "http://48c8c39638/" "Mozilla/4.0 (compatible; MSIE 6.0; Windows NT 5.1; SV1)"
66.249.65.75 - - [28/May/2010:22:51:47 +0000] "GET /media HTTP/1.1" 500 2674 "-" "Mozilla/5.0 (compatible; Googlebot/2.1; +http://www.google.com/bot.html)"
66.220.153.247 - - [28/May/2010:22:52:40 +0000] "GET /assets/files/downloads/logo_sabf.jpg HTTP/1.1" 200 47452 "-" "facebookexternalhit/1.0 (+http://www.facebook.com/externalhit_uatext.php)"
66.249.65.120 - - [28/May/2010:22:52:54 +0000] "GET /foro/ediciones-anteriores/2005 HTTP/1.1" 301 261 "-" "Mozilla/5.0 (compatible; Googlebot/2.1; +http://www.google.com/bot.html)"
66.249.65.75 - - [28/May/2010:22:52:55 +0000] "GET /foro/ediciones-anteriores/2005 HTTP/1.1" 500 2539 "-" "Mozilla/5.0 (compatible; Googlebot/2.1; +http://www.google.com/bot.html)"
95.169.186.82 - - [28/May/2010:22:53:04 +0000] "GET http://awmproxy.com/check.php?IdProxy=1507326&Time=1275087184 HTTP/1.1" 301 276 "-" "Mozilla/4.0 (compatible; MSIE 5.01; Windows NT 5.0)"
64.120.153.21 - - [28/May/2010:22:54:12 +0000] "POST http://64.120.153.21/a-poster/proxy.php HTTP/1.1" 301 249 "-" "Mozilla/4.0 (compatible; MSIE 6.0; Windows NT 5.1; SV1)"
64.120.153.21 - - [28/May/2010:22:54:13 +0000] "GET http://www.sabf.org.ar/a-poster/proxy.php HTTP/1.1" 404 9100 "-" "Mozilla/4.0 (compatible; MSIE 6.0; Windows NT 5.1; SV1)"
82.103.128.170 - - [28/May/2010:22:54:38 +0000] "GET http://82.103.128.170:80/judge.php HTTP/1.0" 301 240 "-" "MSIE 6.0"
109.87.45.228 - - [28/May/2010:22:55:11 +0000] "POST http://109.87.45.228/max/aposter/proxy.php HTTP/1.1" 301 252 "-" "Mozilla/4.0 (compatible; MSIE 6.0; Windows NT 5.1; SV1)"
109.87.45.228 - - [28/May/2010:22:55:11 +0000] "GET http://www.sabf.org.ar/max/aposter/proxy.php HTTP/1.1" 404 9100 "-" "Mozilla/4.0 (compatible; MSIE 6.0; Windows NT 5.1; SV1)"
87.117.198.178 - - [28/May/2010:22:56:20 +0000] "POST http://maxhosted.com/proxy5/check.php HTTP/1.1" 301 247 "http://8ca696ca16/" "Mozilla/4.0 (compatible; MSIE 6.0; Windows NT 5.1; SV1)"
94.102.51.196 - - [28/May/2010:22:58:34 +0000] "POST http://alyssafan.net/Chpr.php HTTP/1.0" 301 239 "-" "Mozilla/4.0 (compatible; MSIE 6.0; Windows NT 5.1)"
94.102.51.196 - - [28/May/2010:22:58:34 +0000] "GET http://www.sabf.org.ar/Chpr.php HTTP/1.0" 404 2552 "-" "Mozilla/4.0 (compatible; MSIE 6.0; Windows NT 5.1)"
66.197.252.229 - - [28/May/2010:23:00:02 +0000] "POST http://66.197.252.229/a-poster/proxy.php HTTP/1.1" 301 249 "-" "Mozilla/4.0 (compatible; MSIE 6.0; Windows NT 5.1; SV1)"
66.197.252.229 - - [28/May/2010:23:00:02 +0000] "GET http://www.sabf.org.ar/a-poster/proxy.php HTTP/1.1" 404 9100 "-" "Mozilla/4.0 (compatible; MSIE 6.0; Windows NT 5.1; SV1)"
207.182.138.99 - - [28/May/2010:23:01:33 +0000] "GET /favicon.ico HTTP/1.1" 200 946 "-" "-"
165.124.211.69 - - [28/May/2010:23:02:44 +0000] "GET /favicon.ico HTTP/1.1" 200 946 "-" "Mozilla/4.0 (compatible; MSIE 5.00; Windows 98)"
66.197.252.229 - - [28/May/2010:23:02:58 +0000] "POST http://66.197.252.229/a-poster/proxy.php HTTP/1.1" 301 249 "-" "Mozilla/4.0 (compatible; MSIE 6.0; Windows NT 5.1; SV1)"
66.197.252.229 - - [28/May/2010:23:02:58 +0000] "GET http://www.sabf.org.ar/a-poster/proxy.php HTTP/1.1" 404 9100 "-" "Mozilla/4.0 (compatible; MSIE 6.0; Windows NT 5.1; SV1)"
72.14.192.1 - - [28/May/2010:23:04:08 +0000] "GET / HTTP/1.1" 200 1741 "-" "Feedfetcher-Google; (+http://www.google.com/feedfetcher.html; feed-id=2069351462614732613)"
64.120.153.21 - - [28/May/2010:23:04:11 +0000] "POST http://64.120.153.21/a-poster/proxy.php HTTP/1.1" 301 249 "-" "Mozilla/4.0 (compatible; MSIE 6.0; Windows NT 5.1; SV1)"
64.120.153.21 - - [28/May/2010:23:04:11 +0000] "GET http://www.sabf.org.ar/a-poster/proxy.php HTTP/1.1" 404 9100 "-" "Mozilla/4.0 (compatible; MSIE 6.0; Windows NT 5.1; SV1)"
212.95.54.122 - - [28/May/2010:23:05:14 +0000] "POST http://89.149.244.240/a-poster/proxy.php HTTP/1.1" 301 249 "-" "Mozilla/4.0 (compatible; MSIE 6.0; Windows NT 5.1; SV1)"
212.95.54.122 - - [28/May/2010:23:05:14 +0000] "GET http://www.sabf.org.ar/a-poster/proxy.php HTTP/1.1" 404 9100 "-" "Mozilla/4.0 (compatible; MSIE 6.0; Windows NT 5.1; SV1)"
72.232.173.194 - - [28/May/2010:23:05:23 +0000] "POST http://72.232.173.194/ff.php HTTP/1.0" 301 237 "-" "Mozilla/4.0 (compatible; MSIE 6.0; Windows NT 5.1)"
72.232.173.194 - - [28/May/2010:23:05:23 +0000] "GET http://www.sabf.org.ar/ff.php HTTP/1.0" 404 2552 "-" "Mozilla/4.0 (compatible; MSIE 6.0; Windows NT 5.1)"
202.161.43.233 - - [28/May/2010:23:05:56 +0000] "GET /assets/templates/sabf/bgMenu.gif HTTP/1.1" 304 - "-" "Mozilla/4.0 (compatible;)"
87.117.198.178 - - [28/May/2010:23:06:16 +0000] "POST http://maxhosted.com/proxy5/check.php HTTP/1.1" 301 247 "http://da9e6a4a4a/" "Mozilla/4.0 (compatible; MSIE 6.0; Windows NT 5.1; SV1)"
207.46.13.88 - - [28/May/2010:23:06:20 +0000] "GET /foro HTTP/1.1" 500 3741 "-" "msnbot/2.0b (+http://search.msn.com/msnbot.htm)"
190.226.91.7 - - [28/May/2010:23:06:51 +0000] "GET / HTTP/1.1" 200 1741 "-" "Mozilla/5.0 (Macintosh; U; Intel Mac OS X 10_4_11; en) AppleWebKit/531.22.7 (KHTML, like Gecko) Version/4.0.5 Safari/531.22.7"
190.226.91.7 - - [28/May/2010:23:06:51 +0000] "GET /assets/templates/sabf/screen.css HTTP/1.1" 200 13717 "http://www.sabf.org.ar/" "Mozilla/5.0 (Macintosh; U; Intel Mac OS X 10_4_11; en) AppleWebKit/531.22.7 (KHTML, like Gecko) Version/4.0.5 Safari/531.22.7"
190.226.91.7 - - [28/May/2010:23:06:52 +0000] "GET /assets/templates/sabf/print.css HTTP/1.1" 200 2031 "http://www.sabf.org.ar/" "Mozilla/5.0 (Macintosh; U; Intel Mac OS X 10_4_11; en) AppleWebKit/531.22.7 (KHTML, like Gecko) Version/4.0.5 Safari/531.22.7"
190.226.91.7 - - [28/May/2010:23:06:52 +0000] "GET /assets/images/logo_sabf.png HTTP/1.1" 200 5877 "http://www.sabf.org.ar/" "Mozilla/5.0 (Macintosh; U; Intel Mac OS X 10_4_11; en) AppleWebKit/531.22.7 (KHTML, like Gecko) Version/4.0.5 Safari/531.22.7"
190.226.91.7 - - [28/May/2010:23:06:52 +0000] "GET /assets/images/fechaesp.png HTTP/1.1" 200 7156 "http://www.sabf.org.ar/" "Mozilla/5.0 (Macintosh; U; Intel Mac OS X 10_4_11; en) AppleWebKit/531.22.7 (KHTML, like Gecko) Version/4.0.5 Safari/531.22.7"
190.226.91.7 - - [28/May/2010:23:06:53 +0000] "GET /assets/templates/sabf/bgMenu.gif HTTP/1.1" 200 1020 "http://www.sabf.org.ar/" "Mozilla/5.0 (Macintosh; U; Intel Mac OS X 10_4_11; en) AppleWebKit/531.22.7 (KHTML, like Gecko) Version/4.0.5 Safari/531.22.7"
190.226.91.7 - - [28/May/2010:23:06:53 +0000] "GET /assets/templates/sabf/callto_fondo2.png HTTP/1.1" 200 2826 "http://www.sabf.org.ar/" "Mozilla/5.0 (Macintosh; U; Intel Mac OS X 10_4_11; en) AppleWebKit/531.22.7 (KHTML, like Gecko) Version/4.0.5 Safari/531.22.7"
190.226.91.7 - - [28/May/2010:23:06:53 +0000] "GET /assets/images/sabf_home_00.jpg HTTP/1.1" 200 234957 "http://www.sabf.org.ar/" "Mozilla/5.0 (Macintosh; U; Intel Mac OS X 10_4_11; en) AppleWebKit/531.22.7 (KHTML, like Gecko) Version/4.0.5 Safari/531.22.7"
207.46.13.88 - - [28/May/2010:23:07:49 +0000] "GET /foro HTTP/1.0" 500 10019 "-" "msnbot/2.0b (+http://search.msn.com/msnbot.htm)"
207.46.204.192 - - [28/May/2010:23:08:23 +0000] "GET /preguntas-frecuentes HTTP/1.1" 500 3608 "-" "msnbot/2.0b (+http://search.msn.com/msnbot.htm)"
66.197.252.229 - - [28/May/2010:23:09:45 +0000] "POST http://66.197.252.229/a-poster/proxy.php HTTP/1.1" 301 249 "-" "Mozilla/4.0 (compatible; MSIE 6.0; Windows NT 5.1; SV1)"
66.197.252.229 - - [28/May/2010:23:09:45 +0000] "GET http://www.sabf.org.ar/a-poster/proxy.php HTTP/1.1" 404 9100 "-" "Mozilla/4.0 (compatible; MSIE 6.0; Windows NT 5.1; SV1)"
207.46.204.192 - - [28/May/2010:23:09:49 +0000] "GET /preguntas-frecuentes HTTP/1.0" 500 11376 "-" "msnbot/2.0b (+http://search.msn.com/msnbot.htm)"
69.10.34.10 - - [28/May/2010:23:10:05 +0000] "GET http://invite-vk.com/modules/proxy_checker.php?a=result&id=8890 HTTP/1.1" 301 277 "-" "-"
66.197.155.149 - - [28/May/2010:23:12:04 +0000] "POST http://66.197.155.149/a-poster/proxy.php HTTP/1.1" 301 249 "-" "Mozilla/4.0 (compatible; MSIE 6.0; Windows NT 5.1; SV1)"
66.197.155.149 - - [28/May/2010:23:12:04 +0000] "GET http://www.sabf.org.ar/a-poster/proxy.php HTTP/1.1" 404 9100 "-" "Mozilla/4.0 (compatible; MSIE 6.0; Windows NT 5.1; SV1)"
64.120.153.21 - - [28/May/2010:23:14:18 +0000] "POST http://64.120.153.21/a-poster/proxy.php HTTP/1.1" 301 249 "-" "Mozilla/4.0 (compatible; MSIE 6.0; Windows NT 5.1; SV1)"
64.120.153.21 - - [28/May/2010:23:14:18 +0000] "GET http://www.sabf.org.ar/a-poster/proxy.php HTTP/1.1" 404 9100 "-" "Mozilla/4.0 (compatible; MSIE 6.0; Windows NT 5.1; SV1)"
95.31.4.230 - - [28/May/2010:23:14:23 +0000] "GET http://novastat.ru/statistics/utils/is_anonymus.php?ip=95.31.4.230 HTTP/1.1" 301 278 "-" "Mozilla/5.0 (Windows; U; Windows NT 5.1; ru; rv:1.8.1.4) Gecko/20070515 Firefox/2.0.0.4, Mozilla/5.0 (Windows; U; Windows NT 5.1; ru; rv:1.8.1.4) Gecko/20070515 Firefox/2.0.0.4, Mozilla/5.0 (Windows; U; Windows NT 5.1; ru; rv:1.8.1.4) Gecko/20070515 Firefox/2.0.0.4, Mozilla/5.0 (Windows; U; Windows NT 5.1; ru; rv:1.8.1.4) Gecko/20070515 Firefox/2.0.0.4, Mozilla/5.0 (Windows; U; Windows NT 5.1; ru; rv:1.8.1.4) Gecko/20070515 Firefox/2.0.0.4, Mozilla/5.0 (Windows; U; Windows NT 5.1; ru; rv:1.8.1.4) Gecko/20070515 Firefox/2.0.0.4, Mozilla/5.0 (Windows; U; Windows NT 5.1; ru; rv:1.8.1.4) Gecko/20070515 Firefox/2.0.0.4, Mozilla/5.0 (Windows; U; Windows NT 5.1; ru; rv:1.8.1.4) Gecko/20070515 Firefox/2.0.0.4, Mozilla/5.0 (Windows; U; Windows NT 5.1; ru; rv:1.8.1.4) Gecko/20070515 Firefox/2.0.0.4, Mozilla/5.0 (Windows; U; Windows NT 5.1; ru; rv:1.8.1.4) Gecko/20070515 Firefox/2.0.0.4, Mozilla/5.0 (Windows; U; Windows NT 5.1; ru; rv:1.8.1.4) Gecko/20070515 Firefox/2.0.0.4, Mozilla/5.0 (Windows; U; Windows NT 5.1; ru; rv:1.8.1.4) Gecko/20070515 Firefox/2.0.0.4, Mozilla/5.0 (Windows; U; Windows NT 5.1; ru; rv:1.8.1.4) Gecko/20070515 Firefox/2.0.0.4, Mozilla/5.0 (Windows; U; Windows NT 5.1; ru; rv:1.8.1.4) Gecko/20070515 Firefox/2.0.0.4, Mozilla/5.0 (Windows; U; Windows NT 5.1; ru; rv:1.8.1.4) Gecko/20070515 Firefox/2.0.0.4, Mozilla/5.0 (Windows; U; Windows NT 5.1; ru; rv:1.8.1.4) Gecko/20070515 Firefox/2.0.0.4, Mozilla/5.0 (Windows; U; Windows NT 5.1; ru; rv:1.8.1.4) Gecko/20070515 Firefox/2.0.0.4, Mozilla/5.0 (Windows; U; Windows NT 5.1; ru; rv:1.8.1.4) Gecko/20070515 Firefox/2.0.0.4, Mozilla/5.0 (Windows; U; Windows NT 5.1; ru; rv:1.8.1.4) Gecko/20070515 Firefox/2.0.0.4, Mozilla/5.0 (Windows; U; Windows NT 5.1; ru; rv:1.8.1.4) Gecko/20070515 Firefox/2.0.0.4, Mozilla/5.0 (Windows; U; Windows NT 5.1; ru; rv:1.8.1.4) Gecko/20070515 Firefox/2.0.0.4"
190.138.55.160 - - [28/May/2010:23:15:52 +0000] "GET / HTTP/1.1" 200 1741 "-" "Mozilla/5.0 (Macintosh; U; Intel Mac OS X 10_5_8; en-us) AppleWebKit/531.22.7 (KHTML, like Gecko) Version/4.0.5 Safari/531.22.7"
190.138.55.160 - - [28/May/2010:23:15:52 +0000] "GET /assets/templates/sabf/screen.css HTTP/1.1" 304 - "http://www.sabf.org.ar/" "Mozilla/5.0 (Macintosh; U; Intel Mac OS X 10_5_8; en-us) AppleWebKit/531.22.7 (KHTML, like Gecko) Version/4.0.5 Safari/531.22.7"
87.117.198.178 - - [28/May/2010:23:16:22 +0000] "POST http://maxhosted.com/proxy5/check.php HTTP/1.1" 301 247 "http://953ecc4b20/" "Mozilla/4.0 (compatible; MSIE 6.0; Windows NT 5.1; SV1)"
74.125.126.81 - - [28/May/2010:23:17:01 +0000] "GET / HTTP/1.1" 200 1741 "-" "Feedfetcher-Google; (+http://www.google.com/feedfetcher.html; feed-id=2069351462614732613)"
64.120.153.21 - - [28/May/2010:23:17:42 +0000] "POST http://64.120.153.21/a-poster/proxy.php HTTP/1.1" 301 249 "-" "Mozilla/4.0 (compatible; MSIE 6.0; Windows NT 5.1; SV1)"
64.120.153.21 - - [28/May/2010:23:17:42 +0000] "GET http://www.sabf.org.ar/a-poster/proxy.php HTTP/1.1" 404 9100 "-" "Mozilla/4.0 (compatible; MSIE 6.0; Windows NT 5.1; SV1)"
82.103.128.170 - - [28/May/2010:23:21:01 +0000] "GET http://82.103.128.170:80/judge.php HTTP/1.0" 301 240 "-" "MSIE 6.0"
69.10.34.10 - - [28/May/2010:23:21:07 +0000] "GET http://invite-vk.com/modules/proxy_checker.php?a=result&id=8882 HTTP/1.1" 301 277 "-" "-"
64.120.153.21 - - [28/May/2010:23:21:11 +0000] "POST http://64.120.153.21/a-poster/proxy.php HTTP/1.1" 301 249 "-" "Mozilla/4.0 (compatible; MSIE 6.0; Windows NT 5.1; SV1)"
64.120.153.21 - - [28/May/2010:23:21:11 +0000] "GET http://www.sabf.org.ar/a-poster/proxy.php HTTP/1.1" 404 9100 "-" "Mozilla/4.0 (compatible; MSIE 6.0; Windows NT 5.1; SV1)"
216.129.119.13 - - [28/May/2010:23:22:59 +0000] "GET /robots.txt HTTP/1.1" 200 357 "-" "Mozilla/5.0 (Twiceler-0.9 http://www.cuil.com/twiceler/robot.html)"
66.197.252.229 - - [28/May/2010:23:23:27 +0000] "POST http://66.197.252.229/a-poster/proxy.php HTTP/1.1" 301 249 "-" "Mozilla/4.0 (compatible; MSIE 6.0; Windows NT 5.1; SV1)"
66.197.252.229 - - [28/May/2010:23:23:27 +0000] "GET http://www.sabf.org.ar/a-poster/proxy.php HTTP/1.1" 404 9100 "-" "Mozilla/4.0 (compatible; MSIE 6.0; Windows NT 5.1; SV1)"
212.95.54.122 - - [28/May/2010:23:24:02 +0000] "POST http://89.149.244.240/a-poster/proxy.php HTTP/1.1" 301 249 "-" "Mozilla/4.0 (compatible; MSIE 6.0; Windows NT 5.1; SV1)"
212.95.54.122 - - [28/May/2010:23:24:02 +0000] "GET http://www.sabf.org.ar/a-poster/proxy.php HTTP/1.1" 404 9100 "-" "Mozilla/4.0 (compatible; MSIE 6.0; Windows NT 5.1; SV1)"
190.224.155.240 - - [28/May/2010:23:25:07 +0000] "GET /m___admin/ HTTP/1.1" 200 8171 "-" "Mozilla/5.0 (X11; U; Linux i686; en-US) AppleWebKit/532.5 (KHTML, like Gecko) Chrome/4.0.249.43 Safari/532.5"
190.224.155.240 - - [28/May/2010:23:25:08 +0000] "GET /m___admin/print.css HTTP/1.1" 200 1063 "http://www.sabf.org.ar/m___admin/" "Mozilla/5.0 (X11; U; Linux i686; en-US) AppleWebKit/532.5 (KHTML, like Gecko) Chrome/4.0.249.43 Safari/532.5"
190.224.155.240 - - [28/May/2010:23:25:08 +0000] "GET /m___admin/themes/original/img/logo_right.png HTTP/1.1" 200 5658 "http://www.sabf.org.ar/m___admin/" "Mozilla/5.0 (X11; U; Linux i686; en-US) AppleWebKit/532.5 (KHTML, like Gecko) Chrome/4.0.249.43 Safari/532.5"
190.224.155.240 - - [28/May/2010:23:25:08 +0000] "GET /m___admin/themes/original/img/b_info.png HTTP/1.1" 200 234 "http://www.sabf.org.ar/m___admin/" "Mozilla/5.0 (X11; U; Linux i686; en-US) AppleWebKit/532.5 (KHTML, like Gecko) Chrome/4.0.249.43 Safari/532.5"
190.224.155.240 - - [28/May/2010:23:25:08 +0000] "GET /m___admin/themes/original/img/b_help.png HTTP/1.1" 200 229 "http://www.sabf.org.ar/m___admin/" "Mozilla/5.0 (X11; U; Linux i686; en-US) AppleWebKit/532.5 (KHTML, like Gecko) Chrome/4.0.249.43 Safari/532.5"
190.224.155.240 - - [28/May/2010:23:25:08 +0000] "GET /m___admin/phpmyadmin.css.php?lang=es-utf-8&convcharset=iso-8859-1&collation_connection=utf8_unicode_ci&token=1ba6e16c957f766c1eba7b8df658628a&js_frame=right&nocache=3710267720 HTTP/1.1" 200 20584 "http://www.sabf.org.ar/m___admin/" "Mozilla/5.0 (X11; U; Linux i686; en-US) AppleWebKit/532.5 (KHTML, like Gecko) Chrome/4.0.249.43 Safari/532.5"
190.224.155.240 - - [28/May/2010:23:25:09 +0000] "GET /m___admin/themes/original/img/s_notice.png HTTP/1.1" 200 247 "http://www.sabf.org.ar/m___admin/" "Mozilla/5.0 (X11; U; Linux i686; en-US) AppleWebKit/532.5 (KHTML, like Gecko) Chrome/4.0.249.43 Safari/532.5"
190.224.155.240 - - [28/May/2010:23:25:09 +0000] "GET /m___admin/favicon.ico HTTP/1.1" 200 18902 "-" "Mozilla/5.0 (X11; U; Linux i686; en-US) AppleWebKit/532.5 (KHTML, like Gecko) Chrome/4.0.249.43 Safari/532.5"
190.224.155.240 - - [28/May/2010:23:25:16 +0000] "POST /m___admin/index.php HTTP/1.1" 302 - "http://www.sabf.org.ar/m___admin/" "Mozilla/5.0 (X11; U; Linux i686; en-US) AppleWebKit/532.5 (KHTML, like Gecko) Chrome/4.0.249.43 Safari/532.5"
190.224.155.240 - - [28/May/2010:23:25:16 +0000] "GET /m___admin/index.php?lang=es-utf-8&convcharset=iso-8859-1&collation_connection=utf8_unicode_ci&token=1ba6e16c957f766c1eba7b8df658628a HTTP/1.1" 200 2549 "http://www.sabf.org.ar/m___admin/" "Mozilla/5.0 (X11; U; Linux i686; en-US) AppleWebKit/532.5 (KHTML, like Gecko) Chrome/4.0.249.43 Safari/532.5"
190.224.155.240 - - [28/May/2010:23:25:17 +0000] "GET /m___admin/js/querywindow.js HTTP/1.1" 200 11256 "http://www.sabf.org.ar/m___admin/index.php?lang=es-utf-8&convcharset=iso-8859-1&collation_connection=utf8_unicode_ci&token=1ba6e16c957f766c1eba7b8df658628a" "Mozilla/5.0 (X11; U; Linux i686; en-US) AppleWebKit/532.5 (KHTML, like Gecko) Chrome/4.0.249.43 Safari/532.5"
190.224.155.240 - - [28/May/2010:23:25:17 +0000] "GET /m___admin/navigation.php?lang=es-utf-8&convcharset=iso-8859-1&collation_connection=utf8_unicode_ci&token=1ba6e16c957f766c1eba7b8df658628a HTTP/1.1" 200 1456 "http://www.sabf.org.ar/m___admin/index.php?lang=es-utf-8&convcharset=iso-8859-1&collation_connection=utf8_unicode_ci&token=1ba6e16c957f766c1eba7b8df658628a" "Mozilla/5.0 (X11; U; Linux i686; en-US) AppleWebKit/532.5 (KHTML, like Gecko) Chrome/4.0.249.43 Safari/532.5"
190.224.155.240 - - [28/May/2010:23:25:17 +0000] "GET /m___admin/main.php?lang=es-utf-8&convcharset=iso-8859-1&collation_connection=utf8_unicode_ci&token=1ba6e16c957f766c1eba7b8df658628a HTTP/1.1" 200 7570 "http://www.sabf.org.ar/m___admin/index.php?lang=es-utf-8&convcharset=iso-8859-1&collation_connection=utf8_unicode_ci&token=1ba6e16c957f766c1eba7b8df658628a" "Mozilla/5.0 (X11; U; Linux i686; en-US) AppleWebKit/532.5 (KHTML, like Gecko) Chrome/4.0.249.43 Safari/532.5"
190.224.155.240 - - [28/May/2010:23:25:18 +0000] "GET /m___admin/phpmyadmin.css.php?token=1ba6e16c957f766c1eba7b8df658628a&js_frame=left&nocache=3710267720 HTTP/1.1" 200 4100 "http://www.sabf.org.ar/m___admin/navigation.php?lang=es-utf-8&convcharset=iso-8859-1&collation_connection=utf8_unicode_ci&token=1ba6e16c957f766c1eba7b8df658628a" "Mozilla/5.0 (X11; U; Linux i686; en-US) AppleWebKit/532.5 (KHTML, like Gecko) Chrome/4.0.249.43 Safari/532.5"
190.224.155.240 - - [28/May/2010:23:25:18 +0000] "GET /m___admin/js/navigation.js HTTP/1.1" 200 3916 "http://www.sabf.org.ar/m___admin/navigation.php?lang=es-utf-8&convcharset=iso-8859-1&collation_connection=utf8_unicode_ci&token=1ba6e16c957f766c1eba7b8df658628a" "Mozilla/5.0 (X11; U; Linux i686; en-US) AppleWebKit/532.5 (KHTML, like Gecko) Chrome/4.0.249.43 Safari/532.5"
190.224.155.240 - - [28/May/2010:23:25:18 +0000] "GET /m___admin/print.css HTTP/1.1" 304 - "http://www.sabf.org.ar/m___admin/main.php?lang=es-utf-8&convcharset=iso-8859-1&collation_connection=utf8_unicode_ci&token=1ba6e16c957f766c1eba7b8df658628a" "Mozilla/5.0 (X11; U; Linux i686; en-US) AppleWebKit/532.5 (KHTML, like Gecko) Chrome/4.0.249.43 Safari/532.5"
190.224.155.240 - - [28/May/2010:23:25:18 +0000] "GET /m___admin/phpmyadmin.css.php?token=1ba6e16c957f766c1eba7b8df658628a&js_frame=right&nocache=3710267720 HTTP/1.1" 200 20584 "http://www.sabf.org.ar/m___admin/main.php?lang=es-utf-8&convcharset=iso-8859-1&collation_connection=utf8_unicode_ci&token=1ba6e16c957f766c1eba7b8df658628a" "Mozilla/5.0 (X11; U; Linux i686; en-US) AppleWebKit/532.5 (KHTML, like Gecko) Chrome/4.0.249.43 Safari/532.5"
190.224.155.240 - - [28/May/2010:23:25:18 +0000] "GET /m___admin/js/tooltip.js HTTP/1.1" 200 5228 "http://www.sabf.org.ar/m___admin/main.php?lang=es-utf-8&convcharset=iso-8859-1&collation_connection=utf8_unicode_ci&token=1ba6e16c957f766c1eba7b8df658628a" "Mozilla/5.0 (X11; U; Linux i686; en-US) AppleWebKit/532.5 (KHTML, like Gecko) Chrome/4.0.249.43 Safari/532.5"
190.224.155.240 - - [28/May/2010:23:25:18 +0000] "GET /m___admin/themes/original/img/logo_right.png HTTP/1.1" 304 - "http://www.sabf.org.ar/m___admin/main.php?lang=es-utf-8&convcharset=iso-8859-1&collation_connection=utf8_unicode_ci&token=1ba6e16c957f766c1eba7b8df658628a" "Mozilla/5.0 (X11; U; Linux i686; en-US) AppleWebKit/532.5 (KHTML, like Gecko) Chrome/4.0.249.43 Safari/532.5"
190.224.155.240 - - [28/May/2010:23:25:18 +0000] "GET /m___admin/themes/original/img/item_ltr.png HTTP/1.1" 200 173 "http://www.sabf.org.ar/m___admin/main.php?lang=es-utf-8&convcharset=iso-8859-1&collation_connection=utf8_unicode_ci&token=1ba6e16c957f766c1eba7b8df658628a" "Mozilla/5.0 (X11; U; Linux i686; en-US) AppleWebKit/532.5 (KHTML, like Gecko) Chrome/4.0.249.43 Safari/532.5"
190.224.155.240 - - [28/May/2010:23:25:19 +0000] "GET /m___admin/themes/original/img/s_host.png HTTP/1.1" 200 316 "http://www.sabf.org.ar/m___admin/main.php?lang=es-utf-8&convcharset=iso-8859-1&collation_connection=utf8_unicode_ci&token=1ba6e16c957f766c1eba7b8df658628a" "Mozilla/5.0 (X11; U; Linux i686; en-US) AppleWebKit/532.5 (KHTML, like Gecko) Chrome/4.0.249.43 Safari/532.5"
190.224.155.240 - - [28/May/2010:23:25:19 +0000] "GET /m___admin/themes/original/img/s_asci.png HTTP/1.1" 200 254 "http://www.sabf.org.ar/m___admin/main.php?lang=es-utf-8&convcharset=iso-8859-1&collation_connection=utf8_unicode_ci&token=1ba6e16c957f766c1eba7b8df658628a" "Mozilla/5.0 (X11; U; Linux i686; en-US) AppleWebKit/532.5 (KHTML, like Gecko) Chrome/4.0.249.43 Safari/532.5"
190.224.155.240 - - [28/May/2010:23:25:19 +0000] "GET /m___admin/themes/original/img/b_help.png HTTP/1.1" 304 - "http://www.sabf.org.ar/m___admin/main.php?lang=es-utf-8&convcharset=iso-8859-1&collation_connection=utf8_unicode_ci&token=1ba6e16c957f766c1eba7b8df658628a" "Mozilla/5.0 (X11; U; Linux i686; en-US) AppleWebKit/532.5 (KHTML, like Gecko) Chrome/4.0.249.43 Safari/532.5"
190.224.155.240 - - [28/May/2010:23:25:18 +0000] "GET /m___admin/js/functions.js HTTP/1.1" 200 40801 "http://www.sabf.org.ar/m___admin/navigation.php?lang=es-utf-8&convcharset=iso-8859-1&collation_connection=utf8_unicode_ci&token=1ba6e16c957f766c1eba7b8df658628a" "Mozilla/5.0 (X11; U; Linux i686; en-US) AppleWebKit/532.5 (KHTML, like Gecko) Chrome/4.0.249.43 Safari/532.5"
190.224.155.240 - - [28/May/2010:23:25:19 +0000] "GET /m___admin/themes/original/img/b_newdb.png HTTP/1.1" 200 408 "http://www.sabf.org.ar/m___admin/main.php?lang=es-utf-8&convcharset=iso-8859-1&collation_connection=utf8_unicode_ci&token=1ba6e16c957f766c1eba7b8df658628a" "Mozilla/5.0 (X11; U; Linux i686; en-US) AppleWebKit/532.5 (KHTML, like Gecko) Chrome/4.0.249.43 Safari/532.5"
190.224.155.240 - - [28/May/2010:23:25:19 +0000] "GET /m___admin/themes/original/img/s_status.png HTTP/1.1" 200 313 "http://www.sabf.org.ar/m___admin/main.php?lang=es-utf-8&convcharset=iso-8859-1&collation_connection=utf8_unicode_ci&token=1ba6e16c957f766c1eba7b8df658628a" "Mozilla/5.0 (X11; U; Linux i686; en-US) AppleWebKit/532.5 (KHTML, like Gecko) Chrome/4.0.249.43 Safari/532.5"
190.224.155.240 - - [28/May/2010:23:25:19 +0000] "GET /m___admin/themes/original/img/s_vars.png HTTP/1.1" 200 306 "http://www.sabf.org.ar/m___admin/main.php?lang=es-utf-8&convcharset=iso-8859-1&collation_connection=utf8_unicode_ci&token=1ba6e16c957f766c1eba7b8df658628a" "Mozilla/5.0 (X11; U; Linux i686; en-US) AppleWebKit/532.5 (KHTML, like Gecko) Chrome/4.0.249.43 Safari/532.5"
190.224.155.240 - - [28/May/2010:23:25:19 +0000] "GET /m___admin/themes/original/img/s_process.png HTTP/1.1" 200 362 "http://www.sabf.org.ar/m___admin/main.php?lang=es-utf-8&convcharset=iso-8859-1&collation_connection=utf8_unicode_ci&token=1ba6e16c957f766c1eba7b8df658628a" "Mozilla/5.0 (X11; U; Linux i686; en-US) AppleWebKit/532.5 (KHTML, like Gecko) Chrome/4.0.249.43 Safari/532.5"
190.224.155.240 - - [28/May/2010:23:25:19 +0000] "GET /m___admin/themes/original/img/b_engine.png HTTP/1.1" 200 362 "http://www.sabf.org.ar/m___admin/main.php?lang=es-utf-8&convcharset=iso-8859-1&collation_connection=utf8_unicode_ci&token=1ba6e16c957f766c1eba7b8df658628a" "Mozilla/5.0 (X11; U; Linux i686; en-US) AppleWebKit/532.5 (KHTML, like Gecko) Chrome/4.0.249.43 Safari/532.5"
190.224.155.240 - - [28/May/2010:23:25:19 +0000] "GET /m___admin/themes/original/img/s_rights.png HTTP/1.1" 200 512 "http://www.sabf.org.ar/m___admin/main.php?lang=es-utf-8&convcharset=iso-8859-1&collation_connection=utf8_unicode_ci&token=1ba6e16c957f766c1eba7b8df658628a" "Mozilla/5.0 (X11; U; Linux i686; en-US) AppleWebKit/532.5 (KHTML, like Gecko) Chrome/4.0.249.43 Safari/532.5"
190.224.155.240 - - [28/May/2010:23:25:19 +0000] "GET /m___admin/themes/original/img/s_db.png HTTP/1.1" 200 285 "http://www.sabf.org.ar/m___admin/main.php?lang=es-utf-8&convcharset=iso-8859-1&collation_connection=utf8_unicode_ci&token=1ba6e16c957f766c1eba7b8df658628a" "Mozilla/5.0 (X11; U; Linux i686; en-US) AppleWebKit/532.5 (KHTML, like Gecko) Chrome/4.0.249.43 Safari/532.5"
190.224.155.240 - - [28/May/2010:23:25:19 +0000] "GET /m___admin/themes/original/img/b_export.png HTTP/1.1" 200 313 "http://www.sabf.org.ar/m___admin/main.php?lang=es-utf-8&convcharset=iso-8859-1&collation_connection=utf8_unicode_ci&token=1ba6e16c957f766c1eba7b8df658628a" "Mozilla/5.0 (X11; U; Linux i686; en-US) AppleWebKit/532.5 (KHTML, like Gecko) Chrome/4.0.249.43 Safari/532.5"
190.224.155.240 - - [28/May/2010:23:25:19 +0000] "GET /m___admin/themes/original/img/b_import.png HTTP/1.1" 200 310 "http://www.sabf.org.ar/m___admin/main.php?lang=es-utf-8&convcharset=iso-8859-1&collation_connection=utf8_unicode_ci&token=1ba6e16c957f766c1eba7b8df658628a" "Mozilla/5.0 (X11; U; Linux i686; en-US) AppleWebKit/532.5 (KHTML, like Gecko) Chrome/4.0.249.43 Safari/532.5"
190.224.155.240 - - [28/May/2010:23:25:19 +0000] "GET /m___admin/themes/original/img/s_loggoff.png HTTP/1.1" 200 262 "http://www.sabf.org.ar/m___admin/main.php?lang=es-utf-8&convcharset=iso-8859-1&collation_connection=utf8_unicode_ci&token=1ba6e16c957f766c1eba7b8df658628a" "Mozilla/5.0 (X11; U; Linux i686; en-US) AppleWebKit/532.5 (KHTML, like Gecko) Chrome/4.0.249.43 Safari/532.5"
190.224.155.240 - - [28/May/2010:23:25:19 +0000] "GET /m___admin/themes/original/img/s_lang.png HTTP/1.1" 200 422 "http://www.sabf.org.ar/m___admin/main.php?lang=es-utf-8&convcharset=iso-8859-1&collation_connection=utf8_unicode_ci&token=1ba6e16c957f766c1eba7b8df658628a" "Mozilla/5.0 (X11; U; Linux i686; en-US) AppleWebKit/532.5 (KHTML, like Gecko) Chrome/4.0.249.43 Safari/532.5"
190.224.155.240 - - [28/May/2010:23:25:19 +0000] "GET /m___admin/themes/original/img/b_info.png HTTP/1.1" 304 - "http://www.sabf.org.ar/m___admin/main.php?lang=es-utf-8&convcharset=iso-8859-1&collation_connection=utf8_unicode_ci&token=1ba6e16c957f766c1eba7b8df658628a" "Mozilla/5.0 (X11; U; Linux i686; en-US) AppleWebKit/532.5 (KHTML, like Gecko) Chrome/4.0.249.43 Safari/532.5"
190.224.155.240 - - [28/May/2010:23:25:19 +0000] "GET /m___admin/themes/original/img/s_theme.png HTTP/1.1" 200 737 "http://www.sabf.org.ar/m___admin/main.php?lang=es-utf-8&convcharset=iso-8859-1&collation_connection=utf8_unicode_ci&token=1ba6e16c957f766c1eba7b8df658628a" "Mozilla/5.0 (X11; U; Linux i686; en-US) AppleWebKit/532.5 (KHTML, like Gecko) Chrome/4.0.249.43 Safari/532.5"
190.224.155.240 - - [28/May/2010:23:25:19 +0000] "GET /m___admin/themes/original/img/b_docs.png HTTP/1.1" 200 292 "http://www.sabf.org.ar/m___admin/main.php?lang=es-utf-8&convcharset=iso-8859-1&collation_connection=utf8_unicode_ci&token=1ba6e16c957f766c1eba7b8df658628a" "Mozilla/5.0 (X11; U; Linux i686; en-US) AppleWebKit/532.5 (KHTML, like Gecko) Chrome/4.0.249.43 Safari/532.5"
190.224.155.240 - - [28/May/2010:23:25:19 +0000] "GET /m___admin/themes/original/img/b_home.png HTTP/1.1" 200 370 "http://www.sabf.org.ar/m___admin/main.php?lang=es-utf-8&convcharset=iso-8859-1&collation_connection=utf8_unicode_ci&token=1ba6e16c957f766c1eba7b8df658628a" "Mozilla/5.0 (X11; U; Linux i686; en-US) AppleWebKit/532.5 (KHTML, like Gecko) Chrome/4.0.249.43 Safari/532.5"
190.224.155.240 - - [28/May/2010:23:25:19 +0000] "GET /m___admin/themes/original/img/window-new.png HTTP/1.1" 200 583 "http://www.sabf.org.ar/m___admin/main.php?lang=es-utf-8&convcharset=iso-8859-1&collation_connection=utf8_unicode_ci&token=1ba6e16c957f766c1eba7b8df658628a" "Mozilla/5.0 (X11; U; Linux i686; en-US) AppleWebKit/532.5 (KHTML, like Gecko) Chrome/4.0.249.43 Safari/532.5"
190.224.155.240 - - [28/May/2010:23:25:19 +0000] "GET /m___admin/themes/original/img/logo_left.png HTTP/1.1" 200 6854 "http://www.sabf.org.ar/m___admin/navigation.php?lang=es-utf-8&convcharset=iso-8859-1&collation_connection=utf8_unicode_ci&token=1ba6e16c957f766c1eba7b8df658628a" "Mozilla/5.0 (X11; U; Linux i686; en-US) AppleWebKit/532.5 (KHTML, like Gecko) Chrome/4.0.249.43 Safari/532.5"
190.224.155.240 - - [28/May/2010:23:25:19 +0000] "GET /m___admin/themes/original/img/b_selboard.png HTTP/1.1" 200 274 "http://www.sabf.org.ar/m___admin/navigation.php?lang=es-utf-8&convcharset=iso-8859-1&collation_connection=utf8_unicode_ci&token=1ba6e16c957f766c1eba7b8df658628a" "Mozilla/5.0 (X11; U; Linux i686; en-US) AppleWebKit/532.5 (KHTML, like Gecko) Chrome/4.0.249.43 Safari/532.5"
190.224.155.240 - - [28/May/2010:23:25:19 +0000] "GET /m___admin/themes/original/img/b_sqlhelp.png HTTP/1.1" 200 287 "http://www.sabf.org.ar/m___admin/navigation.php?lang=es-utf-8&convcharset=iso-8859-1&collation_connection=utf8_unicode_ci&token=1ba6e16c957f766c1eba7b8df658628a" "Mozilla/5.0 (X11; U; Linux i686; en-US) AppleWebKit/532.5 (KHTML, like Gecko) Chrome/4.0.249.43 Safari/532.5"
190.224.155.240 - - [28/May/2010:23:25:23 +0000] "GET /m___admin/index.php?db=sabf_apply&token=1ba6e16c957f766c1eba7b8df658628a HTTP/1.1" 200 2357 "http://www.sabf.org.ar/m___admin/navigation.php?lang=es-utf-8&convcharset=iso-8859-1&collation_connection=utf8_unicode_ci&token=1ba6e16c957f766c1eba7b8df658628a" "Mozilla/5.0 (X11; U; Linux i686; en-US) AppleWebKit/532.5 (KHTML, like Gecko) Chrome/4.0.249.43 Safari/532.5"
190.224.155.240 - - [28/May/2010:23:25:23 +0000] "GET /m___admin/navigation.php?db=sabf_apply&token=1ba6e16c957f766c1eba7b8df658628a HTTP/1.1" 200 2452 "http://www.sabf.org.ar/m___admin/index.php?db=sabf_apply&token=1ba6e16c957f766c1eba7b8df658628a" "Mozilla/5.0 (X11; U; Linux i686; en-US) AppleWebKit/532.5 (KHTML, like Gecko) Chrome/4.0.249.43 Safari/532.5"
190.224.155.240 - - [28/May/2010:23:25:24 +0000] "GET /m___admin/themes/original/img/b_sbrowse.png HTTP/1.1" 200 197 "http://www.sabf.org.ar/m___admin/navigation.php?db=sabf_apply&token=1ba6e16c957f766c1eba7b8df658628a" "Mozilla/5.0 (X11; U; Linux i686; en-US) AppleWebKit/532.5 (KHTML, like Gecko) Chrome/4.0.249.43 Safari/532.5"
190.224.155.240 - - [28/May/2010:23:25:23 +0000] "GET /m___admin/db_structure.php?db=sabf_apply&token=1ba6e16c957f766c1eba7b8df658628a HTTP/1.1" 200 5797 "http://www.sabf.org.ar/m___admin/index.php?db=sabf_apply&token=1ba6e16c957f766c1eba7b8df658628a" "Mozilla/5.0 (X11; U; Linux i686; en-US) AppleWebKit/532.5 (KHTML, like Gecko) Chrome/4.0.249.43 Safari/532.5"
190.224.155.240 - - [28/May/2010:23:25:24 +0000] "GET /m___admin/themes/original/img/b_props.png HTTP/1.1" 200 294 "http://www.sabf.org.ar/m___admin/db_structure.php?db=sabf_apply&token=1ba6e16c957f766c1eba7b8df658628a" "Mozilla/5.0 (X11; U; Linux i686; en-US) AppleWebKit/532.5 (KHTML, like Gecko) Chrome/4.0.249.43 Safari/532.5"
190.224.155.240 - - [28/May/2010:23:25:24 +0000] "GET /m___admin/themes/original/img/b_sql.png HTTP/1.1" 200 322 "http://www.sabf.org.ar/m___admin/db_structure.php?db=sabf_apply&token=1ba6e16c957f766c1eba7b8df658628a" "Mozilla/5.0 (X11; U; Linux i686; en-US) AppleWebKit/532.5 (KHTML, like Gecko) Chrome/4.0.249.43 Safari/532.5"
190.224.155.240 - - [28/May/2010:23:25:24 +0000] "GET /m___admin/themes/original/img/b_search.png HTTP/1.1" 200 605 "http://www.sabf.org.ar/m___admin/db_structure.php?db=sabf_apply&token=1ba6e16c957f766c1eba7b8df658628a" "Mozilla/5.0 (X11; U; Linux i686; en-US) AppleWebKit/532.5 (KHTML, like Gecko) Chrome/4.0.249.43 Safari/532.5"
190.224.155.240 - - [28/May/2010:23:25:24 +0000] "GET /m___admin/themes/original/img/b_tblops.png HTTP/1.1" 200 345 "http://www.sabf.org.ar/m___admin/db_structure.php?db=sabf_apply&token=1ba6e16c957f766c1eba7b8df658628a" "Mozilla/5.0 (X11; U; Linux i686; en-US) AppleWebKit/532.5 (KHTML, like Gecko) Chrome/4.0.249.43 Safari/532.5"
190.224.155.240 - - [28/May/2010:23:25:24 +0000] "GET /m___admin/themes/original/img/b_deltbl.png HTTP/1.1" 200 364 "http://www.sabf.org.ar/m___admin/db_structure.php?db=sabf_apply&token=1ba6e16c957f766c1eba7b8df658628a" "Mozilla/5.0 (X11; U; Linux i686; en-US) AppleWebKit/532.5 (KHTML, like Gecko) Chrome/4.0.249.43 Safari/532.5"
190.224.155.240 - - [28/May/2010:23:25:24 +0000] "GET /m___admin/themes/original/img/b_tipp.png HTTP/1.1" 200 308 "http://www.sabf.org.ar/m___admin/db_structure.php?db=sabf_apply&token=1ba6e16c957f766c1eba7b8df658628a" "Mozilla/5.0 (X11; U; Linux i686; en-US) AppleWebKit/532.5 (KHTML, like Gecko) Chrome/4.0.249.43 Safari/532.5"
190.224.155.240 - - [28/May/2010:23:25:24 +0000] "GET /m___admin/themes/original/img/b_browse.png HTTP/1.1" 200 265 "http://www.sabf.org.ar/m___admin/db_structure.php?db=sabf_apply&token=1ba6e16c957f766c1eba7b8df658628a" "Mozilla/5.0 (X11; U; Linux i686; en-US) AppleWebKit/532.5 (KHTML, like Gecko) Chrome/4.0.249.43 Safari/532.5"
190.224.155.240 - - [28/May/2010:23:25:24 +0000] "GET /m___admin/themes/original/img/b_select.png HTTP/1.1" 200 540 "http://www.sabf.org.ar/m___admin/db_structure.php?db=sabf_apply&token=1ba6e16c957f766c1eba7b8df658628a" "Mozilla/5.0 (X11; U; Linux i686; en-US) AppleWebKit/532.5 (KHTML, like Gecko) Chrome/4.0.249.43 Safari/532.5"
190.224.155.240 - - [28/May/2010:23:25:24 +0000] "GET /m___admin/themes/original/img/b_insrow.png HTTP/1.1" 200 283 "http://www.sabf.org.ar/m___admin/db_structure.php?db=sabf_apply&token=1ba6e16c957f766c1eba7b8df658628a" "Mozilla/5.0 (X11; U; Linux i686; en-US) AppleWebKit/532.5 (KHTML, like Gecko) Chrome/4.0.249.43 Safari/532.5"
190.224.155.240 - - [28/May/2010:23:25:24 +0000] "GET /m___admin/themes/original/img/b_empty.png HTTP/1.1" 200 298 "http://www.sabf.org.ar/m___admin/db_structure.php?db=sabf_apply&token=1ba6e16c957f766c1eba7b8df658628a" "Mozilla/5.0 (X11; U; Linux i686; en-US) AppleWebKit/532.5 (KHTML, like Gecko) Chrome/4.0.249.43 Safari/532.5"
190.224.155.240 - - [28/May/2010:23:25:24 +0000] "GET /m___admin/themes/original/img/b_drop.png HTTP/1.1" 200 311 "http://www.sabf.org.ar/m___admin/db_structure.php?db=sabf_apply&token=1ba6e16c957f766c1eba7b8df658628a" "Mozilla/5.0 (X11; U; Linux i686; en-US) AppleWebKit/532.5 (KHTML, like Gecko) Chrome/4.0.249.43 Safari/532.5"
190.224.155.240 - - [28/May/2010:23:25:24 +0000] "GET /m___admin/themes/original/img/bd_browse.png HTTP/1.1" 200 265 "http://www.sabf.org.ar/m___admin/db_structure.php?db=sabf_apply&token=1ba6e16c957f766c1eba7b8df658628a" "Mozilla/5.0 (X11; U; Linux i686; en-US) AppleWebKit/532.5 (KHTML, like Gecko) Chrome/4.0.249.43 Safari/532.5"
190.224.155.240 - - [28/May/2010:23:25:25 +0000] "GET /m___admin/themes/original/img/bd_select.png HTTP/1.1" 200 524 "http://www.sabf.org.ar/m___admin/db_structure.php?db=sabf_apply&token=1ba6e16c957f766c1eba7b8df658628a" "Mozilla/5.0 (X11; U; Linux i686; en-US) AppleWebKit/532.5 (KHTML, like Gecko) Chrome/4.0.249.43 Safari/532.5"
190.224.155.240 - - [28/May/2010:23:25:25 +0000] "GET /m___admin/themes/original/img/bd_empty.png HTTP/1.1" 200 298 "http://www.sabf.org.ar/m___admin/db_structure.php?db=sabf_apply&token=1ba6e16c957f766c1eba7b8df658628a" "Mozilla/5.0 (X11; U; Linux i686; en-US) AppleWebKit/532.5 (KHTML, like Gecko) Chrome/4.0.249.43 Safari/532.5"
190.224.155.240 - - [28/May/2010:23:25:25 +0000] "GET /m___admin/themes/original/img/arrow_ltr.png HTTP/1.1" 200 277 "http://www.sabf.org.ar/m___admin/db_structure.php?db=sabf_apply&token=1ba6e16c957f766c1eba7b8df658628a" "Mozilla/5.0 (X11; U; Linux i686; en-US) AppleWebKit/532.5 (KHTML, like Gecko) Chrome/4.0.249.43 Safari/532.5"
190.224.155.240 - - [28/May/2010:23:25:25 +0000] "GET /m___admin/themes/original/img/b_print.png HTTP/1.1" 200 574 "http://www.sabf.org.ar/m___admin/db_structure.php?db=sabf_apply&token=1ba6e16c957f766c1eba7b8df658628a" "Mozilla/5.0 (X11; U; Linux i686; en-US) AppleWebKit/532.5 (KHTML, like Gecko) Chrome/4.0.249.43 Safari/532.5"
190.224.155.240 - - [28/May/2010:23:25:25 +0000] "GET /m___admin/themes/original/img/b_tblanalyse.png HTTP/1.1" 200 296 "http://www.sabf.org.ar/m___admin/db_structure.php?db=sabf_apply&token=1ba6e16c957f766c1eba7b8df658628a" "Mozilla/5.0 (X11; U; Linux i686; en-US) AppleWebKit/532.5 (KHTML, like Gecko) Chrome/4.0.249.43 Safari/532.5"
190.224.155.240 - - [28/May/2010:23:25:25 +0000] "GET /m___admin/themes/original/img/b_newtbl.png HTTP/1.1" 200 409 "http://www.sabf.org.ar/m___admin/db_structure.php?db=sabf_apply&token=1ba6e16c957f766c1eba7b8df658628a" "Mozilla/5.0 (X11; U; Linux i686; en-US) AppleWebKit/532.5 (KHTML, like Gecko) Chrome/4.0.249.43 Safari/532.5"
87.117.198.178 - - [28/May/2010:23:26:16 +0000] "POST http://maxhosted.com/proxy5/check.php HTTP/1.1" 301 247 "http://1ce3e6e3f4/" "Mozilla/4.0 (compatible; MSIE 6.0; Windows NT 5.1; SV1)"
190.224.155.240 - - [28/May/2010:23:26:38 +0000] "GET /m___admin/tbl_structure.php?db=sabf_apply&token=1ba6e16c957f766c1eba7b8df658628a&table=users HTTP/1.1" 200 6719 "http://www.sabf.org.ar/m___admin/navigation.php?db=sabf_apply&token=1ba6e16c957f766c1eba7b8df658628a" "Mozilla/5.0 (X11; U; Linux i686; en-US) AppleWebKit/532.5 (KHTML, like Gecko) Chrome/4.0.249.43 Safari/532.5"
190.224.155.240 - - [28/May/2010:23:26:39 +0000] "GET /m___admin/themes/original/img/s_tbl.png HTTP/1.1" 200 252 "http://www.sabf.org.ar/m___admin/tbl_structure.php?db=sabf_apply&token=1ba6e16c957f766c1eba7b8df658628a&table=users" "Mozilla/5.0 (X11; U; Linux i686; en-US) AppleWebKit/532.5 (KHTML, like Gecko) Chrome/4.0.249.43 Safari/532.5"
190.224.155.240 - - [28/May/2010:23:26:39 +0000] "GET /m___admin/themes/original/img/b_tblexport.png HTTP/1.1" 200 283 "http://www.sabf.org.ar/m___admin/tbl_structure.php?db=sabf_apply&token=1ba6e16c957f766c1eba7b8df658628a&table=users" "Mozilla/5.0 (X11; U; Linux i686; en-US) AppleWebKit/532.5 (KHTML, like Gecko) Chrome/4.0.249.43 Safari/532.5"
190.224.155.240 - - [28/May/2010:23:26:39 +0000] "GET /m___admin/themes/original/img/b_tblimport.png HTTP/1.1" 200 280 "http://www.sabf.org.ar/m___admin/tbl_structure.php?db=sabf_apply&token=1ba6e16c957f766c1eba7b8df658628a&table=users" "Mozilla/5.0 (X11; U; Linux i686; en-US) AppleWebKit/532.5 (KHTML, like Gecko) Chrome/4.0.249.43 Safari/532.5"
190.224.155.240 - - [28/May/2010:23:26:39 +0000] "GET /m___admin/themes/original/img/b_edit.png HTTP/1.1" 200 451 "http://www.sabf.org.ar/m___admin/tbl_structure.php?db=sabf_apply&token=1ba6e16c957f766c1eba7b8df658628a&table=users" "Mozilla/5.0 (X11; U; Linux i686; en-US) AppleWebKit/532.5 (KHTML, like Gecko) Chrome/4.0.249.43 Safari/532.5"
190.224.155.240 - - [28/May/2010:23:26:39 +0000] "GET /m___admin/themes/original/img/b_primary.png HTTP/1.1" 200 416 "http://www.sabf.org.ar/m___admin/tbl_structure.php?db=sabf_apply&token=1ba6e16c957f766c1eba7b8df658628a&table=users" "Mozilla/5.0 (X11; U; Linux i686; en-US) AppleWebKit/532.5 (KHTML, like Gecko) Chrome/4.0.249.43 Safari/532.5"
190.224.155.240 - - [28/May/2010:23:26:39 +0000] "GET /m___admin/themes/original/img/b_index.png HTTP/1.1" 200 315 "http://www.sabf.org.ar/m___admin/tbl_structure.php?db=sabf_apply&token=1ba6e16c957f766c1eba7b8df658628a&table=users" "Mozilla/5.0 (X11; U; Linux i686; en-US) AppleWebKit/532.5 (KHTML, like Gecko) Chrome/4.0.249.43 Safari/532.5"
190.224.155.240 - - [28/May/2010:23:26:39 +0000] "GET /m___admin/themes/original/img/bd_ftext.png HTTP/1.1" 200 277 "http://www.sabf.org.ar/m___admin/tbl_structure.php?db=sabf_apply&token=1ba6e16c957f766c1eba7b8df658628a&table=users" "Mozilla/5.0 (X11; U; Linux i686; en-US) AppleWebKit/532.5 (KHTML, like Gecko) Chrome/4.0.249.43 Safari/532.5"
190.224.155.240 - - [28/May/2010:23:26:39 +0000] "GET /m___admin/themes/original/img/b_ftext.png HTTP/1.1" 200 277 "http://www.sabf.org.ar/m___admin/tbl_structure.php?db=sabf_apply&token=1ba6e16c957f766c1eba7b8df658628a&table=users" "Mozilla/5.0 (X11; U; Linux i686; en-US) AppleWebKit/532.5 (KHTML, like Gecko) Chrome/4.0.249.43 Safari/532.5"
190.224.155.240 - - [28/May/2010:23:26:39 +0000] "GET /m___admin/themes/original/img/b_unique.png HTTP/1.1" 200 281 "http://www.sabf.org.ar/m___admin/tbl_structure.php?db=sabf_apply&token=1ba6e16c957f766c1eba7b8df658628a&table=users" "Mozilla/5.0 (X11; U; Linux i686; en-US) AppleWebKit/532.5 (KHTML, like Gecko) Chrome/4.0.249.43 Safari/532.5"
190.224.155.240 - - [28/May/2010:23:26:40 +0000] "GET /m___admin/tbl_select.php?db=sabf_apply&table=users&token=1ba6e16c957f766c1eba7b8df658628a&goto=tbl_structure.php&back=tbl_structure.php HTTP/1.1" 200 4315 "http://www.sabf.org.ar/m___admin/tbl_structure.php?db=sabf_apply&token=1ba6e16c957f766c1eba7b8df658628a&table=users" "Mozilla/5.0 (X11; U; Linux i686; en-US) AppleWebKit/532.5 (KHTML, like Gecko) Chrome/4.0.249.43 Safari/532.5"
190.224.155.240 - - [28/May/2010:23:26:41 +0000] "GET /m___admin/js/tbl_change.js HTTP/1.1" 200 11151 "http://www.sabf.org.ar/m___admin/tbl_select.php?db=sabf_apply&table=users&token=1ba6e16c957f766c1eba7b8df658628a&goto=tbl_structure.php&back=tbl_structure.php" "Mozilla/5.0 (X11; U; Linux i686; en-US) AppleWebKit/532.5 (KHTML, like Gecko) Chrome/4.0.249.43 Safari/532.5"
190.224.155.240 - - [28/May/2010:23:26:42 +0000] "GET /m___admin/themes/original/img/b_calendar.png HTTP/1.1" 200 308 "http://www.sabf.org.ar/m___admin/tbl_select.php?db=sabf_apply&table=users&token=1ba6e16c957f766c1eba7b8df658628a&goto=tbl_structure.php&back=tbl_structure.php" "Mozilla/5.0 (X11; U; Linux i686; en-US) AppleWebKit/532.5 (KHTML, like Gecko) Chrome/4.0.249.43 Safari/532.5"
66.197.252.229 - - [28/May/2010:23:26:52 +0000] "POST http://66.197.252.229/a-poster/proxy.php HTTP/1.1" 301 249 "-" "Mozilla/4.0 (compatible; MSIE 6.0; Windows NT 5.1; SV1)"
66.197.252.229 - - [28/May/2010:23:26:52 +0000] "GET http://www.sabf.org.ar/a-poster/proxy.php HTTP/1.1" 404 9100 "-" "Mozilla/4.0 (compatible; MSIE 6.0; Windows NT 5.1; SV1)"
64.120.153.21 - - [28/May/2010:23:28:01 +0000] "POST http://64.120.153.21/a-poster/proxy.php HTTP/1.1" 301 249 "-" "Mozilla/4.0 (compatible; MSIE 6.0; Windows NT 5.1; SV1)"
64.120.153.21 - - [28/May/2010:23:28:01 +0000] "GET http://www.sabf.org.ar/a-poster/proxy.php HTTP/1.1" 404 9100 "-" "Mozilla/4.0 (compatible; MSIE 6.0; Windows NT 5.1; SV1)"
94.102.57.131 - - [28/May/2010:23:29:12 +0000] "GET http://servala.com/proxyc/engine.php HTTP/1.0" 301 248 "http://servala.com/proxyc/engine.php" "Mozilla/4.0 (compatible; MSIE 6.0; Windows 98; Win 9x 4.90)"
66.197.155.149 - - [28/May/2010:23:29:48 +0000] "POST http://66.197.155.149/a-poster/proxy.php HTTP/1.1" 301 249 "-" "Mozilla/4.0 (compatible; MSIE 6.0; Windows NT 5.1; SV1)"
66.197.155.149 - - [28/May/2010:23:29:48 +0000] "GET http://www.sabf.org.ar/a-poster/proxy.php HTTP/1.1" 404 9100 "-" "Mozilla/4.0 (compatible; MSIE 6.0; Windows NT 5.1; SV1)"
66.249.65.73 - - [28/May/2010:23:30:17 +0000] "GET /foro/ediciones-anteriores/2006/disertantes HTTP/1.1" 301 273 "-" "Mozilla/5.0 (compatible; Googlebot/2.1; +http://www.google.com/bot.html)"
66.249.65.106 - - [28/May/2010:23:30:18 +0000] "GET /foro/ediciones-anteriores/2006/disertantes HTTP/1.1" 500 3475 "-" "Mozilla/5.0 (compatible; Googlebot/2.1; +http://www.google.com/bot.html)"
66.197.252.229 - - [28/May/2010:23:30:23 +0000] "POST http://66.197.252.229/a-poster/proxy.php HTTP/1.1" 301 249 "-" "Mozilla/4.0 (compatible; MSIE 6.0; Windows NT 5.1; SV1)"
66.197.252.229 - - [28/May/2010:23:30:23 +0000] "GET http://www.sabf.org.ar/a-poster/proxy.php HTTP/1.1" 404 9100 "-" "Mozilla/4.0 (compatible; MSIE 6.0; Windows NT 5.1; SV1)"
82.103.128.170 - - [28/May/2010:23:32:49 +0000] "GET http://82.103.128.170:80/judge.php HTTP/1.0" 301 240 "-" "MSIE 6.0"
66.197.252.229 - - [28/May/2010:23:33:54 +0000] "POST http://66.197.252.229/a-poster/proxy.php HTTP/1.1" 301 249 "-" "Mozilla/4.0 (compatible; MSIE 6.0; Windows NT 5.1; SV1)"
66.197.252.229 - - [28/May/2010:23:33:54 +0000] "GET http://www.sabf.org.ar/a-poster/proxy.php HTTP/1.1" 404 9100 "-" "Mozilla/4.0 (compatible; MSIE 6.0; Windows NT 5.1; SV1)"
72.232.173.194 - - [28/May/2010:23:35:18 +0000] "POST http://72.232.173.194/ff.php HTTP/1.0" 301 237 "-" "Mozilla/4.0 (compatible; MSIE 6.0; Windows NT 5.1)"
72.232.173.194 - - [28/May/2010:23:35:18 +0000] "GET http://www.sabf.org.ar/ff.php HTTP/1.0" 404 2552 "-" "Mozilla/4.0 (compatible; MSIE 6.0; Windows NT 5.1)"
124.115.0.109 - - [28/May/2010:23:35:47 +0000] "GET /forum/boosting-our-actions-in-the-new-decade HTTP/1.1" 500 10063 "-" "Sosospider+(+http://help.soso.com/webspider.htm)"
64.120.153.21 - - [28/May/2010:23:35:53 +0000] "POST http://64.120.153.21/a-poster/proxy.php HTTP/1.1" 301 249 "-" "Mozilla/4.0 (compatible; MSIE 6.0; Windows NT 5.1; SV1)"
64.120.153.21 - - [28/May/2010:23:35:53 +0000] "GET http://www.sabf.org.ar/a-poster/proxy.php HTTP/1.1" 404 9100 "-" "Mozilla/4.0 (compatible; MSIE 6.0; Windows NT 5.1; SV1)"
87.117.198.178 - - [28/May/2010:23:36:22 +0000] "POST http://maxhosted.com/proxy5/check.php HTTP/1.1" 301 247 "http://208e43f0e4/" "Mozilla/4.0 (compatible; MSIE 6.0; Windows NT 5.1; SV1)"
66.197.155.149 - - [28/May/2010:23:37:02 +0000] "POST http://66.197.155.149/a-poster/proxy.php HTTP/1.1" 301 249 "-" "Mozilla/4.0 (compatible; MSIE 6.0; Windows NT 5.1; SV1)"
66.197.155.149 - - [28/May/2010:23:37:02 +0000] "GET http://www.sabf.org.ar/a-poster/proxy.php HTTP/1.1" 404 9100 "-" "Mozilla/4.0 (compatible; MSIE 6.0; Windows NT 5.1; SV1)"
66.197.252.229 - - [28/May/2010:23:37:30 +0000] "POST http://66.197.252.229/a-poster/proxy.php HTTP/1.1" 301 249 "-" "Mozilla/4.0 (compatible; MSIE 6.0; Windows NT 5.1; SV1)"
66.197.252.229 - - [28/May/2010:23:37:30 +0000] "GET http://www.sabf.org.ar/a-poster/proxy.php HTTP/1.1" 404 9100 "-" "Mozilla/4.0 (compatible; MSIE 6.0; Windows NT 5.1; SV1)"
64.120.153.21 - - [28/May/2010:23:39:12 +0000] "POST http://64.120.153.21/a-poster/proxy.php HTTP/1.1" 301 249 "-" "Mozilla/4.0 (compatible; MSIE 6.0; Windows NT 5.1; SV1)"
64.120.153.21 - - [28/May/2010:23:39:12 +0000] "GET http://www.sabf.org.ar/a-poster/proxy.php HTTP/1.1" 404 9100 "-" "Mozilla/4.0 (compatible; MSIE 6.0; Windows NT 5.1; SV1)"
66.197.155.149 - - [28/May/2010:23:40:28 +0000] "POST http://66.197.155.149/a-poster/proxy.php HTTP/1.1" 301 249 "-" "Mozilla/4.0 (compatible; MSIE 6.0; Windows NT 5.1; SV1)"
66.197.155.149 - - [28/May/2010:23:40:28 +0000] "GET http://www.sabf.org.ar/a-poster/proxy.php HTTP/1.1" 404 9100 "-" "Mozilla/4.0 (compatible; MSIE 6.0; Windows NT 5.1; SV1)"
212.95.54.122 - - [28/May/2010:23:42:44 +0000] "POST http://89.149.244.240/a-poster/proxy.php HTTP/1.1" 301 249 "-" "Mozilla/4.0 (compatible; MSIE 6.0; Windows NT 5.1; SV1)"
212.95.54.122 - - [28/May/2010:23:42:45 +0000] "GET http://www.sabf.org.ar/a-poster/proxy.php HTTP/1.1" 404 9100 "-" "Mozilla/4.0 (compatible; MSIE 6.0; Windows NT 5.1; SV1)"
