209.13.158.2 - - [28/May/2010:21:34:52 +0000] "GET /manager/media/script/_session.gif?0.1104348600306152 HTTP/1.0" 200 43 "http://www.sabf.org.ar/manager/index.php?a=1&f=menu" "Mozilla/5.0 (Windows; U; Windows NT 6.1; en-US; rv:1.9.2) Gecko/20100115 Firefox/3.6"
67.195.112.228 - - [28/May/2010:21:35:00 +0000] "GET /preguntas-frecuentes HTTP/1.0" 500 3608 "-" "Mozilla/5.0 (compatible; Yahoo! Slurp/3.0; http://help.yahoo.com/help/us/ysearch/slurp)"
82.103.128.170 - - [28/May/2010:21:35:09 +0000] "GET http://82.103.128.170:80/judge.php HTTP/1.0" 301 240 "-" "MSIE 6.0"
209.13.158.2 - - [28/May/2010:21:35:16 +0000] "POST /manager/index.php HTTP/1.0" 200 29 "http://www.sabf.org.ar/manager/index.php?a=1&f=menu" "Mozilla/5.0 (Windows; U; Windows NT 6.1; en-US; rv:1.9.2) Gecko/20100115 Firefox/3.6"
145.120.14.11 - - [28/May/2010:21:35:16 +0000] "GET /manager/media/script/_session.gif?0.521876480197534 HTTP/1.1" 200 43 "http://www.sabf.org.ar/manager/index.php?a=1&f=menu" "Mozilla/5.0 (Macintosh; U; Intel Mac OS X 10_6_3; en-us) AppleWebKit/531.22.7 (KHTML, like Gecko) Version/4.0.5 Safari/531.22.7"
145.120.14.11 - - [28/May/2010:21:35:17 +0000] "POST /manager/index.php HTTP/1.1" 200 29 "http://www.sabf.org.ar/manager/index.php?a=1&f=menu" "Mozilla/5.0 (Macintosh; U; Intel Mac OS X 10_6_3; en-us) AppleWebKit/531.22.7 (KHTML, like Gecko) Version/4.0.5 Safari/531.22.7"
209.13.158.2 - - [28/May/2010:21:35:52 +0000] "GET /manager/media/script/_session.gif?0.990229391031087 HTTP/1.0" 200 43 "http://www.sabf.org.ar/manager/index.php?a=1&f=menu" "Mozilla/5.0 (Windows; U; Windows NT 6.1; en-US; rv:1.9.2) Gecko/20100115 Firefox/3.6"
209.13.158.2 - - [28/May/2010:21:36:16 +0000] "POST /manager/index.php HTTP/1.0" 200 29 "http://www.sabf.org.ar/manager/index.php?a=1&f=menu" "Mozilla/5.0 (Windows; U; Windows NT 6.1; en-US; rv:1.9.2) Gecko/20100115 Firefox/3.6"
145.120.14.11 - - [28/May/2010:21:36:16 +0000] "GET /manager/media/script/_session.gif?0.45626614009961486 HTTP/1.1" 200 43 "http://www.sabf.org.ar/manager/index.php?a=1&f=menu" "Mozilla/5.0 (Macintosh; U; Intel Mac OS X 10_6_3; en-us) AppleWebKit/531.22.7 (KHTML, like Gecko) Version/4.0.5 Safari/531.22.7"
145.120.14.11 - - [28/May/2010:21:36:17 +0000] "POST /manager/index.php HTTP/1.1" 200 29 "http://www.sabf.org.ar/manager/index.php?a=1&f=menu" "Mozilla/5.0 (Macintosh; U; Intel Mac OS X 10_6_3; en-us) AppleWebKit/531.22.7 (KHTML, like Gecko) Version/4.0.5 Safari/531.22.7"
87.117.198.178 - - [28/May/2010:21:36:23 +0000] "POST http://maxhosted.com/proxy5/check.php HTTP/1.1" 301 247 "http://83691715fd/" "Mozilla/4.0 (compatible; MSIE 6.0; Windows NT 5.1; SV1)"
209.13.158.2 - - [28/May/2010:21:36:52 +0000] "GET /manager/media/script/_session.gif?0.2236105152790352 HTTP/1.0" 200 43 "http://www.sabf.org.ar/manager/index.php?a=1&f=menu" "Mozilla/5.0 (Windows; U; Windows NT 6.1; en-US; rv:1.9.2) Gecko/20100115 Firefox/3.6"
209.13.158.2 - - [28/May/2010:21:37:16 +0000] "POST /manager/index.php HTTP/1.0" 200 29 "http://www.sabf.org.ar/manager/index.php?a=1&f=menu" "Mozilla/5.0 (Windows; U; Windows NT 6.1; en-US; rv:1.9.2) Gecko/20100115 Firefox/3.6"
145.120.14.11 - - [28/May/2010:21:37:16 +0000] "GET /manager/media/script/_session.gif?0.7248672165442258 HTTP/1.1" 200 43 "http://www.sabf.org.ar/manager/index.php?a=1&f=menu" "Mozilla/5.0 (Macintosh; U; Intel Mac OS X 10_6_3; en-us) AppleWebKit/531.22.7 (KHTML, like Gecko) Version/4.0.5 Safari/531.22.7"
145.120.14.11 - - [28/May/2010:21:37:17 +0000] "POST /manager/index.php HTTP/1.1" 200 29 "http://www.sabf.org.ar/manager/index.php?a=1&f=menu" "Mozilla/5.0 (Macintosh; U; Intel Mac OS X 10_6_3; en-us) AppleWebKit/531.22.7 (KHTML, like Gecko) Version/4.0.5 Safari/531.22.7"
69.10.34.10 - - [28/May/2010:21:37:49 +0000] "GET http://invite-vk.com/modules/proxy_checker.php?a=result&id=8956 HTTP/1.1" 301 277 "-" "-"
209.13.158.2 - - [28/May/2010:21:37:52 +0000] "GET /manager/media/script/_session.gif?0.05646377287812132 HTTP/1.0" 200 43 "http://www.sabf.org.ar/manager/index.php?a=1&f=menu" "Mozilla/5.0 (Windows; U; Windows NT 6.1; en-US; rv:1.9.2) Gecko/20100115 Firefox/3.6"
64.120.153.21 - - [28/May/2010:21:38:01 +0000] "POST http://64.120.153.21/a-poster/proxy.php HTTP/1.1" 301 249 "-" "Mozilla/4.0 (compatible; MSIE 6.0; Windows NT 5.1; SV1)"
64.120.153.21 - - [28/May/2010:21:38:01 +0000] "GET http://www.sabf.org.ar/a-poster/proxy.php HTTP/1.1" 404 9100 "-" "Mozilla/4.0 (compatible; MSIE 6.0; Windows NT 5.1; SV1)"
216.129.119.14 - - [28/May/2010:21:38:07 +0000] "GET /robots.txt HTTP/1.1" 200 357 "-" "Mozilla/5.0 (Twiceler-0.9 http://www.cuil.com/twiceler/robot.html)"
209.13.158.2 - - [28/May/2010:21:38:16 +0000] "POST /manager/index.php HTTP/1.0" 200 29 "http://www.sabf.org.ar/manager/index.php?a=1&f=menu" "Mozilla/5.0 (Windows; U; Windows NT 6.1; en-US; rv:1.9.2) Gecko/20100115 Firefox/3.6"
145.120.14.11 - - [28/May/2010:21:38:17 +0000] "POST /manager/index.php HTTP/1.1" 200 29 "http://www.sabf.org.ar/manager/index.php?a=1&f=menu" "Mozilla/5.0 (Macintosh; U; Intel Mac OS X 10_6_3; en-us) AppleWebKit/531.22.7 (KHTML, like Gecko) Version/4.0.5 Safari/531.22.7"
145.120.14.11 - - [28/May/2010:21:38:17 +0000] "GET /manager/media/script/_session.gif?0.6646971798036247 HTTP/1.1" 200 43 "http://www.sabf.org.ar/manager/index.php?a=1&f=menu" "Mozilla/5.0 (Macintosh; U; Intel Mac OS X 10_6_3; en-us) AppleWebKit/531.22.7 (KHTML, like Gecko) Version/4.0.5 Safari/531.22.7"
209.13.158.2 - - [28/May/2010:21:38:52 +0000] "GET /manager/media/script/_session.gif?0.10716971707575895 HTTP/1.0" 200 43 "http://www.sabf.org.ar/manager/index.php?a=1&f=menu" "Mozilla/5.0 (Windows; U; Windows NT 6.1; en-US; rv:1.9.2) Gecko/20100115 Firefox/3.6"
66.249.65.101 - - [28/May/2010:21:39:11 +0000] "GET /about-us/vision HTTP/1.1" 500 2173 "-" "Mozilla/5.0 (compatible; Googlebot/2.1; +http://www.google.com/bot.html)"
209.13.158.2 - - [28/May/2010:21:39:16 +0000] "POST /manager/index.php HTTP/1.0" 200 29 "http://www.sabf.org.ar/manager/index.php?a=1&f=menu" "Mozilla/5.0 (Windows; U; Windows NT 6.1; en-US; rv:1.9.2) Gecko/20100115 Firefox/3.6"
145.120.14.11 - - [28/May/2010:21:39:16 +0000] "GET /manager/media/script/_session.gif?0.9242662005126476 HTTP/1.1" 200 43 "http://www.sabf.org.ar/manager/index.php?a=1&f=menu" "Mozilla/5.0 (Macintosh; U; Intel Mac OS X 10_6_3; en-us) AppleWebKit/531.22.7 (KHTML, like Gecko) Version/4.0.5 Safari/531.22.7"
145.120.14.11 - - [28/May/2010:21:39:17 +0000] "POST /manager/index.php HTTP/1.1" 200 29 "http://www.sabf.org.ar/manager/index.php?a=1&f=menu" "Mozilla/5.0 (Macintosh; U; Intel Mac OS X 10_6_3; en-us) AppleWebKit/531.22.7 (KHTML, like Gecko) Version/4.0.5 Safari/531.22.7"
69.10.34.10 - - [28/May/2010:21:39:49 +0000] "GET http://invite-vk.com/modules/proxy_checker.php?a=result&id=8956 HTTP/1.1" 301 277 "-" "-"
209.13.158.2 - - [28/May/2010:21:39:52 +0000] "GET /manager/media/script/_session.gif?0.622830298753757 HTTP/1.0" 200 43 "http://www.sabf.org.ar/manager/index.php?a=1&f=menu" "Mozilla/5.0 (Windows; U; Windows NT 6.1; en-US; rv:1.9.2) Gecko/20100115 Firefox/3.6"
209.13.158.2 - - [28/May/2010:21:40:16 +0000] "POST /manager/index.php HTTP/1.0" 200 29 "http://www.sabf.org.ar/manager/index.php?a=1&f=menu" "Mozilla/5.0 (Windows; U; Windows NT 6.1; en-US; rv:1.9.2) Gecko/20100115 Firefox/3.6"
145.120.14.11 - - [28/May/2010:21:40:16 +0000] "GET /manager/media/script/_session.gif?0.400585126131773 HTTP/1.1" 200 43 "http://www.sabf.org.ar/manager/index.php?a=1&f=menu" "Mozilla/5.0 (Macintosh; U; Intel Mac OS X 10_6_3; en-us) AppleWebKit/531.22.7 (KHTML, like Gecko) Version/4.0.5 Safari/531.22.7"
145.120.14.11 - - [28/May/2010:21:40:17 +0000] "POST /manager/index.php HTTP/1.1" 200 29 "http://www.sabf.org.ar/manager/index.php?a=1&f=menu" "Mozilla/5.0 (Macintosh; U; Intel Mac OS X 10_6_3; en-us) AppleWebKit/531.22.7 (KHTML, like Gecko) Version/4.0.5 Safari/531.22.7"
216.129.119.10 - - [28/May/2010:21:40:42 +0000] "GET /robots.txt HTTP/1.1" 200 357 "-" "Mozilla/5.0 (Twiceler-0.9 http://www.cuil.com/twiceler/robot.html)"
209.13.158.2 - - [28/May/2010:21:40:52 +0000] "GET /manager/media/script/_session.gif?0.08687733346464022 HTTP/1.0" 200 43 "http://www.sabf.org.ar/manager/index.php?a=1&f=menu" "Mozilla/5.0 (Windows; U; Windows NT 6.1; en-US; rv:1.9.2) Gecko/20100115 Firefox/3.6"
209.13.158.2 - - [28/May/2010:21:41:16 +0000] "POST /manager/index.php HTTP/1.0" 200 29 "http://www.sabf.org.ar/manager/index.php?a=1&f=menu" "Mozilla/5.0 (Windows; U; Windows NT 6.1; en-US; rv:1.9.2) Gecko/20100115 Firefox/3.6"
145.120.14.11 - - [28/May/2010:21:41:16 +0000] "GET /manager/media/script/_session.gif?0.7640637941658497 HTTP/1.1" 200 43 "http://www.sabf.org.ar/manager/index.php?a=1&f=menu" "Mozilla/5.0 (Macintosh; U; Intel Mac OS X 10_6_3; en-us) AppleWebKit/531.22.7 (KHTML, like Gecko) Version/4.0.5 Safari/531.22.7"
145.120.14.11 - - [28/May/2010:21:41:17 +0000] "POST /manager/index.php HTTP/1.1" 200 29 "http://www.sabf.org.ar/manager/index.php?a=1&f=menu" "Mozilla/5.0 (Macintosh; U; Intel Mac OS X 10_6_3; en-us) AppleWebKit/531.22.7 (KHTML, like Gecko) Version/4.0.5 Safari/531.22.7"
64.120.153.21 - - [28/May/2010:21:41:31 +0000] "POST http://64.120.153.21/a-poster/proxy.php HTTP/1.1" 301 249 "-" "Mozilla/4.0 (compatible; MSIE 6.0; Windows NT 5.1; SV1)"
64.120.153.21 - - [28/May/2010:21:41:31 +0000] "GET http://www.sabf.org.ar/a-poster/proxy.php HTTP/1.1" 404 9100 "-" "Mozilla/4.0 (compatible; MSIE 6.0; Windows NT 5.1; SV1)"
209.13.158.2 - - [28/May/2010:21:41:52 +0000] "GET /manager/media/script/_session.gif?0.7143849747125658 HTTP/1.0" 200 43 "http://www.sabf.org.ar/manager/index.php?a=1&f=menu" "Mozilla/5.0 (Windows; U; Windows NT 6.1; en-US; rv:1.9.2) Gecko/20100115 Firefox/3.6"
67.218.116.162 - - [28/May/2010:21:42:14 +0000] "GET /robots.txt HTTP/1.1" 200 357 "-" "Mozilla/5.0 (Twiceler-0.9 http://www.cuil.com/twiceler/robot.html)"
145.120.14.11 - - [28/May/2010:21:42:17 +0000] "GET /manager/media/script/_session.gif?0.7126454173121601 HTTP/1.1" 200 43 "http://www.sabf.org.ar/manager/index.php?a=1&f=menu" "Mozilla/5.0 (Macintosh; U; Intel Mac OS X 10_6_3; en-us) AppleWebKit/531.22.7 (KHTML, like Gecko) Version/4.0.5 Safari/531.22.7"
145.120.14.11 - - [28/May/2010:21:42:17 +0000] "POST /manager/index.php HTTP/1.1" 200 29 "http://www.sabf.org.ar/manager/index.php?a=1&f=menu" "Mozilla/5.0 (Macintosh; U; Intel Mac OS X 10_6_3; en-us) AppleWebKit/531.22.7 (KHTML, like Gecko) Version/4.0.5 Safari/531.22.7"
209.13.158.2 - - [28/May/2010:21:42:20 +0000] "POST /manager/index.php HTTP/1.0" 200 29 "http://www.sabf.org.ar/manager/index.php?a=1&f=menu" "Mozilla/5.0 (Windows; U; Windows NT 6.1; en-US; rv:1.9.2) Gecko/20100115 Firefox/3.6"
66.197.252.229 - - [28/May/2010:21:42:51 +0000] "POST http://66.197.252.229/a-poster/proxy.php HTTP/1.1" 301 249 "-" "Mozilla/4.0 (compatible; MSIE 6.0; Windows NT 5.1; SV1)"
66.197.252.229 - - [28/May/2010:21:42:52 +0000] "GET http://www.sabf.org.ar/a-poster/proxy.php HTTP/1.1" 404 9100 "-" "Mozilla/4.0 (compatible; MSIE 6.0; Windows NT 5.1; SV1)"
109.87.45.228 - - [28/May/2010:21:42:54 +0000] "POST http://109.87.45.228/max/aposter/proxy.php HTTP/1.1" 301 252 "-" "Mozilla/4.0 (compatible; MSIE 6.0; Windows NT 5.1; SV1)"
109.87.45.228 - - [28/May/2010:21:42:55 +0000] "GET http://www.sabf.org.ar/max/aposter/proxy.php HTTP/1.1" 404 9100 "-" "Mozilla/4.0 (compatible; MSIE 6.0; Windows NT 5.1; SV1)"
209.13.158.2 - - [28/May/2010:21:42:55 +0000] "GET /manager/media/script/_session.gif?0.04741583215627809 HTTP/1.0" 200 43 "http://www.sabf.org.ar/manager/index.php?a=1&f=menu" "Mozilla/5.0 (Windows; U; Windows NT 6.1; en-US; rv:1.9.2) Gecko/20100115 Firefox/3.6"
66.249.65.101 - - [28/May/2010:21:43:10 +0000] "GET /forum/past-editions/2007/supporters HTTP/1.1" 500 3157 "-" "Mozilla/5.0 (compatible; Googlebot/2.1; +http://www.google.com/bot.html)"
145.120.14.11 - - [28/May/2010:21:43:17 +0000] "GET /manager/media/script/_session.gif?0.31613921164534986 HTTP/1.1" 200 43 "http://www.sabf.org.ar/manager/index.php?a=1&f=menu" "Mozilla/5.0 (Macintosh; U; Intel Mac OS X 10_6_3; en-us) AppleWebKit/531.22.7 (KHTML, like Gecko) Version/4.0.5 Safari/531.22.7"
145.120.14.11 - - [28/May/2010:21:43:17 +0000] "POST /manager/index.php HTTP/1.1" 200 29 "http://www.sabf.org.ar/manager/index.php?a=1&f=menu" "Mozilla/5.0 (Macintosh; U; Intel Mac OS X 10_6_3; en-us) AppleWebKit/531.22.7 (KHTML, like Gecko) Version/4.0.5 Safari/531.22.7"
209.13.158.2 - - [28/May/2010:21:43:22 +0000] "POST /manager/index.php HTTP/1.0" 200 29 "http://www.sabf.org.ar/manager/index.php?a=1&f=menu" "Mozilla/5.0 (Windows; U; Windows NT 6.1; en-US; rv:1.9.2) Gecko/20100115 Firefox/3.6"
216.129.119.44 - - [28/May/2010:21:43:36 +0000] "GET /robots.txt HTTP/1.1" 200 357 "-" "Mozilla/5.0 (Twiceler-0.9 http://www.cuil.com/twiceler/robot.html)"
209.13.158.2 - - [28/May/2010:21:43:53 +0000] "GET /manager/media/script/_session.gif?0.46529739687342053 HTTP/1.0" 200 43 "http://www.sabf.org.ar/manager/index.php?a=1&f=menu" "Mozilla/5.0 (Windows; U; Windows NT 6.1; en-US; rv:1.9.2) Gecko/20100115 Firefox/3.6"
66.197.155.149 - - [28/May/2010:21:44:14 +0000] "POST http://66.197.155.149/a-poster/proxy.php HTTP/1.1" 301 249 "-" "Mozilla/4.0 (compatible; MSIE 6.0; Windows NT 5.1; SV1)"
66.197.155.149 - - [28/May/2010:21:44:15 +0000] "GET http://www.sabf.org.ar/a-poster/proxy.php HTTP/1.1" 404 9100 "-" "Mozilla/4.0 (compatible; MSIE 6.0; Windows NT 5.1; SV1)"
145.120.14.11 - - [28/May/2010:21:44:17 +0000] "GET /manager/media/script/_session.gif?0.8684391092974693 HTTP/1.1" 200 43 "http://www.sabf.org.ar/manager/index.php?a=1&f=menu" "Mozilla/5.0 (Macintosh; U; Intel Mac OS X 10_6_3; en-us) AppleWebKit/531.22.7 (KHTML, like Gecko) Version/4.0.5 Safari/531.22.7"
145.120.14.11 - - [28/May/2010:21:44:17 +0000] "POST /manager/index.php HTTP/1.1" 200 29 "http://www.sabf.org.ar/manager/index.php?a=1&f=menu" "Mozilla/5.0 (Macintosh; U; Intel Mac OS X 10_6_3; en-us) AppleWebKit/531.22.7 (KHTML, like Gecko) Version/4.0.5 Safari/531.22.7"
209.13.158.2 - - [28/May/2010:21:44:19 +0000] "POST /manager/index.php HTTP/1.0" 200 29 "http://www.sabf.org.ar/manager/index.php?a=1&f=menu" "Mozilla/5.0 (Windows; U; Windows NT 6.1; en-US; rv:1.9.2) Gecko/20100115 Firefox/3.6"
95.31.4.230 - - [28/May/2010:21:44:21 +0000] "GET http://novastat.ru/statistics/utils/is_anonymus.php?ip=95.31.4.230 HTTP/1.1" 301 278 "-" "Mozilla/5.0 (Windows; U; Windows NT 5.1; ru; rv:1.8.1.4) Gecko/20070515 Firefox/2.0.0.4, Mozilla/5.0 (Windows; U; Windows NT 5.1; ru; rv:1.8.1.4) Gecko/20070515 Firefox/2.0.0.4, Mozilla/5.0 (Windows; U; Windows NT 5.1; ru; rv:1.8.1.4) Gecko/20070515 Firefox/2.0.0.4, Mozilla/5.0 (Windows; U; Windows NT 5.1; ru; rv:1.8.1.4) Gecko/20070515 Firefox/2.0.0.4, Mozilla/5.0 (Windows; U; Windows NT 5.1; ru; rv:1.8.1.4) Gecko/20070515 Firefox/2.0.0.4, Mozilla/5.0 (Windows; U; Windows NT 5.1; ru; rv:1.8.1.4) Gecko/20070515 Firefox/2.0.0.4, Mozilla/5.0 (Windows; U; Windows NT 5.1; ru; rv:1.8.1.4) Gecko/20070515 Firefox/2.0.0.4, Mozilla/5.0 (Windows; U; Windows NT 5.1; ru; rv:1.8.1.4) Gecko/20070515 Firefox/2.0.0.4, Mozilla/5.0 (Windows; U; Windows NT 5.1; ru; rv:1.8.1.4) Gecko/20070515 Firefox/2.0.0.4, Mozilla/5.0 (Windows; U; Windows NT 5.1; ru; rv:1.8.1.4) Gecko/20070515 Firefox/2.0.0.4, Mozilla/5.0 (Windows; U; Windows NT 5.1; ru; rv:1.8.1.4) Gecko/20070515 Firefox/2.0.0.4, Mozilla/5.0 (Windows; U; Windows NT 5.1; ru; rv:1.8.1.4) Gecko/20070515 Firefox/2.0.0.4, Mozilla/5.0 (Windows; U; Windows NT 5.1; ru; rv:1.8.1.4) Gecko/20070515 Firefox/2.0.0.4, Mozilla/5.0 (Windows; U; Windows NT 5.1; ru; rv:1.8.1.4) Gecko/20070515 Firefox/2.0.0.4, Mozilla/5.0 (Windows; U; Windows NT 5.1; ru; rv:1.8.1.4) Gecko/20070515 Firefox/2.0.0.4, Mozilla/5.0 (Windows; U; Windows NT 5.1; ru; rv:1.8.1.4) Gecko/20070515 Firefox/2.0.0.4, Mozilla/5.0 (Windows; U; Windows NT 5.1; ru; rv:1.8.1.4) Gecko/20070515 Firefox/2.0.0.4, Mozilla/5.0 (Windows; U; Windows NT 5.1; ru; rv:1.8.1.4) Gecko/20070515 Firefox/2.0.0.4, Mozilla/5.0 (Windows; U; Windows NT 5.1; ru; rv:1.8.1.4) Gecko/20070515 Firefox/2.0.0.4, Mozilla/5.0 (Windows; U; Windows NT 5.1; ru; rv:1.8.1.4) Gecko/20070515 Firefox/2.0.0.4, Mozilla/5.0 (Windows; U; Windows NT 5.1; ru; rv:1.8.1.4) Gecko/20070515 Firefox/2.0.0.4"
209.13.158.2 - - [28/May/2010:21:44:56 +0000] "GET /manager/media/script/_session.gif?0.5712568662718421 HTTP/1.0" 200 43 "http://www.sabf.org.ar/manager/index.php?a=1&f=menu" "Mozilla/5.0 (Windows; U; Windows NT 6.1; en-US; rv:1.9.2) Gecko/20100115 Firefox/3.6"
209.13.158.2 - - [28/May/2010:21:45:16 +0000] "POST /manager/index.php HTTP/1.0" 200 29 "http://www.sabf.org.ar/manager/index.php?a=1&f=menu" "Mozilla/5.0 (Windows; U; Windows NT 6.1; en-US; rv:1.9.2) Gecko/20100115 Firefox/3.6"
145.120.14.11 - - [28/May/2010:21:45:17 +0000] "GET /manager/media/script/_session.gif?0.2871393442619592 HTTP/1.1" 200 43 "http://www.sabf.org.ar/manager/index.php?a=1&f=menu" "Mozilla/5.0 (Macintosh; U; Intel Mac OS X 10_6_3; en-us) AppleWebKit/531.22.7 (KHTML, like Gecko) Version/4.0.5 Safari/531.22.7"
145.120.14.11 - - [28/May/2010:21:45:17 +0000] "POST /manager/index.php HTTP/1.1" 200 29 "http://www.sabf.org.ar/manager/index.php?a=1&f=menu" "Mozilla/5.0 (Macintosh; U; Intel Mac OS X 10_6_3; en-us) AppleWebKit/531.22.7 (KHTML, like Gecko) Version/4.0.5 Safari/531.22.7"
216.129.119.40 - - [28/May/2010:21:45:35 +0000] "GET /robots.txt HTTP/1.1" 200 357 "-" "Mozilla/5.0 (Twiceler-0.9 http://www.cuil.com/twiceler/robot.html)"
209.13.158.2 - - [28/May/2010:21:45:52 +0000] "GET /manager/media/script/_session.gif?0.5807278942063873 HTTP/1.0" 200 43 "http://www.sabf.org.ar/manager/index.php?a=1&f=menu" "Mozilla/5.0 (Windows; U; Windows NT 6.1; en-US; rv:1.9.2) Gecko/20100115 Firefox/3.6"
209.13.158.2 - - [28/May/2010:21:46:16 +0000] "POST /manager/index.php HTTP/1.0" 200 29 "http://www.sabf.org.ar/manager/index.php?a=1&f=menu" "Mozilla/5.0 (Windows; U; Windows NT 6.1; en-US; rv:1.9.2) Gecko/20100115 Firefox/3.6"
145.120.14.11 - - [28/May/2010:21:46:17 +0000] "GET /manager/media/script/_session.gif?0.7070759786292911 HTTP/1.1" 200 43 "http://www.sabf.org.ar/manager/index.php?a=1&f=menu" "Mozilla/5.0 (Macintosh; U; Intel Mac OS X 10_6_3; en-us) AppleWebKit/531.22.7 (KHTML, like Gecko) Version/4.0.5 Safari/531.22.7"
145.120.14.11 - - [28/May/2010:21:46:17 +0000] "POST /manager/index.php HTTP/1.1" 200 29 "http://www.sabf.org.ar/manager/index.php?a=1&f=menu" "Mozilla/5.0 (Macintosh; U; Intel Mac OS X 10_6_3; en-us) AppleWebKit/531.22.7 (KHTML, like Gecko) Version/4.0.5 Safari/531.22.7"
87.117.198.178 - - [28/May/2010:21:46:19 +0000] "POST http://maxhosted.com/proxy5/check.php HTTP/1.1" 301 247 "http://c6335734db/" "Mozilla/4.0 (compatible; MSIE 6.0; Windows NT 5.1; SV1)"
66.197.252.229 - - [28/May/2010:21:46:25 +0000] "POST http://66.197.252.229/a-poster/proxy.php HTTP/1.1" 301 249 "-" "Mozilla/4.0 (compatible; MSIE 6.0; Windows NT 5.1; SV1)"
66.197.252.229 - - [28/May/2010:21:46:25 +0000] "GET http://www.sabf.org.ar/a-poster/proxy.php HTTP/1.1" 404 9100 "-" "Mozilla/4.0 (compatible; MSIE 6.0; Windows NT 5.1; SV1)"
209.13.158.2 - - [28/May/2010:21:46:54 +0000] "GET /manager/media/script/_session.gif?0.7383679261535131 HTTP/1.0" 200 43 "http://www.sabf.org.ar/manager/index.php?a=1&f=menu" "Mozilla/5.0 (Windows; U; Windows NT 6.1; en-US; rv:1.9.2) Gecko/20100115 Firefox/3.6"
209.13.158.2 - - [28/May/2010:21:47:16 +0000] "POST /manager/index.php HTTP/1.0" 200 29 "http://www.sabf.org.ar/manager/index.php?a=1&f=menu" "Mozilla/5.0 (Windows; U; Windows NT 6.1; en-US; rv:1.9.2) Gecko/20100115 Firefox/3.6"
145.120.14.11 - - [28/May/2010:21:47:17 +0000] "GET /manager/media/script/_session.gif?0.2719919516239315 HTTP/1.1" 200 43 "http://www.sabf.org.ar/manager/index.php?a=1&f=menu" "Mozilla/5.0 (Macintosh; U; Intel Mac OS X 10_6_3; en-us) AppleWebKit/531.22.7 (KHTML, like Gecko) Version/4.0.5 Safari/531.22.7"
145.120.14.11 - - [28/May/2010:21:47:17 +0000] "POST /manager/index.php HTTP/1.1" 200 29 "http://www.sabf.org.ar/manager/index.php?a=1&f=menu" "Mozilla/5.0 (Macintosh; U; Intel Mac OS X 10_6_3; en-us) AppleWebKit/531.22.7 (KHTML, like Gecko) Version/4.0.5 Safari/531.22.7"
209.13.158.2 - - [28/May/2010:21:47:53 +0000] "GET /manager/media/script/_session.gif?0.8631495515047941 HTTP/1.0" 200 43 "http://www.sabf.org.ar/manager/index.php?a=1&f=menu" "Mozilla/5.0 (Windows; U; Windows NT 6.1; en-US; rv:1.9.2) Gecko/20100115 Firefox/3.6"
145.120.14.11 - - [28/May/2010:21:48:17 +0000] "GET /manager/media/script/_session.gif?0.25032354751601815 HTTP/1.1" 200 43 "http://www.sabf.org.ar/manager/index.php?a=1&f=menu" "Mozilla/5.0 (Macintosh; U; Intel Mac OS X 10_6_3; en-us) AppleWebKit/531.22.7 (KHTML, like Gecko) Version/4.0.5 Safari/531.22.7"
145.120.14.11 - - [28/May/2010:21:48:17 +0000] "POST /manager/index.php HTTP/1.1" 200 29 "http://www.sabf.org.ar/manager/index.php?a=1&f=menu" "Mozilla/5.0 (Macintosh; U; Intel Mac OS X 10_6_3; en-us) AppleWebKit/531.22.7 (KHTML, like Gecko) Version/4.0.5 Safari/531.22.7"
209.13.158.2 - - [28/May/2010:21:48:18 +0000] "POST /manager/index.php HTTP/1.0" 200 29 "http://www.sabf.org.ar/manager/index.php?a=1&f=menu" "Mozilla/5.0 (Windows; U; Windows NT 6.1; en-US; rv:1.9.2) Gecko/20100115 Firefox/3.6"
209.13.158.2 - - [28/May/2010:21:48:58 +0000] "GET /manager/media/script/_session.gif?0.3745772686765001 HTTP/1.0" 200 43 "http://www.sabf.org.ar/manager/index.php?a=1&f=menu" "Mozilla/5.0 (Windows; U; Windows NT 6.1; en-US; rv:1.9.2) Gecko/20100115 Firefox/3.6"
145.120.14.11 - - [28/May/2010:21:49:17 +0000] "GET /manager/media/script/_session.gif?0.19766355748288333 HTTP/1.1" 200 43 "http://www.sabf.org.ar/manager/index.php?a=1&f=menu" "Mozilla/5.0 (Macintosh; U; Intel Mac OS X 10_6_3; en-us) AppleWebKit/531.22.7 (KHTML, like Gecko) Version/4.0.5 Safari/531.22.7"
145.120.14.11 - - [28/May/2010:21:49:17 +0000] "POST /manager/index.php HTTP/1.1" 200 29 "http://www.sabf.org.ar/manager/index.php?a=1&f=menu" "Mozilla/5.0 (Macintosh; U; Intel Mac OS X 10_6_3; en-us) AppleWebKit/531.22.7 (KHTML, like Gecko) Version/4.0.5 Safari/531.22.7"
209.13.158.2 - - [28/May/2010:21:49:18 +0000] "POST /manager/index.php HTTP/1.0" 200 29 "http://www.sabf.org.ar/manager/index.php?a=1&f=menu" "Mozilla/5.0 (Windows; U; Windows NT 6.1; en-US; rv:1.9.2) Gecko/20100115 Firefox/3.6"
212.95.54.122 - - [28/May/2010:21:49:42 +0000] "POST http://89.149.244.240/a-poster/proxy.php HTTP/1.1" 301 249 "-" "Mozilla/4.0 (compatible; MSIE 6.0; Windows NT 5.1; SV1)"
212.95.54.122 - - [28/May/2010:21:49:42 +0000] "GET http://www.sabf.org.ar/a-poster/proxy.php HTTP/1.1" 404 9100 "-" "Mozilla/4.0 (compatible; MSIE 6.0; Windows NT 5.1; SV1)"
209.13.158.2 - - [28/May/2010:21:49:57 +0000] "GET /manager/media/script/_session.gif?0.20525522919596872 HTTP/1.0" 200 43 "http://www.sabf.org.ar/manager/index.php?a=1&f=menu" "Mozilla/5.0 (Windows; U; Windows NT 6.1; en-US; rv:1.9.2) Gecko/20100115 Firefox/3.6"
145.120.14.11 - - [28/May/2010:21:50:17 +0000] "GET /manager/media/script/_session.gif?0.7457590319681913 HTTP/1.1" 200 43 "http://www.sabf.org.ar/manager/index.php?a=1&f=menu" "Mozilla/5.0 (Macintosh; U; Intel Mac OS X 10_6_3; en-us) AppleWebKit/531.22.7 (KHTML, like Gecko) Version/4.0.5 Safari/531.22.7"
145.120.14.11 - - [28/May/2010:21:50:17 +0000] "POST /manager/index.php HTTP/1.1" 200 29 "http://www.sabf.org.ar/manager/index.php?a=1&f=menu" "Mozilla/5.0 (Macintosh; U; Intel Mac OS X 10_6_3; en-us) AppleWebKit/531.22.7 (KHTML, like Gecko) Version/4.0.5 Safari/531.22.7"
209.13.158.2 - - [28/May/2010:21:50:18 +0000] "POST /manager/index.php HTTP/1.0" 200 29 "http://www.sabf.org.ar/manager/index.php?a=1&f=menu" "Mozilla/5.0 (Windows; U; Windows NT 6.1; en-US; rv:1.9.2) Gecko/20100115 Firefox/3.6"
66.197.252.229 - - [28/May/2010:21:52:57 +0000] "POST http://66.197.252.229/a-poster/proxy.php HTTP/1.1" 301 249 "-" "Mozilla/4.0 (compatible; MSIE 6.0; Windows NT 5.1; SV1)"
66.197.252.229 - - [28/May/2010:21:52:57 +0000] "GET http://www.sabf.org.ar/a-poster/proxy.php HTTP/1.1" 404 9100 "-" "Mozilla/4.0 (compatible; MSIE 6.0; Windows NT 5.1; SV1)"
66.197.155.149 - - [28/May/2010:21:55:24 +0000] "POST http://66.197.155.149/a-poster/proxy.php HTTP/1.1" 301 249 "-" "Mozilla/4.0 (compatible; MSIE 6.0; Windows NT 5.1; SV1)"
66.197.155.149 - - [28/May/2010:21:55:24 +0000] "GET http://www.sabf.org.ar/a-poster/proxy.php HTTP/1.1" 404 9100 "-" "Mozilla/4.0 (compatible; MSIE 6.0; Windows NT 5.1; SV1)"
64.120.153.21 - - [28/May/2010:21:55:53 +0000] "POST http://64.120.153.21/a-poster/proxy.php HTTP/1.1" 301 249 "-" "Mozilla/4.0 (compatible; MSIE 6.0; Windows NT 5.1; SV1)"
64.120.153.21 - - [28/May/2010:21:55:53 +0000] "GET http://www.sabf.org.ar/a-poster/proxy.php HTTP/1.1" 404 9100 "-" "Mozilla/4.0 (compatible; MSIE 6.0; Windows NT 5.1; SV1)"
87.117.198.178 - - [28/May/2010:21:56:16 +0000] "POST http://maxhosted.com/proxy5/check.php HTTP/1.1" 301 247 "http://92bf5e6240/" "Mozilla/4.0 (compatible; MSIE 6.0; Windows NT 5.1; SV1)"
82.103.128.170 - - [28/May/2010:21:56:35 +0000] "GET http://82.103.128.170:80/judge.php HTTP/1.0" 301 240 "-" "MSIE 6.0"
66.197.252.229 - - [28/May/2010:22:00:36 +0000] "POST http://66.197.252.229/a-poster/proxy.php HTTP/1.1" 301 249 "-" "Mozilla/4.0 (compatible; MSIE 6.0; Windows NT 5.1; SV1)"
66.197.252.229 - - [28/May/2010:22:00:36 +0000] "GET http://www.sabf.org.ar/a-poster/proxy.php HTTP/1.1" 404 9100 "-" "Mozilla/4.0 (compatible; MSIE 6.0; Windows NT 5.1; SV1)"
109.87.45.228 - - [28/May/2010:22:01:14 +0000] "POST http://109.87.45.228/max/aposter/proxy.php HTTP/1.1" 301 252 "-" "Mozilla/4.0 (compatible; MSIE 6.0; Windows NT 5.1; SV1)"
109.87.45.228 - - [28/May/2010:22:01:14 +0000] "GET http://www.sabf.org.ar/max/aposter/proxy.php HTTP/1.1" 404 9100 "-" "Mozilla/4.0 (compatible; MSIE 6.0; Windows NT 5.1; SV1)"
66.197.155.149 - - [28/May/2010:22:02:37 +0000] "POST http://66.197.155.149/a-poster/proxy.php HTTP/1.1" 301 249 "-" "Mozilla/4.0 (compatible; MSIE 6.0; Windows NT 5.1; SV1)"
66.197.155.149 - - [28/May/2010:22:02:37 +0000] "GET http://www.sabf.org.ar/a-poster/proxy.php HTTP/1.1" 404 9100 "-" "Mozilla/4.0 (compatible; MSIE 6.0; Windows NT 5.1; SV1)"
66.197.252.229 - - [28/May/2010:22:04:20 +0000] "POST http://66.197.252.229/a-poster/proxy.php HTTP/1.1" 301 249 "-" "Mozilla/4.0 (compatible; MSIE 6.0; Windows NT 5.1; SV1)"
66.197.252.229 - - [28/May/2010:22:04:20 +0000] "GET http://www.sabf.org.ar/a-poster/proxy.php HTTP/1.1" 404 9100 "-" "Mozilla/4.0 (compatible; MSIE 6.0; Windows NT 5.1; SV1)"
194.8.75.50 - - [28/May/2010:22:04:39 +0000] "POST http://alyssafan.net/proxyc/engine.php HTTP/1.0" 301 248 "http://alyssafan.net/proxyc/engine.php" "Mozilla/4.0 (compatible; MSIE 6.0; Windows 98; Win 9x 4.90)"
72.232.173.194 - - [28/May/2010:22:05:32 +0000] "POST http://72.232.173.194/ff.php HTTP/1.0" 301 237 "-" "Mozilla/4.0 (compatible; MSIE 6.0; Windows NT 5.1)"
72.232.173.194 - - [28/May/2010:22:05:32 +0000] "GET http://www.sabf.org.ar/ff.php HTTP/1.0" 404 2552 "-" "Mozilla/4.0 (compatible; MSIE 6.0; Windows NT 5.1)"
207.46.195.240 - - [28/May/2010:22:05:50 +0000] "GET /foro/ediciones-anteriores/2005/equipo-organizador HTTP/1.0" 500 7338 "-" "msnbot/2.0b (+http://search.msn.com/msnbot.htm)"
87.117.198.178 - - [28/May/2010:22:06:18 +0000] "POST http://maxhosted.com/proxy5/check.php HTTP/1.1" 301 247 "http://55b782d9f1/" "Mozilla/4.0 (compatible; MSIE 6.0; Windows NT 5.1; SV1)"
66.197.155.149 - - [28/May/2010:22:06:27 +0000] "POST http://66.197.155.149/a-poster/proxy.php HTTP/1.1" 301 249 "-" "Mozilla/4.0 (compatible; MSIE 6.0; Windows NT 5.1; SV1)"
66.197.155.149 - - [28/May/2010:22:06:27 +0000] "GET http://www.sabf.org.ar/a-poster/proxy.php HTTP/1.1" 404 9100 "-" "Mozilla/4.0 (compatible; MSIE 6.0; Windows NT 5.1; SV1)"
212.95.54.122 - - [28/May/2010:22:08:42 +0000] "POST http://89.149.244.240/a-poster/proxy.php HTTP/1.1" 301 249 "-" "Mozilla/4.0 (compatible; MSIE 6.0; Windows NT 5.1; SV1)"
212.95.54.122 - - [28/May/2010:22:08:42 +0000] "GET http://www.sabf.org.ar/a-poster/proxy.php HTTP/1.1" 404 9100 "-" "Mozilla/4.0 (compatible; MSIE 6.0; Windows NT 5.1; SV1)"
145.120.14.11 - - [28/May/2010:22:08:48 +0000] "GET /foro HTTP/1.1" 301 235 "-" "Mozilla/5.0 (Macintosh; U; Intel Mac OS X 10_6_3; en-us) AppleWebKit/531.22.7 (KHTML, like Gecko) Version/4.0.5 Safari/531.22.7"
145.120.14.11 - - [28/May/2010:22:08:48 +0000] "GET /foro HTTP/1.1" 500 4983 "-" "Mozilla/5.0 (Macintosh; U; Intel Mac OS X 10_6_3; en-us) AppleWebKit/531.22.7 (KHTML, like Gecko) Version/4.0.5 Safari/531.22.7"
64.120.153.21 - - [28/May/2010:22:09:03 +0000] "POST http://64.120.153.21/a-poster/proxy.php HTTP/1.1" 301 249 "-" "Mozilla/4.0 (compatible; MSIE 6.0; Windows NT 5.1; SV1)"
64.120.153.21 - - [28/May/2010:22:09:03 +0000] "GET http://www.sabf.org.ar/a-poster/proxy.php HTTP/1.1" 404 9100 "-" "Mozilla/4.0 (compatible; MSIE 6.0; Windows NT 5.1; SV1)"
145.120.14.11 - - [28/May/2010:22:09:11 +0000] "GET /manager HTTP/1.1" 301 235 "-" "Mozilla/5.0 (Macintosh; U; Intel Mac OS X 10_6_3; en-us) AppleWebKit/531.22.7 (KHTML, like Gecko) Version/4.0.5 Safari/531.22.7"
145.120.14.11 - - [28/May/2010:22:09:11 +0000] "GET /manager/ HTTP/1.1" 200 2720 "-" "Mozilla/5.0 (Macintosh; U; Intel Mac OS X 10_6_3; en-us) AppleWebKit/531.22.7 (KHTML, like Gecko) Version/4.0.5 Safari/531.22.7"
145.120.14.11 - - [28/May/2010:22:09:11 +0000] "GET /manager/media/script/mootools/mootools.js HTTP/1.1" 200 65000 "http://sabf.org.ar/manager/" "Mozilla/5.0 (Macintosh; U; Intel Mac OS X 10_6_3; en-us) AppleWebKit/531.22.7 (KHTML, like Gecko) Version/4.0.5 Safari/531.22.7"
145.120.14.11 - - [28/May/2010:22:09:12 +0000] "GET /manager/media/style/MODxCarbon/images/misc/fade.gif HTTP/1.1" 200 670 "http://sabf.org.ar/manager/" "Mozilla/5.0 (Macintosh; U; Intel Mac OS X 10_6_3; en-us) AppleWebKit/531.22.7 (KHTML, like Gecko) Version/4.0.5 Safari/531.22.7"
145.120.14.11 - - [28/May/2010:22:09:12 +0000] "GET /assets/templates/manager/images/input-bg.gif HTTP/1.1" 301 275 "http://sabf.org.ar/manager/" "Mozilla/5.0 (Macintosh; U; Intel Mac OS X 10_6_3; en-us) AppleWebKit/531.22.7 (KHTML, like Gecko) Version/4.0.5 Safari/531.22.7"
145.120.14.11 - - [28/May/2010:22:09:12 +0000] "GET /manager/media/style/MODxCarbon/images/misc/login-logo.png HTTP/1.1" 200 5745 "http://sabf.org.ar/manager/" "Mozilla/5.0 (Macintosh; U; Intel Mac OS X 10_6_3; en-us) AppleWebKit/531.22.7 (KHTML, like Gecko) Version/4.0.5 Safari/531.22.7"
145.120.14.11 - - [28/May/2010:22:09:12 +0000] "GET /assets/templates/manager/images/input-bg.gif HTTP/1.1" 200 67 "http://sabf.org.ar/manager/" "Mozilla/5.0 (Macintosh; U; Intel Mac OS X 10_6_3; en-us) AppleWebKit/531.22.7 (KHTML, like Gecko) Version/4.0.5 Safari/531.22.7"
145.120.14.11 - - [28/May/2010:22:09:12 +0000] "GET /favicon.ico HTTP/1.1" 301 242 "http://sabf.org.ar/manager/" "Mozilla/5.0 (Macintosh; U; Intel Mac OS X 10_6_3; en-us) AppleWebKit/531.22.7 (KHTML, like Gecko) Version/4.0.5 Safari/531.22.7"
145.120.14.11 - - [28/May/2010:22:09:21 +0000] "GET /manager/index.php HTTP/1.1" 200 532 "-" "Mozilla/5.0 (Macintosh; U; Intel Mac OS X 10_6_3; en-us) AppleWebKit/531.22.7 (KHTML, like Gecko) Version/4.0.5 Safari/531.22.7"
145.120.14.11 - - [28/May/2010:22:09:21 +0000] "GET /manager/index.php?a=2 HTTP/1.1" 200 4636 "http://www.sabf.org.ar/manager/index.php" "Mozilla/5.0 (Macintosh; U; Intel Mac OS X 10_6_3; en-us) AppleWebKit/531.22.7 (KHTML, like Gecko) Version/4.0.5 Safari/531.22.7"
145.120.14.11 - - [28/May/2010:22:09:21 +0000] "GET /manager/index.php?a=1&f=menu HTTP/1.1" 200 3222 "http://www.sabf.org.ar/manager/index.php" "Mozilla/5.0 (Macintosh; U; Intel Mac OS X 10_6_3; en-us) AppleWebKit/531.22.7 (KHTML, like Gecko) Version/4.0.5 Safari/531.22.7"
145.120.14.11 - - [28/May/2010:22:09:21 +0000] "GET /manager/index.php?a=1&f=tree HTTP/1.1" 200 5577 "http://www.sabf.org.ar/manager/index.php" "Mozilla/5.0 (Macintosh; U; Intel Mac OS X 10_6_3; en-us) AppleWebKit/531.22.7 (KHTML, like Gecko) Version/4.0.5 Safari/531.22.7"
145.120.14.11 - - [28/May/2010:22:09:22 +0000] "POST /manager/index.php HTTP/1.1" 200 29 "http://www.sabf.org.ar/manager/index.php?a=1&f=menu" "Mozilla/5.0 (Macintosh; U; Intel Mac OS X 10_6_3; en-us) AppleWebKit/531.22.7 (KHTML, like Gecko) Version/4.0.5 Safari/531.22.7"
145.120.14.11 - - [28/May/2010:22:09:22 +0000] "GET /manager/index.php?a=1&f=nodes&indent=1&parent=0&expandAll=2 HTTP/1.1" 200 3685 "http://www.sabf.org.ar/manager/index.php?a=1&f=tree" "Mozilla/5.0 (Macintosh; U; Intel Mac OS X 10_6_3; en-us) AppleWebKit/531.22.7 (KHTML, like Gecko) Version/4.0.5 Safari/531.22.7"
69.10.34.10 - - [28/May/2010:22:10:05 +0000] "GET http://invite-vk.com/modules/proxy_checker.php?a=result&id=8936 HTTP/1.1" 301 277 "-" "-"
190.55.134.165 - - [28/May/2010:22:10:19 +0000] "GET /favicon.ico HTTP/1.1" 200 946 "-" "Mozilla/5.0 (Windows; U; Windows NT 6.0; es-ES; rv:1.9.1.9) Gecko/20100315 Firefox/3.5.9 (.NET CLR 3.5.30729)"
145.120.14.11 - - [28/May/2010:22:10:21 +0000] "GET /manager/media/script/_session.gif?0.7311674416996539 HTTP/1.1" 200 43 "http://www.sabf.org.ar/manager/index.php?a=1&f=menu" "Mozilla/5.0 (Macintosh; U; Intel Mac OS X 10_6_3; en-us) AppleWebKit/531.22.7 (KHTML, like Gecko) Version/4.0.5 Safari/531.22.7"
145.120.14.11 - - [28/May/2010:22:10:22 +0000] "POST /manager/index.php HTTP/1.1" 200 29 "http://www.sabf.org.ar/manager/index.php?a=1&f=menu" "Mozilla/5.0 (Macintosh; U; Intel Mac OS X 10_6_3; en-us) AppleWebKit/531.22.7 (KHTML, like Gecko) Version/4.0.5 Safari/531.22.7"
145.120.14.11 - - [28/May/2010:22:11:21 +0000] "GET /manager/media/script/_session.gif?0.7087663621641695 HTTP/1.1" 200 43 "http://www.sabf.org.ar/manager/index.php?a=1&f=menu" "Mozilla/5.0 (Macintosh; U; Intel Mac OS X 10_6_3; en-us) AppleWebKit/531.22.7 (KHTML, like Gecko) Version/4.0.5 Safari/531.22.7"
145.120.14.11 - - [28/May/2010:22:11:22 +0000] "POST /manager/index.php HTTP/1.1" 200 29 "http://www.sabf.org.ar/manager/index.php?a=1&f=menu" "Mozilla/5.0 (Macintosh; U; Intel Mac OS X 10_6_3; en-us) AppleWebKit/531.22.7 (KHTML, like Gecko) Version/4.0.5 Safari/531.22.7"
145.120.14.11 - - [28/May/2010:22:12:21 +0000] "GET /manager/media/script/_session.gif?0.5558183947578073 HTTP/1.1" 200 43 "http://www.sabf.org.ar/manager/index.php?a=1&f=menu" "Mozilla/5.0 (Macintosh; U; Intel Mac OS X 10_6_3; en-us) AppleWebKit/531.22.7 (KHTML, like Gecko) Version/4.0.5 Safari/531.22.7"
145.120.14.11 - - [28/May/2010:22:12:22 +0000] "POST /manager/index.php HTTP/1.1" 200 29 "http://www.sabf.org.ar/manager/index.php?a=1&f=menu" "Mozilla/5.0 (Macintosh; U; Intel Mac OS X 10_6_3; en-us) AppleWebKit/531.22.7 (KHTML, like Gecko) Version/4.0.5 Safari/531.22.7"
66.197.252.229 - - [28/May/2010:22:14:00 +0000] "POST http://66.197.252.229/a-poster/proxy.php HTTP/1.1" 301 249 "-" "Mozilla/4.0 (compatible; MSIE 6.0; Windows NT 5.1; SV1)"
66.197.252.229 - - [28/May/2010:22:14:00 +0000] "GET http://www.sabf.org.ar/a-poster/proxy.php HTTP/1.1" 404 9100 "-" "Mozilla/4.0 (compatible; MSIE 6.0; Windows NT 5.1; SV1)"
95.31.4.230 - - [28/May/2010:22:14:25 +0000] "GET http://novastat.ru/statistics/utils/is_anonymus.php?ip=95.31.4.230 HTTP/1.1" 301 278 "-" "Mozilla/5.0 (Windows; U; Windows NT 5.1; ru; rv:1.8.1.4) Gecko/20070515 Firefox/2.0.0.4, Mozilla/5.0 (Windows; U; Windows NT 5.1; ru; rv:1.8.1.4) Gecko/20070515 Firefox/2.0.0.4, Mozilla/5.0 (Windows; U; Windows NT 5.1; ru; rv:1.8.1.4) Gecko/20070515 Firefox/2.0.0.4, Mozilla/5.0 (Windows; U; Windows NT 5.1; ru; rv:1.8.1.4) Gecko/20070515 Firefox/2.0.0.4, Mozilla/5.0 (Windows; U; Windows NT 5.1; ru; rv:1.8.1.4) Gecko/20070515 Firefox/2.0.0.4, Mozilla/5.0 (Windows; U; Windows NT 5.1; ru; rv:1.8.1.4) Gecko/20070515 Firefox/2.0.0.4, Mozilla/5.0 (Windows; U; Windows NT 5.1; ru; rv:1.8.1.4) Gecko/20070515 Firefox/2.0.0.4, Mozilla/5.0 (Windows; U; Windows NT 5.1; ru; rv:1.8.1.4) Gecko/20070515 Firefox/2.0.0.4, Mozilla/5.0 (Windows; U; Windows NT 5.1; ru; rv:1.8.1.4) Gecko/20070515 Firefox/2.0.0.4, Mozilla/5.0 (Windows; U; Windows NT 5.1; ru; rv:1.8.1.4) Gecko/20070515 Firefox/2.0.0.4, Mozilla/5.0 (Windows; U; Windows NT 5.1; ru; rv:1.8.1.4) Gecko/20070515 Firefox/2.0.0.4, Mozilla/5.0 (Windows; U; Windows NT 5.1; ru; rv:1.8.1.4) Gecko/20070515 Firefox/2.0.0.4, Mozilla/5.0 (Windows; U; Windows NT 5.1; ru; rv:1.8.1.4) Gecko/20070515 Firefox/2.0.0.4, Mozilla/5.0 (Windows; U; Windows NT 5.1; ru; rv:1.8.1.4) Gecko/20070515 Firefox/2.0.0.4, Mozilla/5.0 (Windows; U; Windows NT 5.1; ru; rv:1.8.1.4) Gecko/20070515 Firefox/2.0.0.4, Mozilla/5.0 (Windows; U; Windows NT 5.1; ru; rv:1.8.1.4) Gecko/20070515 Firefox/2.0.0.4, Mozilla/5.0 (Windows; U; Windows NT 5.1; ru; rv:1.8.1.4) Gecko/20070515 Firefox/2.0.0.4, Mozilla/5.0 (Windows; U; Windows NT 5.1; ru; rv:1.8.1.4) Gecko/20070515 Firefox/2.0.0.4, Mozilla/5.0 (Windows; U; Windows NT 5.1; ru; rv:1.8.1.4) Gecko/20070515 Firefox/2.0.0.4, Mozilla/5.0 (Windows; U; Windows NT 5.1; ru; rv:1.8.1.4) Gecko/20070515 Firefox/2.0.0.4, Mozilla/5.0 (Windows; U; Windows NT 5.1; ru; rv:1.8.1.4) Gecko/20070515 Firefox/2.0.0.4"
67.215.230.25 - - [28/May/2010:22:15:49 +0000] "GET /robots.txt HTTP/1.0" 301 241 "-" "Mozilla/5.0 ( http://www.setooz.com/bot.html )"
67.215.230.25 - - [28/May/2010:22:15:49 +0000] "GET / HTTP/1.0" 301 231 "-" "Mozilla/5.0 ( http://www.setooz.com/bot.html )"
67.215.230.25 - - [28/May/2010:22:15:50 +0000] "GET /robots.txt HTTP/1.0" 200 357 "-" "Mozilla/5.0 ( http://www.setooz.com/bot.html )"
67.215.230.25 - - [28/May/2010:22:15:50 +0000] "GET / HTTP/1.0" 200 1741 "-" "Mozilla/5.0 ( http://www.setooz.com/bot.html )"
87.117.198.178 - - [28/May/2010:22:16:25 +0000] "POST http://maxhosted.com/proxy5/check.php HTTP/1.1" 301 247 "http://39ae2ed11b/" "Mozilla/4.0 (compatible; MSIE 6.0; Windows NT 5.1; SV1)"
207.46.195.230 - - [28/May/2010:22:17:23 +0000] "GET /supporters HTTP/1.0" 500 14515 "-" "msnbot/2.0b (+http://search.msn.com/msnbot.htm)"
66.249.65.75 - - [28/May/2010:22:17:49 +0000] "GET /forum/past-editions/2007 HTTP/1.1" 500 2471 "-" "Mozilla/5.0 (compatible; Googlebot/2.1; +http://www.google.com/bot.html)"
66.249.65.75 - - [28/May/2010:22:18:05 +0000] "GET /disertantes/2005 HTTP/1.1" 500 2933 "-" "Mozilla/5.0 (compatible; Googlebot/2.1; +http://www.google.com/bot.html)"
109.87.45.228 - - [28/May/2010:22:18:54 +0000] "POST http://109.87.45.228/max/aposter/proxy.php HTTP/1.1" 301 252 "-" "Mozilla/4.0 (compatible; MSIE 6.0; Windows NT 5.1; SV1)"
109.87.45.228 - - [28/May/2010:22:18:54 +0000] "GET http://www.sabf.org.ar/max/aposter/proxy.php HTTP/1.1" 404 9100 "-" "Mozilla/4.0 (compatible; MSIE 6.0; Windows NT 5.1; SV1)"
207.46.204.185 - - [28/May/2010:22:19:51 +0000] "GET /inscribite/ensayos-de-ediciones-pasadas.html HTTP/1.1" 301 270 "-" "msnbot/2.0b (+http://search.msn.com/msnbot.htm)"
66.197.155.149 - - [28/May/2010:22:20:15 +0000] "POST http://66.197.155.149/a-poster/proxy.php HTTP/1.1" 301 249 "-" "Mozilla/4.0 (compatible; MSIE 6.0; Windows NT 5.1; SV1)"
66.197.155.149 - - [28/May/2010:22:20:15 +0000] "GET http://www.sabf.org.ar/a-poster/proxy.php HTTP/1.1" 404 9100 "-" "Mozilla/4.0 (compatible; MSIE 6.0; Windows NT 5.1; SV1)"
69.10.34.10 - - [28/May/2010:22:20:49 +0000] "GET http://invite-vk.com/modules/proxy_checker.php?a=result&id=8910 HTTP/1.1" 301 277 "-" "-"
82.103.128.170 - - [28/May/2010:22:21:00 +0000] "GET http://82.103.128.170:80/judge.php HTTP/1.0" 301 240 "-" "MSIE 6.0"
66.197.155.149 - - [28/May/2010:22:23:32 +0000] "POST http://66.197.155.149/a-poster/proxy.php HTTP/1.1" 301 249 "-" "Mozilla/4.0 (compatible; MSIE 6.0; Windows NT 5.1; SV1)"
66.197.155.149 - - [28/May/2010:22:23:32 +0000] "GET http://www.sabf.org.ar/a-poster/proxy.php HTTP/1.1" 404 9100 "-" "Mozilla/4.0 (compatible; MSIE 6.0; Windows NT 5.1; SV1)"
66.197.252.229 - - [28/May/2010:22:24:35 +0000] "POST http://66.197.252.229/a-poster/proxy.php HTTP/1.1" 301 249 "-" "Mozilla/4.0 (compatible; MSIE 6.0; Windows NT 5.1; SV1)"
66.197.252.229 - - [28/May/2010:22:24:35 +0000] "GET http://www.sabf.org.ar/a-poster/proxy.php HTTP/1.1" 404 9100 "-" "Mozilla/4.0 (compatible; MSIE 6.0; Windows NT 5.1; SV1)"
87.117.198.178 - - [28/May/2010:22:26:27 +0000] "POST http://maxhosted.com/proxy5/check.php HTTP/1.1" 301 247 "http://7b41bfa508/" "Mozilla/4.0 (compatible; MSIE 6.0; Windows NT 5.1; SV1)"
64.120.153.21 - - [28/May/2010:22:26:28 +0000] "POST http://64.120.153.21/a-poster/proxy.php HTTP/1.1" 301 249 "-" "Mozilla/4.0 (compatible; MSIE 6.0; Windows NT 5.1; SV1)"
64.120.153.21 - - [28/May/2010:22:26:28 +0000] "GET http://www.sabf.org.ar/a-poster/proxy.php HTTP/1.1" 404 9100 "-" "Mozilla/4.0 (compatible; MSIE 6.0; Windows NT 5.1; SV1)"
212.95.54.122 - - [28/May/2010:22:27:31 +0000] "POST http://89.149.244.240/a-poster/proxy.php HTTP/1.1" 301 249 "-" "Mozilla/4.0 (compatible; MSIE 6.0; Windows NT 5.1; SV1)"
212.95.54.122 - - [28/May/2010:22:27:32 +0000] "GET http://www.sabf.org.ar/a-poster/proxy.php HTTP/1.1" 404 9100 "-" "Mozilla/4.0 (compatible; MSIE 6.0; Windows NT 5.1; SV1)"
200.63.29.168 - - [28/May/2010:22:29:35 +0000] "GET /favicon.ico HTTP/1.1" 200 946 "-" "Mozilla/5.0 (Macintosh; U; Intel Mac OS X 10.5; en-US; rv:1.9.1.3) Gecko/20090824 Firefox/3.5.3"
66.197.155.149 - - [28/May/2010:22:30:24 +0000] "POST http://66.197.155.149/a-poster/proxy.php HTTP/1.1" 301 249 "-" "Mozilla/4.0 (compatible; MSIE 6.0; Windows NT 5.1; SV1)"
66.197.155.149 - - [28/May/2010:22:30:24 +0000] "GET http://www.sabf.org.ar/a-poster/proxy.php HTTP/1.1" 404 9100 "-" "Mozilla/4.0 (compatible; MSIE 6.0; Windows NT 5.1; SV1)"
82.146.53.138 - - [28/May/2010:22:32:47 +0000] "GET http://all3stuff.net/receiver.php HTTP/1.1" 301 243 "http://www.microsoft.com" "Mozilla/4.0 (compatible; MSIE 6.0; Windows NT 5.1; SV1)"
82.146.53.138 - - [28/May/2010:22:32:47 +0000] "GET http://www.sabf.org.ar/receiver.php HTTP/1.1" 404 9100 "http://www.microsoft.com" "Mozilla/4.0 (compatible; MSIE 6.0; Windows NT 5.1; SV1)"
64.120.153.21 - - [28/May/2010:22:33:17 +0000] "POST http://64.120.153.21/a-poster/proxy.php HTTP/1.1" 301 249 "-" "Mozilla/4.0 (compatible; MSIE 6.0; Windows NT 5.1; SV1)"
64.120.153.21 - - [28/May/2010:22:33:17 +0000] "GET http://www.sabf.org.ar/a-poster/proxy.php HTTP/1.1" 404 9100 "-" "Mozilla/4.0 (compatible; MSIE 6.0; Windows NT 5.1; SV1)"
69.10.34.10 - - [28/May/2010:22:33:50 +0000] "GET http://invite-vk.com/modules/proxy_checker.php?a=result&id=8946 HTTP/1.1" 301 277 "-" "-"
66.197.155.149 - - [28/May/2010:22:34:03 +0000] "POST http://66.197.155.149/a-poster/proxy.php HTTP/1.1" 301 249 "-" "Mozilla/4.0 (compatible; MSIE 6.0; Windows NT 5.1; SV1)"
66.197.155.149 - - [28/May/2010:22:34:03 +0000] "GET http://www.sabf.org.ar/a-poster/proxy.php HTTP/1.1" 404 9100 "-" "Mozilla/4.0 (compatible; MSIE 6.0; Windows NT 5.1; SV1)"
66.197.252.229 - - [28/May/2010:22:35:26 +0000] "POST http://66.197.252.229/a-poster/proxy.php HTTP/1.1" 301 249 "-" "Mozilla/4.0 (compatible; MSIE 6.0; Windows NT 5.1; SV1)"
66.197.252.229 - - [28/May/2010:22:35:26 +0000] "GET http://www.sabf.org.ar/a-poster/proxy.php HTTP/1.1" 404 9100 "-" "Mozilla/4.0 (compatible; MSIE 6.0; Windows NT 5.1; SV1)"
72.232.173.194 - - [28/May/2010:22:35:38 +0000] "POST http://72.232.173.194/ff.php HTTP/1.0" 301 237 "-" "Mozilla/4.0 (compatible; MSIE 6.0; Windows NT 5.1)"
72.232.173.194 - - [28/May/2010:22:35:38 +0000] "GET http://www.sabf.org.ar/ff.php HTTP/1.0" 404 2552 "-" "Mozilla/4.0 (compatible; MSIE 6.0; Windows NT 5.1)"
87.117.198.178 - - [28/May/2010:22:36:18 +0000] "POST http://maxhosted.com/proxy5/check.php HTTP/1.1" 301 247 "http://cc8b6a16d7/" "Mozilla/4.0 (compatible; MSIE 6.0; Windows NT 5.1; SV1)"
64.120.153.21 - - [28/May/2010:22:36:50 +0000] "POST http://64.120.153.21/a-poster/proxy.php HTTP/1.1" 301 249 "-" "Mozilla/4.0 (compatible; MSIE 6.0; Windows NT 5.1; SV1)"
64.120.153.21 - - [28/May/2010:22:36:50 +0000] "GET http://www.sabf.org.ar/a-poster/proxy.php HTTP/1.1" 404 9100 "-" "Mozilla/4.0 (compatible; MSIE 6.0; Windows NT 5.1; SV1)"
109.87.45.228 - - [28/May/2010:22:37:12 +0000] "POST http://109.87.45.228/max/aposter/proxy.php HTTP/1.1" 301 252 "-" "Mozilla/4.0 (compatible; MSIE 6.0; Windows NT 5.1; SV1)"
109.87.45.228 - - [28/May/2010:22:37:12 +0000] "GET http://www.sabf.org.ar/max/aposter/proxy.php HTTP/1.1" 404 9100 "-" "Mozilla/4.0 (compatible; MSIE 6.0; Windows NT 5.1; SV1)"
66.197.252.229 - - [28/May/2010:22:38:40 +0000] "POST http://66.197.252.229/a-poster/proxy.php HTTP/1.1" 301 249 "-" "Mozilla/4.0 (compatible; MSIE 6.0; Windows NT 5.1; SV1)"
193.47.80.36 - - [28/May/2010:22:39:16 +0000] "GET / HTTP/1.1" 200 1741 "-" "Mozilla/5.0 (compatible; Exabot/3.0; +http://www.exabot.com/go/robot)"
67.218.116.163 - - [28/May/2010:22:39:50 +0000] "GET /robots.txt HTTP/1.1" 200 357 "-" "Mozilla/5.0 (Twiceler-0.9 http://www.cuil.com/twiceler/robot.html)"
201.232.56.61 - - [28/May/2010:22:40:04 +0000] "GET / HTTP/1.1" 200 1741 "http://www.google.com.co/search?hl=es&source=hp&q=sabf&aq=f&aqi=g10&aql=&oq=&gs_rfai=&fp=f78854afc3205230" "Mozilla/5.0 (X11; U; Linux i686; es-ES; rv:1.9.2.3) Gecko/20100423 Ubuntu/10.04 (lucid) Firefox/3.6.3"
201.232.56.61 - - [28/May/2010:22:40:05 +0000] "GET / HTTP/1.1" 200 1741 "http://www.google.com.co/url?sa=t&source=web&ct=res&cd=1&ved=0CBgQFjAA&url=http%3A%2F%2Fwww.sabf.org.ar%2F&rct=j&q=sabf&ei=QkYATJS9J4L68Aab98iZDQ&usg=AFQjCNFkhjDSPAwzDewFSfO6yBF7zr7uug&sig2=kjknrwG3i1yXGmQd26M8JA" "Mozilla/5.0 (X11; U; Linux i686; es-ES; rv:1.9.2.3) Gecko/20100423 Ubuntu/10.04 (lucid) Firefox/3.6.3"
201.232.56.61 - - [28/May/2010:22:40:05 +0000] "GET /assets/templates/sabf/screen.css HTTP/1.1" 200 13717 "http://www.sabf.org.ar/" "Mozilla/5.0 (X11; U; Linux i686; es-ES; rv:1.9.2.3) Gecko/20100423 Ubuntu/10.04 (lucid) Firefox/3.6.3"
201.232.56.61 - - [28/May/2010:22:40:05 +0000] "GET /favicon.ico HTTP/1.1" 200 946 "-" "Mozilla/5.0 (X11; U; Linux i686; es-ES; rv:1.9.2.3) Gecko/20100423 Ubuntu/10.04 (lucid) Firefox/3.6.3"
201.232.56.61 - - [28/May/2010:22:40:05 +0000] "GET /assets/images/logo_sabf.png HTTP/1.1" 200 5877 "http://www.sabf.org.ar/" "Mozilla/5.0 (X11; U; Linux i686; es-ES; rv:1.9.2.3) Gecko/20100423 Ubuntu/10.04 (lucid) Firefox/3.6.3"
201.232.56.61 - - [28/May/2010:22:40:05 +0000] "GET /assets/templates/sabf/print.css HTTP/1.1" 200 2031 "http://www.sabf.org.ar/" "Mozilla/5.0 (X11; U; Linux i686; es-ES; rv:1.9.2.3) Gecko/20100423 Ubuntu/10.04 (lucid) Firefox/3.6.3"
201.232.56.61 - - [28/May/2010:22:40:05 +0000] "GET /assets/images/fechaesp.png HTTP/1.1" 200 7156 "http://www.sabf.org.ar/" "Mozilla/5.0 (X11; U; Linux i686; es-ES; rv:1.9.2.3) Gecko/20100423 Ubuntu/10.04 (lucid) Firefox/3.6.3"
201.232.56.61 - - [28/May/2010:22:40:06 +0000] "GET /assets/templates/sabf/callto_fondo2.png HTTP/1.1" 200 2826 "http://www.sabf.org.ar/assets/templates/sabf/screen.css" "Mozilla/5.0 (X11; U; Linux i686; es-ES; rv:1.9.2.3) Gecko/20100423 Ubuntu/10.04 (lucid) Firefox/3.6.3"
201.232.56.61 - - [28/May/2010:22:40:06 +0000] "GET /assets/templates/sabf/bgMenu.gif HTTP/1.1" 200 1020 "http://www.sabf.org.ar/assets/templates/sabf/screen.css" "Mozilla/5.0 (X11; U; Linux i686; es-ES; rv:1.9.2.3) Gecko/20100423 Ubuntu/10.04 (lucid) Firefox/3.6.3"
201.232.56.61 - - [28/May/2010:22:40:06 +0000] "GET /assets/images/sabf_home_00.jpg HTTP/1.1" 200 234957 "http://www.sabf.org.ar/assets/templates/sabf/screen.css" "Mozilla/5.0 (X11; U; Linux i686; es-ES; rv:1.9.2.3) Gecko/20100423 Ubuntu/10.04 (lucid) Firefox/3.6.3"
64.120.153.21 - - [28/May/2010:22:40:48 +0000] "POST http://64.120.153.21/a-poster/proxy.php HTTP/1.1" 301 249 "-" "Mozilla/4.0 (compatible; MSIE 6.0; Windows NT 5.1; SV1)"
64.120.153.21 - - [28/May/2010:22:40:48 +0000] "GET http://www.sabf.org.ar/a-poster/proxy.php HTTP/1.1" 404 9100 "-" "Mozilla/4.0 (compatible; MSIE 6.0; Windows NT 5.1; SV1)"
66.197.155.149 - - [28/May/2010:22:40:51 +0000] "POST http://66.197.155.149/a-poster/proxy.php HTTP/1.1" 301 249 "-" "Mozilla/4.0 (compatible; MSIE 6.0; Windows NT 5.1; SV1)"
66.197.155.149 - - [28/May/2010:22:40:51 +0000] "GET http://www.sabf.org.ar/a-poster/proxy.php HTTP/1.1" 404 9100 "-" "Mozilla/4.0 (compatible; MSIE 6.0; Windows NT 5.1; SV1)"
64.120.153.21 - - [28/May/2010:22:43:54 +0000] "POST http://64.120.153.21/a-poster/proxy.php HTTP/1.1" 301 249 "-" "Mozilla/4.0 (compatible; MSIE 6.0; Windows NT 5.1; SV1)"
64.120.153.21 - - [28/May/2010:22:43:54 +0000] "GET http://www.sabf.org.ar/a-poster/proxy.php HTTP/1.1" 404 9100 "-" "Mozilla/4.0 (compatible; MSIE 6.0; Windows NT 5.1; SV1)"
