74.125.75.17 - - [28/May/2010:19:41:43 +0000] "GET /register/essays-from-past-editions.html HTTP/1.1" 301 265 "-" "Feedfetcher-Google; (+http://www.google.com/feedfetcher.html; feed-id=10384322189241563442)"
74.125.75.17 - - [28/May/2010:19:41:43 +0000] "GET /register/essays-from-past-editions HTTP/1.1" 404 2552 "-" "Feedfetcher-Google; (+http://www.google.com/feedfetcher.html; feed-id=10384322189241563442)"
66.249.65.106 - - [28/May/2010:19:43:13 +0000] "GET /sitemap.xml HTTP/1.1" 200 1238 "-" "Mozilla/5.0 (compatible; Googlebot/2.1; +http://www.google.com/bot.html)"
117.200.37.158 - - [28/May/2010:19:43:25 +0000] "GET /english HTTP/1.1" 200 1698 "-" "Mozilla/5.0 (Macintosh; U; Intel Mac OS X 10_5_6; en-us) AppleWebKit/528.16 (KHTML, like Gecko) Version/4.0 Safari/528.16"
117.200.37.158 - - [28/May/2010:19:43:29 +0000] "GET /assets/templates/sabf/screen.css HTTP/1.1" 304 - "http://www.sabf.org.ar/english" "Mozilla/5.0 (Macintosh; U; Intel Mac OS X 10_5_6; en-us) AppleWebKit/528.16 (KHTML, like Gecko) Version/4.0 Safari/528.16"
117.200.37.158 - - [28/May/2010:19:43:30 +0000] "GET /assets/templates/sabf/callto_fondo2.png HTTP/1.1" 200 2826 "http://www.sabf.org.ar/english" "Mozilla/5.0 (Macintosh; U; Intel Mac OS X 10_5_6; en-us) AppleWebKit/528.16 (KHTML, like Gecko) Version/4.0 Safari/528.16"
117.200.37.158 - - [28/May/2010:19:44:09 +0000] "GET /supporters HTTP/1.1" 500 3370 "http://www.sabf.org.ar/english" "Mozilla/5.0 (Macintosh; U; Intel Mac OS X 10_5_6; en-us) AppleWebKit/528.16 (KHTML, like Gecko) Version/4.0 Safari/528.16"
117.200.37.158 - - [28/May/2010:19:43:30 +0000] "GET /assets/images/sabf_home_00.jpg HTTP/1.1" 200 234957 "http://www.sabf.org.ar/english" "Mozilla/5.0 (Macintosh; U; Intel Mac OS X 10_5_6; en-us) AppleWebKit/528.16 (KHTML, like Gecko) Version/4.0 Safari/528.16"
117.200.37.158 - - [28/May/2010:19:44:14 +0000] "GET /assets/images/logo%20econored.gif HTTP/1.1" 200 13822 "http://www.sabf.org.ar/supporters" "Mozilla/5.0 (Macintosh; U; Intel Mac OS X 10_5_6; en-us) AppleWebKit/528.16 (KHTML, like Gecko) Version/4.0 Safari/528.16"
117.200.37.158 - - [28/May/2010:19:44:15 +0000] "GET /assets/images/Emblue_logo.png HTTP/1.1" 200 11620 "http://www.sabf.org.ar/supporters" "Mozilla/5.0 (Macintosh; U; Intel Mac OS X 10_5_6; en-us) AppleWebKit/528.16 (KHTML, like Gecko) Version/4.0 Safari/528.16"
117.200.37.158 - - [28/May/2010:19:44:15 +0000] "GET /assets/images/Pampa-Energia.png HTTP/1.1" 200 5904 "http://www.sabf.org.ar/supporters" "Mozilla/5.0 (Macintosh; U; Intel Mac OS X 10_5_6; en-us) AppleWebKit/528.16 (KHTML, like Gecko) Version/4.0 Safari/528.16"
117.200.37.158 - - [28/May/2010:19:44:15 +0000] "GET /assets/images/2009/Unilever%202009.gif HTTP/1.1" 200 18235 "http://www.sabf.org.ar/supporters" "Mozilla/5.0 (Macintosh; U; Intel Mac OS X 10_5_6; en-us) AppleWebKit/528.16 (KHTML, like Gecko) Version/4.0 Safari/528.16"
117.200.37.158 - - [28/May/2010:19:44:21 +0000] "GET /assets/images/2008/cefeba.jpg HTTP/1.1" 200 6391 "http://www.sabf.org.ar/supporters" "Mozilla/5.0 (Macintosh; U; Intel Mac OS X 10_5_6; en-us) AppleWebKit/528.16 (KHTML, like Gecko) Version/4.0 Safari/528.16"
117.200.37.158 - - [28/May/2010:19:44:22 +0000] "GET /assets/images/logo%20convergencia.gif HTTP/1.1" 200 15713 "http://www.sabf.org.ar/supporters" "Mozilla/5.0 (Macintosh; U; Intel Mac OS X 10_5_6; en-us) AppleWebKit/528.16 (KHTML, like Gecko) Version/4.0 Safari/528.16"
117.200.37.158 - - [28/May/2010:19:44:28 +0000] "GET /assets/images/2008/Sponsor.Watt.gif HTTP/1.1" 200 1023 "http://www.sabf.org.ar/supporters" "Mozilla/5.0 (Macintosh; U; Intel Mac OS X 10_5_6; en-us) AppleWebKit/528.16 (KHTML, like Gecko) Version/4.0 Safari/528.16"
117.200.37.158 - - [28/May/2010:19:44:28 +0000] "GET /assets/images/logo%20cenarsecs.gif HTTP/1.1" 200 17018 "http://www.sabf.org.ar/supporters" "Mozilla/5.0 (Macintosh; U; Intel Mac OS X 10_5_6; en-us) AppleWebKit/528.16 (KHTML, like Gecko) Version/4.0 Safari/528.16"
117.200.37.158 - - [28/May/2010:19:44:39 +0000] "GET /assets/images/2008/AI.GenerationEurope.gif HTTP/1.1" 200 1039 "http://www.sabf.org.ar/supporters" "Mozilla/5.0 (Macintosh; U; Intel Mac OS X 10_5_6; en-us) AppleWebKit/528.16 (KHTML, like Gecko) Version/4.0 Safari/528.16"
117.200.37.158 - - [28/May/2010:19:44:40 +0000] "GET /assets/images/2008/Sponsor.manuel_tienda_leon.gif HTTP/1.1" 200 4136 "http://www.sabf.org.ar/supporters" "Mozilla/5.0 (Macintosh; U; Intel Mac OS X 10_5_6; en-us) AppleWebKit/528.16 (KHTML, like Gecko) Version/4.0 Safari/528.16"
117.200.37.158 - - [28/May/2010:19:44:47 +0000] "GET /assets/images/2008/Benefactor.Waldorf(c).gif HTTP/1.1" 200 2528 "http://www.sabf.org.ar/supporters" "Mozilla/5.0 (Macintosh; U; Intel Mac OS X 10_5_6; en-us) AppleWebKit/528.16 (KHTML, like Gecko) Version/4.0 Safari/528.16"
117.200.37.158 - - [28/May/2010:19:44:47 +0000] "GET /assets/images/2008/AI.Austral.gif HTTP/1.1" 200 1741 "http://www.sabf.org.ar/supporters" "Mozilla/5.0 (Macintosh; U; Intel Mac OS X 10_5_6; en-us) AppleWebKit/528.16 (KHTML, like Gecko) Version/4.0 Safari/528.16"
117.200.37.158 - - [28/May/2010:19:44:47 +0000] "GET /assets/images/2008/AI.Endeavor.gif HTTP/1.1" 200 1573 "http://www.sabf.org.ar/supporters" "Mozilla/5.0 (Macintosh; U; Intel Mac OS X 10_5_6; en-us) AppleWebKit/528.16 (KHTML, like Gecko) Version/4.0 Safari/528.16"
117.200.37.158 - - [28/May/2010:19:44:48 +0000] "GET /assets/images/Intellignos_logo.png HTTP/1.1" 200 6505 "http://www.sabf.org.ar/supporters" "Mozilla/5.0 (Macintosh; U; Intel Mac OS X 10_5_6; en-us) AppleWebKit/528.16 (KHTML, like Gecko) Version/4.0 Safari/528.16"
117.200.37.158 - - [28/May/2010:19:44:48 +0000] "GET /forum HTTP/1.1" 500 3621 "-" "Mozilla/5.0 (Macintosh; U; Intel Mac OS X 10_5_6; en-us) AppleWebKit/528.16 (KHTML, like Gecko) Version/4.0 Safari/528.16"
117.200.37.158 - - [28/May/2010:19:44:49 +0000] "GET /assets/images/2008/Partner.Santander.gif HTTP/1.1" 200 2079 "http://www.sabf.org.ar/supporters" "Mozilla/5.0 (Macintosh; U; Intel Mac OS X 10_5_6; en-us) AppleWebKit/528.16 (KHTML, like Gecko) Version/4.0 Safari/528.16"
117.200.37.158 - - [28/May/2010:19:44:52 +0000] "GET /assets/images/2008/AI.AVINA(1).jpg HTTP/1.1" 200 4554 "http://www.sabf.org.ar/supporters" "Mozilla/5.0 (Macintosh; U; Intel Mac OS X 10_5_6; en-us) AppleWebKit/528.16 (KHTML, like Gecko) Version/4.0 Safari/528.16"
117.200.37.158 - - [28/May/2010:19:44:53 +0000] "GET /assets/images/2008/AI.Fundes.gif HTTP/1.1" 200 1515 "http://www.sabf.org.ar/supporters" "Mozilla/5.0 (Macintosh; U; Intel Mac OS X 10_5_6; en-us) AppleWebKit/528.16 (KHTML, like Gecko) Version/4.0 Safari/528.16"
117.200.37.158 - - [28/May/2010:19:44:56 +0000] "GET /assets/images/techint4.gif HTTP/1.1" 200 16463 "http://www.sabf.org.ar/supporters" "Mozilla/5.0 (Macintosh; U; Intel Mac OS X 10_5_6; en-us) AppleWebKit/528.16 (KHTML, like Gecko) Version/4.0 Safari/528.16"
117.200.37.158 - - [28/May/2010:19:45:00 +0000] "GET /assets/images/Jovenes%20Lideres.gif HTTP/1.1" 200 14951 "http://www.sabf.org.ar/supporters" "Mozilla/5.0 (Macintosh; U; Intel Mac OS X 10_5_6; en-us) AppleWebKit/528.16 (KHTML, like Gecko) Version/4.0 Safari/528.16"
117.200.37.158 - - [28/May/2010:19:45:00 +0000] "GET /assets/images/2009/Ashoka%20new%202009.gif HTTP/1.1" 200 14134 "http://www.sabf.org.ar/supporters" "Mozilla/5.0 (Macintosh; U; Intel Mac OS X 10_5_6; en-us) AppleWebKit/528.16 (KHTML, like Gecko) Version/4.0 Safari/528.16"
117.200.37.158 - - [28/May/2010:19:45:08 +0000] "GET /assets/images/2009/DOW%202009.gif HTTP/1.1" 200 16252 "http://www.sabf.org.ar/supporters" "Mozilla/5.0 (Macintosh; U; Intel Mac OS X 10_5_6; en-us) AppleWebKit/528.16 (KHTML, like Gecko) Version/4.0 Safari/528.16"
117.200.37.158 - - [28/May/2010:19:45:08 +0000] "GET /assets/images/2008/AI.Hillel.gif HTTP/1.1" 200 1687 "http://www.sabf.org.ar/supporters" "Mozilla/5.0 (Macintosh; U; Intel Mac OS X 10_5_6; en-us) AppleWebKit/528.16 (KHTML, like Gecko) Version/4.0 Safari/528.16"
117.200.37.158 - - [28/May/2010:19:45:10 +0000] "GET /assets/images/MiniPosterSABF10.jpg HTTP/1.1" 200 52751 "http://www.sabf.org.ar/forum" "Mozilla/5.0 (Macintosh; U; Intel Mac OS X 10_5_6; en-us) AppleWebKit/528.16 (KHTML, like Gecko) Version/4.0 Safari/528.16"
109.87.45.228 - - [28/May/2010:19:45:11 +0000] "POST http://109.87.45.228/max/aposter/proxy.php HTTP/1.1" 301 252 "-" "Mozilla/4.0 (compatible; MSIE 6.0; Windows NT 5.1; SV1)"
109.87.45.228 - - [28/May/2010:19:45:11 +0000] "GET http://www.sabf.org.ar/max/aposter/proxy.php HTTP/1.1" 404 9100 "-" "Mozilla/4.0 (compatible; MSIE 6.0; Windows NT 5.1; SV1)"
117.200.37.158 - - [28/May/2010:19:45:11 +0000] "GET /assets/images/2009/JCI%202009.gif HTTP/1.1" 200 14367 "http://www.sabf.org.ar/supporters" "Mozilla/5.0 (Macintosh; U; Intel Mac OS X 10_5_6; en-us) AppleWebKit/528.16 (KHTML, like Gecko) Version/4.0 Safari/528.16"
66.197.252.229 - - [28/May/2010:19:45:20 +0000] "POST http://66.197.252.229/a-poster/proxy.php HTTP/1.1" 301 249 "-" "Mozilla/4.0 (compatible; MSIE 6.0; Windows NT 5.1; SV1)"
66.197.252.229 - - [28/May/2010:19:45:20 +0000] "GET http://www.sabf.org.ar/a-poster/proxy.php HTTP/1.1" 404 9100 "-" "Mozilla/4.0 (compatible; MSIE 6.0; Windows NT 5.1; SV1)"
201.247.105.84 - - [28/May/2010:19:45:45 +0000] "GET / HTTP/1.0" 200 1741 "-" "Mozilla/5.0 (Windows; U; Windows NT 5.1; en-US) AppleWebKit/533.4 (KHTML, like Gecko) Chrome/5.0.375.55 Safari/533.4"
201.247.105.84 - - [28/May/2010:19:45:46 +0000] "GET /assets/templates/sabf/screen.css HTTP/1.0" 200 13717 "http://www.sabf.org.ar/" "Mozilla/5.0 (Windows; U; Windows NT 5.1; en-US) AppleWebKit/533.4 (KHTML, like Gecko) Chrome/5.0.375.55 Safari/533.4"
201.247.105.84 - - [28/May/2010:19:45:46 +0000] "GET /assets/templates/sabf/print.css HTTP/1.0" 200 2031 "http://www.sabf.org.ar/" "Mozilla/5.0 (Windows; U; Windows NT 5.1; en-US) AppleWebKit/533.4 (KHTML, like Gecko) Chrome/5.0.375.55 Safari/533.4"
201.247.105.84 - - [28/May/2010:19:45:46 +0000] "GET /assets/images/logo_sabf.png HTTP/1.0" 200 5877 "http://www.sabf.org.ar/" "Mozilla/5.0 (Windows; U; Windows NT 5.1; en-US) AppleWebKit/533.4 (KHTML, like Gecko) Chrome/5.0.375.55 Safari/533.4"
201.247.105.84 - - [28/May/2010:19:45:46 +0000] "GET /assets/images/fechaesp.png HTTP/1.0" 200 7156 "http://www.sabf.org.ar/" "Mozilla/5.0 (Windows; U; Windows NT 5.1; en-US) AppleWebKit/533.4 (KHTML, like Gecko) Chrome/5.0.375.55 Safari/533.4"
201.247.105.84 - - [28/May/2010:19:45:46 +0000] "GET /assets/templates/sabf/bgMenu.gif HTTP/1.0" 200 1020 "http://www.sabf.org.ar/" "Mozilla/5.0 (Windows; U; Windows NT 5.1; en-US) AppleWebKit/533.4 (KHTML, like Gecko) Chrome/5.0.375.55 Safari/533.4"
201.247.105.84 - - [28/May/2010:19:45:46 +0000] "GET /assets/templates/sabf/callto_fondo2.png HTTP/1.0" 200 2826 "http://www.sabf.org.ar/" "Mozilla/5.0 (Windows; U; Windows NT 5.1; en-US) AppleWebKit/533.4 (KHTML, like Gecko) Chrome/5.0.375.55 Safari/533.4"
201.247.105.84 - - [28/May/2010:19:45:46 +0000] "GET /assets/images/sabf_home_00.jpg HTTP/1.0" 200 234957 "http://www.sabf.org.ar/" "Mozilla/5.0 (Windows; U; Windows NT 5.1; en-US) AppleWebKit/533.4 (KHTML, like Gecko) Chrome/5.0.375.55 Safari/533.4"
82.103.128.170 - - [28/May/2010:19:45:48 +0000] "GET http://82.103.128.170:80/judge.php HTTP/1.0" 301 240 "-" "MSIE 6.0"
87.117.198.178 - - [28/May/2010:19:46:22 +0000] "POST http://maxhosted.com/proxy5/check.php HTTP/1.1" 301 247 "http://bc6d753857/" "Mozilla/4.0 (compatible; MSIE 6.0; Windows NT 5.1; SV1)"
201.214.73.240 - - [28/May/2010:19:47:01 +0000] "GET /favicon.ico HTTP/1.1" 200 946 "-" "Mozilla/5.0 (Windows; U; Windows NT 5.1; es-ES; rv:1.9.1.9) Gecko/20100315 Firefox/3.5.9"
64.120.153.21 - - [28/May/2010:19:48:31 +0000] "POST http://64.120.153.21/a-poster/proxy.php HTTP/1.1" 301 249 "-" "Mozilla/4.0 (compatible; MSIE 6.0; Windows NT 5.1; SV1)"
64.120.153.21 - - [28/May/2010:19:48:31 +0000] "GET http://www.sabf.org.ar/a-poster/proxy.php HTTP/1.1" 404 9100 "-" "Mozilla/4.0 (compatible; MSIE 6.0; Windows NT 5.1; SV1)"
95.31.4.230 - - [28/May/2010:19:48:52 +0000] "GET http://novastat.ru/statistics/utils/is_anonymus.php?ip=95.31.4.230 HTTP/1.1" 301 278 "-" "Mozilla/5.0 (Windows; U; Windows NT 5.1; ru; rv:1.8.1.4) Gecko/20070515 Firefox/2.0.0.4, Mozilla/5.0 (Windows; U; Windows NT 5.1; ru; rv:1.8.1.4) Gecko/20070515 Firefox/2.0.0.4, Mozilla/5.0 (Windows; U; Windows NT 5.1; ru; rv:1.8.1.4) Gecko/20070515 Firefox/2.0.0.4, Mozilla/5.0 (Windows; U; Windows NT 5.1; ru; rv:1.8.1.4) Gecko/20070515 Firefox/2.0.0.4, Mozilla/5.0 (Windows; U; Windows NT 5.1; ru; rv:1.8.1.4) Gecko/20070515 Firefox/2.0.0.4, Mozilla/5.0 (Windows; U; Windows NT 5.1; ru; rv:1.8.1.4) Gecko/20070515 Firefox/2.0.0.4, Mozilla/5.0 (Windows; U; Windows NT 5.1; ru; rv:1.8.1.4) Gecko/20070515 Firefox/2.0.0.4, Mozilla/5.0 (Windows; U; Windows NT 5.1; ru; rv:1.8.1.4) Gecko/20070515 Firefox/2.0.0.4, Mozilla/5.0 (Windows; U; Windows NT 5.1; ru; rv:1.8.1.4) Gecko/20070515 Firefox/2.0.0.4, Mozilla/5.0 (Windows; U; Windows NT 5.1; ru; rv:1.8.1.4) Gecko/20070515 Firefox/2.0.0.4, Mozilla/5.0 (Windows; U; Windows NT 5.1; ru; rv:1.8.1.4) Gecko/20070515 Firefox/2.0.0.4, Mozilla/5.0 (Windows; U; Windows NT 5.1; ru; rv:1.8.1.4) Gecko/20070515 Firefox/2.0.0.4, Mozilla/5.0 (Windows; U; Windows NT 5.1; ru; rv:1.8.1.4) Gecko/20070515 Firefox/2.0.0.4, Mozilla/5.0 (Windows; U; Windows NT 5.1; ru; rv:1.8.1.4) Gecko/20070515 Firefox/2.0.0.4, Mozilla/5.0 (Windows; U; Windows NT 5.1; ru; rv:1.8.1.4) Gecko/20070515 Firefox/2.0.0.4, Mozilla/5.0 (Windows; U; Windows NT 5.1; ru; rv:1.8.1.4) Gecko/20070515 Firefox/2.0.0.4, Mozilla/5.0 (Windows; U; Windows NT 5.1; ru; rv:1.8.1.4) Gecko/20070515 Firefox/2.0.0.4, Mozilla/5.0 (Windows; U; Windows NT 5.1; ru; rv:1.8.1.4) Gecko/20070515 Firefox/2.0.0.4, Mozilla/5.0 (Windows; U; Windows NT 5.1; ru; rv:1.8.1.4) Gecko/20070515 Firefox/2.0.0.4, Mozilla/5.0 (Windows; U; Windows NT 5.1; ru; rv:1.8.1.4) Gecko/20070515 Firefox/2.0.0.4, Mozilla/5.0 (Windows; U; Windows NT 5.1; ru; rv:1.8.1.4) Gecko/20070515 Firefox/2.0.0.4"
67.218.116.164 - - [28/May/2010:19:50:14 +0000] "GET /robots.txt HTTP/1.1" 200 357 "-" "Mozilla/5.0 (Twiceler-0.9 http://www.cuil.com/twiceler/robot.html)"
190.160.149.49 - - [28/May/2010:19:50:35 +0000] "GET / HTTP/1.1" 200 1741 "-" "Mozilla/5.0 (Windows; U; Windows NT 6.0; en-US) AppleWebKit/532.5 (KHTML, like Gecko) Chrome/4.1.249.1064 Safari/532.5"
66.197.155.149 - - [28/May/2010:19:51:51 +0000] "POST http://66.197.155.149/a-poster/proxy.php HTTP/1.1" 301 249 "-" "Mozilla/4.0 (compatible; MSIE 6.0; Windows NT 5.1; SV1)"
66.197.155.149 - - [28/May/2010:19:51:51 +0000] "GET http://www.sabf.org.ar/a-poster/proxy.php HTTP/1.1" 404 9100 "-" "Mozilla/4.0 (compatible; MSIE 6.0; Windows NT 5.1; SV1)"
66.197.252.229 - - [28/May/2010:19:51:59 +0000] "POST http://66.197.252.229/a-poster/proxy.php HTTP/1.1" 301 249 "-" "Mozilla/4.0 (compatible; MSIE 6.0; Windows NT 5.1; SV1)"
66.197.252.229 - - [28/May/2010:19:51:59 +0000] "GET http://www.sabf.org.ar/a-poster/proxy.php HTTP/1.1" 404 9100 "-" "Mozilla/4.0 (compatible; MSIE 6.0; Windows NT 5.1; SV1)"
64.120.153.21 - - [28/May/2010:19:55:13 +0000] "POST http://64.120.153.21/a-poster/proxy.php HTTP/1.1" 301 249 "-" "Mozilla/4.0 (compatible; MSIE 6.0; Windows NT 5.1; SV1)"
64.120.153.21 - - [28/May/2010:19:55:13 +0000] "GET http://www.sabf.org.ar/a-poster/proxy.php HTTP/1.1" 404 9100 "-" "Mozilla/4.0 (compatible; MSIE 6.0; Windows NT 5.1; SV1)"
66.197.155.149 - - [28/May/2010:19:55:23 +0000] "POST http://66.197.155.149/a-poster/proxy.php HTTP/1.1" 301 249 "-" "Mozilla/4.0 (compatible; MSIE 6.0; Windows NT 5.1; SV1)"
66.197.155.149 - - [28/May/2010:19:55:23 +0000] "GET http://www.sabf.org.ar/a-poster/proxy.php HTTP/1.1" 404 9100 "-" "Mozilla/4.0 (compatible; MSIE 6.0; Windows NT 5.1; SV1)"
66.197.252.229 - - [28/May/2010:19:55:23 +0000] "POST http://66.197.252.229/a-poster/proxy.php HTTP/1.1" 301 249 "-" "Mozilla/4.0 (compatible; MSIE 6.0; Windows NT 5.1; SV1)"
66.197.252.229 - - [28/May/2010:19:55:23 +0000] "GET http://www.sabf.org.ar/a-poster/proxy.php HTTP/1.1" 404 9100 "-" "Mozilla/4.0 (compatible; MSIE 6.0; Windows NT 5.1; SV1)"
186.13.139.122 - - [28/May/2010:19:55:37 +0000] "GET / HTTP/1.1" 200 1741 "http://www.google.com.ar/search?hl=es&source=hp&q=sabf&aq=f&aqi=&aql=&oq=&gs_rfai=" "Mozilla/4.0 (compatible; MSIE 7.0; Windows NT 6.0; SLCC1; .NET CLR 2.0.50727; InfoPath.2; .NET CLR 3.5.30729; .NET CLR 3.0.30618)"
186.13.139.122 - - [28/May/2010:19:55:38 +0000] "GET /assets/templates/sabf/ie.css HTTP/1.1" 200 1861 "http://www.sabf.org.ar/" "Mozilla/4.0 (compatible; MSIE 7.0; Windows NT 6.0; SLCC1; .NET CLR 2.0.50727; InfoPath.2; .NET CLR 3.5.30729; .NET CLR 3.0.30618)"
186.13.139.122 - - [28/May/2010:19:55:38 +0000] "GET /assets/templates/sabf/screen.css HTTP/1.1" 200 13717 "http://www.sabf.org.ar/" "Mozilla/4.0 (compatible; MSIE 7.0; Windows NT 6.0; SLCC1; .NET CLR 2.0.50727; InfoPath.2; .NET CLR 3.5.30729; .NET CLR 3.0.30618)"
186.13.139.122 - - [28/May/2010:19:55:38 +0000] "GET /assets/templates/sabf/print.css HTTP/1.1" 200 2031 "http://www.sabf.org.ar/" "Mozilla/4.0 (compatible; MSIE 7.0; Windows NT 6.0; SLCC1; .NET CLR 2.0.50727; InfoPath.2; .NET CLR 3.5.30729; .NET CLR 3.0.30618)"
186.13.139.122 - - [28/May/2010:19:55:39 +0000] "GET /assets/images/logo_sabf.png HTTP/1.1" 200 5877 "http://www.sabf.org.ar/" "Mozilla/4.0 (compatible; MSIE 7.0; Windows NT 6.0; SLCC1; .NET CLR 2.0.50727; InfoPath.2; .NET CLR 3.5.30729; .NET CLR 3.0.30618)"
186.13.139.122 - - [28/May/2010:19:55:40 +0000] "GET /assets/images/fechaesp.png HTTP/1.1" 200 7156 "http://www.sabf.org.ar/" "Mozilla/4.0 (compatible; MSIE 7.0; Windows NT 6.0; SLCC1; .NET CLR 2.0.50727; InfoPath.2; .NET CLR 3.5.30729; .NET CLR 3.0.30618)"
186.13.139.122 - - [28/May/2010:19:55:40 +0000] "GET /assets/templates/sabf/bgMenu.gif HTTP/1.1" 200 1020 "http://www.sabf.org.ar/" "Mozilla/4.0 (compatible; MSIE 7.0; Windows NT 6.0; SLCC1; .NET CLR 2.0.50727; InfoPath.2; .NET CLR 3.5.30729; .NET CLR 3.0.30618)"
186.13.139.122 - - [28/May/2010:19:55:41 +0000] "GET /assets/templates/sabf/callto_fondo2.png HTTP/1.1" 200 2826 "http://www.sabf.org.ar/" "Mozilla/4.0 (compatible; MSIE 7.0; Windows NT 6.0; SLCC1; .NET CLR 2.0.50727; InfoPath.2; .NET CLR 3.5.30729; .NET CLR 3.0.30618)"
212.95.54.122 - - [28/May/2010:19:55:51 +0000] "POST http://89.149.244.240/a-poster/proxy.php HTTP/1.1" 301 249 "-" "Mozilla/4.0 (compatible; MSIE 6.0; Windows NT 5.1; SV1)"
212.95.54.122 - - [28/May/2010:19:55:51 +0000] "GET http://www.sabf.org.ar/a-poster/proxy.php HTTP/1.1" 404 9100 "-" "Mozilla/4.0 (compatible; MSIE 6.0; Windows NT 5.1; SV1)"
186.13.139.122 - - [28/May/2010:19:55:40 +0000] "GET /assets/images/sabf_home_00.jpg HTTP/1.1" 200 234957 "http://www.sabf.org.ar/" "Mozilla/4.0 (compatible; MSIE 7.0; Windows NT 6.0; SLCC1; .NET CLR 2.0.50727; InfoPath.2; .NET CLR 3.5.30729; .NET CLR 3.0.30618)"
87.117.198.178 - - [28/May/2010:19:56:26 +0000] "POST http://maxhosted.com/proxy5/check.php HTTP/1.1" 301 247 "http://8a146f1a3d/" "Mozilla/4.0 (compatible; MSIE 6.0; Windows NT 5.1; SV1)"
207.46.204.193 - - [28/May/2010:19:57:22 +0000] "GET / HTTP/1.1" 200 1741 "-" "msnbot/2.0b (+http://search.msn.com/msnbot.htm)"
216.129.119.41 - - [28/May/2010:19:57:40 +0000] "GET /robots.txt HTTP/1.1" 200 357 "-" "Mozilla/5.0 (Twiceler-0.9 http://www.cuil.com/twiceler/robot.html)"
94.102.51.196 - - [28/May/2010:19:57:49 +0000] "POST http://alyssafan.net/Chpr.php HTTP/1.0" 301 239 "-" "Mozilla/4.0 (compatible; MSIE 6.0; Windows NT 5.1)"
94.102.51.196 - - [28/May/2010:19:57:50 +0000] "GET http://www.sabf.org.ar/Chpr.php HTTP/1.0" 404 2552 "-" "Mozilla/4.0 (compatible; MSIE 6.0; Windows NT 5.1)"
186.13.139.122 - - [28/May/2010:19:57:50 +0000] "GET /favicon.ico HTTP/1.1" 200 946 "-" "Mozilla/4.0 (compatible; MSIE 7.0; Windows NT 6.0; SLCC1; .NET CLR 2.0.50727; InfoPath.2; .NET CLR 3.5.30729; .NET CLR 3.0.30618)"
186.13.139.122 - - [28/May/2010:19:58:06 +0000] "GET / HTTP/1.1" 301 231 "http://blog.sabf.org.ar/" "Mozilla/4.0 (compatible; MSIE 7.0; Windows NT 6.0; SLCC1; .NET CLR 2.0.50727; InfoPath.2; .NET CLR 3.5.30729; .NET CLR 3.0.30618)"
186.13.139.122 - - [28/May/2010:19:58:06 +0000] "GET / HTTP/1.1" 200 1741 "http://blog.sabf.org.ar/" "Mozilla/4.0 (compatible; MSIE 7.0; Windows NT 6.0; SLCC1; .NET CLR 2.0.50727; InfoPath.2; .NET CLR 3.5.30729; .NET CLR 3.0.30618)"
186.13.139.122 - - [28/May/2010:19:58:07 +0000] "GET /assets/templates/sabf/print.css HTTP/1.1" 304 - "http://www.sabf.org.ar/" "Mozilla/4.0 (compatible; MSIE 7.0; Windows NT 6.0; SLCC1; .NET CLR 2.0.50727; InfoPath.2; .NET CLR 3.5.30729; .NET CLR 3.0.30618)"
186.13.139.122 - - [28/May/2010:19:58:07 +0000] "GET /assets/templates/sabf/ie.css HTTP/1.1" 304 - "http://www.sabf.org.ar/" "Mozilla/4.0 (compatible; MSIE 7.0; Windows NT 6.0; SLCC1; .NET CLR 2.0.50727; InfoPath.2; .NET CLR 3.5.30729; .NET CLR 3.0.30618)"
186.13.139.122 - - [28/May/2010:19:58:07 +0000] "GET /assets/templates/sabf/screen.css HTTP/1.1" 304 - "http://www.sabf.org.ar/" "Mozilla/4.0 (compatible; MSIE 7.0; Windows NT 6.0; SLCC1; .NET CLR 2.0.50727; InfoPath.2; .NET CLR 3.5.30729; .NET CLR 3.0.30618)"
186.13.139.122 - - [28/May/2010:19:58:08 +0000] "GET /assets/images/fechaesp.png HTTP/1.1" 304 - "http://www.sabf.org.ar/" "Mozilla/4.0 (compatible; MSIE 7.0; Windows NT 6.0; SLCC1; .NET CLR 2.0.50727; InfoPath.2; .NET CLR 3.5.30729; .NET CLR 3.0.30618)"
186.13.139.122 - - [28/May/2010:19:58:08 +0000] "GET /assets/images/logo_sabf.png HTTP/1.1" 304 - "http://www.sabf.org.ar/" "Mozilla/4.0 (compatible; MSIE 7.0; Windows NT 6.0; SLCC1; .NET CLR 2.0.50727; InfoPath.2; .NET CLR 3.5.30729; .NET CLR 3.0.30618)"
186.13.139.122 - - [28/May/2010:19:58:08 +0000] "GET /assets/templates/sabf/bgMenu.gif HTTP/1.1" 304 - "http://www.sabf.org.ar/" "Mozilla/4.0 (compatible; MSIE 7.0; Windows NT 6.0; SLCC1; .NET CLR 2.0.50727; InfoPath.2; .NET CLR 3.5.30729; .NET CLR 3.0.30618)"
186.13.139.122 - - [28/May/2010:19:58:08 +0000] "GET /assets/templates/sabf/callto_fondo2.png HTTP/1.1" 304 - "http://www.sabf.org.ar/" "Mozilla/4.0 (compatible; MSIE 7.0; Windows NT 6.0; SLCC1; .NET CLR 2.0.50727; InfoPath.2; .NET CLR 3.5.30729; .NET CLR 3.0.30618)"
186.13.139.122 - - [28/May/2010:19:58:08 +0000] "GET /assets/images/sabf_home_00.jpg HTTP/1.1" 206 122818 "http://www.sabf.org.ar/" "Mozilla/4.0 (compatible; MSIE 7.0; Windows NT 6.0; SLCC1; .NET CLR 2.0.50727; InfoPath.2; .NET CLR 3.5.30729; .NET CLR 3.0.30618)"
64.120.153.21 - - [28/May/2010:19:58:31 +0000] "POST http://64.120.153.21/a-poster/proxy.php HTTP/1.1" 301 249 "-" "Mozilla/4.0 (compatible; MSIE 6.0; Windows NT 5.1; SV1)"
64.120.153.21 - - [28/May/2010:19:58:31 +0000] "GET http://www.sabf.org.ar/a-poster/proxy.php HTTP/1.1" 404 9100 "-" "Mozilla/4.0 (compatible; MSIE 6.0; Windows NT 5.1; SV1)"
66.197.155.149 - - [28/May/2010:20:02:43 +0000] "POST http://66.197.155.149/a-poster/proxy.php HTTP/1.1" 301 249 "-" "Mozilla/4.0 (compatible; MSIE 6.0; Windows NT 5.1; SV1)"
66.197.155.149 - - [28/May/2010:20:02:44 +0000] "GET http://www.sabf.org.ar/a-poster/proxy.php HTTP/1.1" 404 9100 "-" "Mozilla/4.0 (compatible; MSIE 6.0; Windows NT 5.1; SV1)"
72.232.173.194 - - [28/May/2010:20:03:50 +0000] "POST http://72.232.173.194/ff.php HTTP/1.0" 301 237 "-" "Mozilla/4.0 (compatible; MSIE 6.0; Windows NT 5.1)"
72.232.173.194 - - [28/May/2010:20:03:51 +0000] "GET http://www.sabf.org.ar/ff.php HTTP/1.0" 404 2552 "-" "Mozilla/4.0 (compatible; MSIE 6.0; Windows NT 5.1)"
82.103.128.170 - - [28/May/2010:20:03:55 +0000] "GET http://82.103.128.170:80/judge.php HTTP/1.0" 301 240 "-" "MSIE 6.0"
109.87.45.228 - - [28/May/2010:20:03:57 +0000] "POST http://109.87.45.228/max/aposter/proxy.php HTTP/1.1" 301 252 "-" "Mozilla/4.0 (compatible; MSIE 6.0; Windows NT 5.1; SV1)"
109.87.45.228 - - [28/May/2010:20:03:57 +0000] "GET http://www.sabf.org.ar/max/aposter/proxy.php HTTP/1.1" 404 9100 "-" "Mozilla/4.0 (compatible; MSIE 6.0; Windows NT 5.1; SV1)"
207.46.195.240 - - [28/May/2010:20:04:22 +0000] "GET /robots.txt HTTP/1.1" 200 357 "-" "msnbot/2.0b (+http://search.msn.com/msnbot.htm)"
193.169.40.20 - - [28/May/2010:20:04:29 +0000] "POST http://mirror.secondwww.com/mirror.php HTTP/1.1" 301 241 "-" "-"
207.46.195.240 - - [28/May/2010:20:05:49 +0000] "GET /foro/ediciones-anteriores/2005/equipo-organizador HTTP/1.0" 500 7338 "-" "msnbot/2.0b (+http://search.msn.com/msnbot.htm)"
66.197.252.229 - - [28/May/2010:20:05:50 +0000] "POST http://66.197.252.229/a-poster/proxy.php HTTP/1.1" 301 249 "-" "Mozilla/4.0 (compatible; MSIE 6.0; Windows NT 5.1; SV1)"
66.197.252.229 - - [28/May/2010:20:05:50 +0000] "GET http://www.sabf.org.ar/a-poster/proxy.php HTTP/1.1" 404 9100 "-" "Mozilla/4.0 (compatible; MSIE 6.0; Windows NT 5.1; SV1)"
87.117.198.178 - - [28/May/2010:20:06:21 +0000] "POST http://maxhosted.com/proxy5/check.php HTTP/1.1" 301 247 "http://eaa32c96f6/" "Mozilla/4.0 (compatible; MSIE 6.0; Windows NT 5.1; SV1)"
216.129.119.42 - - [28/May/2010:20:06:39 +0000] "GET /robots.txt HTTP/1.1" 200 357 "-" "Mozilla/5.0 (Twiceler-0.9 http://www.cuil.com/twiceler/robot.html)"
190.42.26.60 - - [28/May/2010:20:07:43 +0000] "GET / HTTP/1.1" 200 1741 "http://www.google.com.pe/url?sa=t&source=web&ct=res&cd=1&ved=0CBcQFjAA&url=http%3A%2F%2Fwww.sabf.org.ar%2F&rct=j&q=sabf&ei=jCIATMLAJ8L6lwf93MDlCQ&usg=AFQjCNFkhjDSPAwzDewFSfO6yBF7zr7uug" "Mozilla/4.0 (compatible; MSIE 8.0; Windows NT 6.1; Trident/4.0; SLCC2; .NET CLR 2.0.50727; .NET CLR 3.5.30729; .NET CLR 3.0.30729; Media Center PC 6.0; InfoPath.2; Tablet PC 2.0)"
190.42.26.60 - - [28/May/2010:20:07:43 +0000] "GET /assets/templates/sabf/screen.css HTTP/1.1" 200 13717 "http://www.sabf.org.ar/" "Mozilla/4.0 (compatible; MSIE 8.0; Windows NT 6.1; Trident/4.0; SLCC2; .NET CLR 2.0.50727; .NET CLR 3.5.30729; .NET CLR 3.0.30729; Media Center PC 6.0; InfoPath.2; Tablet PC 2.0)"
190.42.26.60 - - [28/May/2010:20:07:43 +0000] "GET /assets/templates/sabf/print.css HTTP/1.1" 200 2031 "http://www.sabf.org.ar/" "Mozilla/4.0 (compatible; MSIE 8.0; Windows NT 6.1; Trident/4.0; SLCC2; .NET CLR 2.0.50727; .NET CLR 3.5.30729; .NET CLR 3.0.30729; Media Center PC 6.0; InfoPath.2; Tablet PC 2.0)"
190.42.26.60 - - [28/May/2010:20:07:44 +0000] "GET /assets/templates/sabf/ie.css HTTP/1.1" 200 1861 "http://www.sabf.org.ar/" "Mozilla/4.0 (compatible; MSIE 8.0; Windows NT 6.1; Trident/4.0; SLCC2; .NET CLR 2.0.50727; .NET CLR 3.5.30729; .NET CLR 3.0.30729; Media Center PC 6.0; InfoPath.2; Tablet PC 2.0)"
190.42.26.60 - - [28/May/2010:20:07:44 +0000] "GET /assets/images/fechaesp.png HTTP/1.1" 200 7156 "http://www.sabf.org.ar/" "Mozilla/4.0 (compatible; MSIE 8.0; Windows NT 6.1; Trident/4.0; SLCC2; .NET CLR 2.0.50727; .NET CLR 3.5.30729; .NET CLR 3.0.30729; Media Center PC 6.0; InfoPath.2; Tablet PC 2.0)"
190.42.26.60 - - [28/May/2010:20:07:44 +0000] "GET /assets/images/logo_sabf.png HTTP/1.1" 200 5877 "http://www.sabf.org.ar/" "Mozilla/4.0 (compatible; MSIE 8.0; Windows NT 6.1; Trident/4.0; SLCC2; .NET CLR 2.0.50727; .NET CLR 3.5.30729; .NET CLR 3.0.30729; Media Center PC 6.0; InfoPath.2; Tablet PC 2.0)"
190.42.26.60 - - [28/May/2010:20:07:44 +0000] "GET /assets/templates/sabf/bgMenu.gif HTTP/1.1" 200 1020 "http://www.sabf.org.ar/" "Mozilla/4.0 (compatible; MSIE 8.0; Windows NT 6.1; Trident/4.0; SLCC2; .NET CLR 2.0.50727; .NET CLR 3.5.30729; .NET CLR 3.0.30729; Media Center PC 6.0; InfoPath.2; Tablet PC 2.0)"
190.42.26.60 - - [28/May/2010:20:07:45 +0000] "GET /assets/templates/sabf/callto_fondo2.png HTTP/1.1" 200 2826 "http://www.sabf.org.ar/" "Mozilla/4.0 (compatible; MSIE 8.0; Windows NT 6.1; Trident/4.0; SLCC2; .NET CLR 2.0.50727; .NET CLR 3.5.30729; .NET CLR 3.0.30729; Media Center PC 6.0; InfoPath.2; Tablet PC 2.0)"
190.42.26.60 - - [28/May/2010:20:07:45 +0000] "GET /assets/images/sabf_home_00.jpg HTTP/1.1" 200 234957 "http://www.sabf.org.ar/" "Mozilla/4.0 (compatible; MSIE 8.0; Windows NT 6.1; Trident/4.0; SLCC2; .NET CLR 2.0.50727; .NET CLR 3.5.30729; .NET CLR 3.0.30729; Media Center PC 6.0; InfoPath.2; Tablet PC 2.0)"
190.42.26.60 - - [28/May/2010:20:07:51 +0000] "GET /favicon.ico HTTP/1.1" 200 946 "-" "Mozilla/4.0 (compatible; MSIE 8.0; Windows NT 6.1; Trident/4.0; SLCC2; .NET CLR 2.0.50727; .NET CLR 3.5.30729; .NET CLR 3.0.30729; Media Center PC 6.0; InfoPath.2; Tablet PC 2.0)"
66.197.252.229 - - [28/May/2010:20:08:54 +0000] "POST http://66.197.252.229/a-poster/proxy.php HTTP/1.1" 301 249 "-" "Mozilla/4.0 (compatible; MSIE 6.0; Windows NT 5.1; SV1)"
66.197.252.229 - - [28/May/2010:20:08:54 +0000] "GET http://www.sabf.org.ar/a-poster/proxy.php HTTP/1.1" 404 9100 "-" "Mozilla/4.0 (compatible; MSIE 6.0; Windows NT 5.1; SV1)"
64.120.153.21 - - [28/May/2010:20:09:28 +0000] "POST http://64.120.153.21/a-poster/proxy.php HTTP/1.1" 301 249 "-" "Mozilla/4.0 (compatible; MSIE 6.0; Windows NT 5.1; SV1)"
64.120.153.21 - - [28/May/2010:20:09:28 +0000] "GET http://www.sabf.org.ar/a-poster/proxy.php HTTP/1.1" 404 9100 "-" "Mozilla/4.0 (compatible; MSIE 6.0; Windows NT 5.1; SV1)"
69.10.34.10 - - [28/May/2010:20:10:05 +0000] "GET http://invite-vk.com/modules/proxy_checker.php?a=result&id=9022 HTTP/1.1" 301 277 "-" "-"
66.197.252.229 - - [28/May/2010:20:12:28 +0000] "POST http://66.197.252.229/a-poster/proxy.php HTTP/1.1" 301 249 "-" "Mozilla/4.0 (compatible; MSIE 6.0; Windows NT 5.1; SV1)"
66.197.252.229 - - [28/May/2010:20:12:28 +0000] "GET http://www.sabf.org.ar/a-poster/proxy.php HTTP/1.1" 404 9100 "-" "Mozilla/4.0 (compatible; MSIE 6.0; Windows NT 5.1; SV1)"
64.120.153.21 - - [28/May/2010:20:12:29 +0000] "POST http://64.120.153.21/a-poster/proxy.php HTTP/1.1" 301 249 "-" "Mozilla/4.0 (compatible; MSIE 6.0; Windows NT 5.1; SV1)"
64.120.153.21 - - [28/May/2010:20:12:29 +0000] "GET http://www.sabf.org.ar/a-poster/proxy.php HTTP/1.1" 404 9100 "-" "Mozilla/4.0 (compatible; MSIE 6.0; Windows NT 5.1; SV1)"
82.146.53.138 - - [28/May/2010:20:13:21 +0000] "GET http://all3stuff.net/receiver.php HTTP/1.1" 301 243 "http://www.microsoft.com" "Mozilla/4.0 (compatible; MSIE 6.0; Windows NT 5.1; SV1)"
82.146.53.138 - - [28/May/2010:20:13:21 +0000] "GET http://www.sabf.org.ar/receiver.php HTTP/1.1" 404 9100 "http://www.microsoft.com" "Mozilla/4.0 (compatible; MSIE 6.0; Windows NT 5.1; SV1)"
95.31.4.230 - - [28/May/2010:20:14:07 +0000] "GET http://novastat.ru/statistics/utils/is_anonymus.php?ip=95.31.4.230 HTTP/1.1" 301 278 "-" "Mozilla/5.0 (Windows; U; Windows NT 5.1; ru; rv:1.8.1.4) Gecko/20070515 Firefox/2.0.0.4, Mozilla/5.0 (Windows; U; Windows NT 5.1; ru; rv:1.8.1.4) Gecko/20070515 Firefox/2.0.0.4, Mozilla/5.0 (Windows; U; Windows NT 5.1; ru; rv:1.8.1.4) Gecko/20070515 Firefox/2.0.0.4, Mozilla/5.0 (Windows; U; Windows NT 5.1; ru; rv:1.8.1.4) Gecko/20070515 Firefox/2.0.0.4, Mozilla/5.0 (Windows; U; Windows NT 5.1; ru; rv:1.8.1.4) Gecko/20070515 Firefox/2.0.0.4, Mozilla/5.0 (Windows; U; Windows NT 5.1; ru; rv:1.8.1.4) Gecko/20070515 Firefox/2.0.0.4, Mozilla/5.0 (Windows; U; Windows NT 5.1; ru; rv:1.8.1.4) Gecko/20070515 Firefox/2.0.0.4, Mozilla/5.0 (Windows; U; Windows NT 5.1; ru; rv:1.8.1.4) Gecko/20070515 Firefox/2.0.0.4, Mozilla/5.0 (Windows; U; Windows NT 5.1; ru; rv:1.8.1.4) Gecko/20070515 Firefox/2.0.0.4, Mozilla/5.0 (Windows; U; Windows NT 5.1; ru; rv:1.8.1.4) Gecko/20070515 Firefox/2.0.0.4, Mozilla/5.0 (Windows; U; Windows NT 5.1; ru; rv:1.8.1.4) Gecko/20070515 Firefox/2.0.0.4, Mozilla/5.0 (Windows; U; Windows NT 5.1; ru; rv:1.8.1.4) Gecko/20070515 Firefox/2.0.0.4, Mozilla/5.0 (Windows; U; Windows NT 5.1; ru; rv:1.8.1.4) Gecko/20070515 Firefox/2.0.0.4, Mozilla/5.0 (Windows; U; Windows NT 5.1; ru; rv:1.8.1.4) Gecko/20070515 Firefox/2.0.0.4, Mozilla/5.0 (Windows; U; Windows NT 5.1; ru; rv:1.8.1.4) Gecko/20070515 Firefox/2.0.0.4, Mozilla/5.0 (Windows; U; Windows NT 5.1; ru; rv:1.8.1.4) Gecko/20070515 Firefox/2.0.0.4, Mozilla/5.0 (Windows; U; Windows NT 5.1; ru; rv:1.8.1.4) Gecko/20070515 Firefox/2.0.0.4, Mozilla/5.0 (Windows; U; Windows NT 5.1; ru; rv:1.8.1.4) Gecko/20070515 Firefox/2.0.0.4, Mozilla/5.0 (Windows; U; Windows NT 5.1; ru; rv:1.8.1.4) Gecko/20070515 Firefox/2.0.0.4, Mozilla/5.0 (Windows; U; Windows NT 5.1; ru; rv:1.8.1.4) Gecko/20070515 Firefox/2.0.0.4, Mozilla/5.0 (Windows; U; Windows NT 5.1; ru; rv:1.8.1.4) Gecko/20070515 Firefox/2.0.0.4"
212.95.54.122 - - [28/May/2010:20:14:46 +0000] "POST http://89.149.244.240/a-poster/proxy.php HTTP/1.1" 301 249 "-" "Mozilla/4.0 (compatible; MSIE 6.0; Windows NT 5.1; SV1)"
212.95.54.122 - - [28/May/2010:20:14:47 +0000] "GET http://www.sabf.org.ar/a-poster/proxy.php HTTP/1.1" 404 9100 "-" "Mozilla/4.0 (compatible; MSIE 6.0; Windows NT 5.1; SV1)"
66.197.252.229 - - [28/May/2010:20:16:09 +0000] "POST http://66.197.252.229/a-poster/proxy.php HTTP/1.1" 301 249 "-" "Mozilla/4.0 (compatible; MSIE 6.0; Windows NT 5.1; SV1)"
66.197.252.229 - - [28/May/2010:20:16:09 +0000] "GET http://www.sabf.org.ar/a-poster/proxy.php HTTP/1.1" 404 9100 "-" "Mozilla/4.0 (compatible; MSIE 6.0; Windows NT 5.1; SV1)"
87.117.198.178 - - [28/May/2010:20:16:18 +0000] "POST http://maxhosted.com/proxy5/check.php HTTP/1.1" 301 247 "http://39d0a8908f/" "Mozilla/4.0 (compatible; MSIE 6.0; Windows NT 5.1; SV1)"
208.115.138.254 - - [28/May/2010:20:17:06 +0000] "GET /?gclid=CPGQ2YbT9aECFRIhnAodR2-4GQ HTTP/1.1" 200 4381 "-" "Mozilla/4.0"
190.66.20.237 - - [28/May/2010:20:17:06 +0000] "GET /?gclid=CPGQ2YbT9aECFRIhnAodR2-4GQ HTTP/1.1" 200 1741 "http://www.google.com.co/url?q=requerimientos+alimenticios+de+los+estudiantes&url=/aclk%3Fsa%3Dl%26ai%3DCzqqhkfL_S66LD42YlQfwhdGFAv6fybIB3tu2uRSctefwBAgAEAFQ1aykP2Cr4eSBsAagAaL3g-8DyAEBqgQbT9CQ6YG9d7d2JBazCLhXa0y3DWOtpPL-OwgA%26sig%3DAGiWqtzsaVRVVrCBZvPV3n7OfmeXDhewqg%26adurl%3Dhttp://www.sabf.org.ar&rct=j&ei=kfL_S8rwDYaKlwf5j7W_CQ&usg=AFQjCNFP0PSBZbQbIFMMoNQiAJ9-hSfUfA" "Mozilla/4.0 (compatible; MSIE 8.0; Windows NT 5.1; Trident/4.0; .NET CLR 1.1.4322; .NET CLR 2.0.50727; InfoPath.1; .NET CLR 3.0.04506.30; .NET CLR 3.0.04506.648; .NET CLR 3.0.4506.2152; .NET CLR 3.5.30729)"
190.66.20.237 - - [28/May/2010:20:17:07 +0000] "GET /assets/templates/sabf/screen.css HTTP/1.1" 200 13717 "http://www.sabf.org.ar/?gclid=CPGQ2YbT9aECFRIhnAodR2-4GQ" "Mozilla/4.0 (compatible; MSIE 8.0; Windows NT 5.1; Trident/4.0; .NET CLR 1.1.4322; .NET CLR 2.0.50727; InfoPath.1; .NET CLR 3.0.04506.30; .NET CLR 3.0.04506.648; .NET CLR 3.0.4506.2152; .NET CLR 3.5.30729)"
190.66.20.237 - - [28/May/2010:20:17:07 +0000] "GET /assets/templates/sabf/print.css HTTP/1.1" 200 2031 "http://www.sabf.org.ar/?gclid=CPGQ2YbT9aECFRIhnAodR2-4GQ" "Mozilla/4.0 (compatible; MSIE 8.0; Windows NT 5.1; Trident/4.0; .NET CLR 1.1.4322; .NET CLR 2.0.50727; InfoPath.1; .NET CLR 3.0.04506.30; .NET CLR 3.0.04506.648; .NET CLR 3.0.4506.2152; .NET CLR 3.5.30729)"
190.66.20.237 - - [28/May/2010:20:17:07 +0000] "GET /assets/templates/sabf/ie.css HTTP/1.1" 200 1861 "http://www.sabf.org.ar/?gclid=CPGQ2YbT9aECFRIhnAodR2-4GQ" "Mozilla/4.0 (compatible; MSIE 8.0; Windows NT 5.1; Trident/4.0; .NET CLR 1.1.4322; .NET CLR 2.0.50727; InfoPath.1; .NET CLR 3.0.04506.30; .NET CLR 3.0.04506.648; .NET CLR 3.0.4506.2152; .NET CLR 3.5.30729)"
190.66.20.237 - - [28/May/2010:20:17:08 +0000] "GET /assets/images/logo_sabf.png HTTP/1.1" 200 5877 "http://www.sabf.org.ar/?gclid=CPGQ2YbT9aECFRIhnAodR2-4GQ" "Mozilla/4.0 (compatible; MSIE 8.0; Windows NT 5.1; Trident/4.0; .NET CLR 1.1.4322; .NET CLR 2.0.50727; InfoPath.1; .NET CLR 3.0.04506.30; .NET CLR 3.0.04506.648; .NET CLR 3.0.4506.2152; .NET CLR 3.5.30729)"
190.66.20.237 - - [28/May/2010:20:17:08 +0000] "GET /assets/images/fechaesp.png HTTP/1.1" 200 7156 "http://www.sabf.org.ar/?gclid=CPGQ2YbT9aECFRIhnAodR2-4GQ" "Mozilla/4.0 (compatible; MSIE 8.0; Windows NT 5.1; Trident/4.0; .NET CLR 1.1.4322; .NET CLR 2.0.50727; InfoPath.1; .NET CLR 3.0.04506.30; .NET CLR 3.0.04506.648; .NET CLR 3.0.4506.2152; .NET CLR 3.5.30729)"
190.66.20.237 - - [28/May/2010:20:17:08 +0000] "GET /assets/templates/sabf/bgMenu.gif HTTP/1.1" 200 1020 "http://www.sabf.org.ar/?gclid=CPGQ2YbT9aECFRIhnAodR2-4GQ" "Mozilla/4.0 (compatible; MSIE 8.0; Windows NT 5.1; Trident/4.0; .NET CLR 1.1.4322; .NET CLR 2.0.50727; InfoPath.1; .NET CLR 3.0.04506.30; .NET CLR 3.0.04506.648; .NET CLR 3.0.4506.2152; .NET CLR 3.5.30729)"
190.66.20.237 - - [28/May/2010:20:17:08 +0000] "GET /assets/templates/sabf/callto_fondo2.png HTTP/1.1" 200 2826 "http://www.sabf.org.ar/?gclid=CPGQ2YbT9aECFRIhnAodR2-4GQ" "Mozilla/4.0 (compatible; MSIE 8.0; Windows NT 5.1; Trident/4.0; .NET CLR 1.1.4322; .NET CLR 2.0.50727; InfoPath.1; .NET CLR 3.0.04506.30; .NET CLR 3.0.04506.648; .NET CLR 3.0.4506.2152; .NET CLR 3.5.30729)"
190.66.20.237 - - [28/May/2010:20:17:08 +0000] "GET /assets/images/sabf_home_00.jpg HTTP/1.1" 200 234957 "http://www.sabf.org.ar/?gclid=CPGQ2YbT9aECFRIhnAodR2-4GQ" "Mozilla/4.0 (compatible; MSIE 8.0; Windows NT 5.1; Trident/4.0; .NET CLR 1.1.4322; .NET CLR 2.0.50727; InfoPath.1; .NET CLR 3.0.04506.30; .NET CLR 3.0.04506.648; .NET CLR 3.0.4506.2152; .NET CLR 3.5.30729)"
190.66.20.237 - - [28/May/2010:20:17:10 +0000] "GET /favicon.ico HTTP/1.1" 200 946 "-" "Mozilla/4.0 (compatible; MSIE 8.0; Windows NT 5.1; Trident/4.0; .NET CLR 1.1.4322; .NET CLR 2.0.50727; InfoPath.1; .NET CLR 3.0.04506.30; .NET CLR 3.0.04506.648; .NET CLR 3.0.4506.2152; .NET CLR 3.5.30729)"
193.47.80.36 - - [28/May/2010:20:17:53 +0000] "GET /robots.txt HTTP/1.1" 301 241 "-" "Mozilla/5.0 (compatible; Exabot/3.0; +http://www.exabot.com/go/robot)"
193.47.80.36 - - [28/May/2010:20:17:54 +0000] "GET /robots.txt HTTP/1.1" 200 357 "-" "Mozilla/5.0 (compatible; Exabot/3.0; +http://www.exabot.com/go/robot)"
193.47.80.36 - - [28/May/2010:20:17:54 +0000] "GET /index.php?id=12 HTTP/1.1" 301 246 "-" "Mozilla/5.0 (compatible; Exabot/3.0; +http://www.exabot.com/go/robot)"
193.47.80.36 - - [28/May/2010:20:18:08 +0000] "GET /robots.txt HTTP/1.1" 200 357 "-" "Mozilla/5.0 (compatible; Exabot/3.0; +http://www.exabot.com/go/robot)"
193.47.80.36 - - [28/May/2010:20:18:08 +0000] "GET /index.php?id=12 HTTP/1.1" 500 3424 "-" "Mozilla/5.0 (compatible; Exabot/3.0; +http://www.exabot.com/go/robot)"
66.249.65.75 - - [28/May/2010:20:18:13 +0000] "GET /disertantes/disertantes-2009 HTTP/1.1" 500 3681 "-" "Mozilla/5.0 (compatible; Googlebot/2.1; +http://www.google.com/bot.html)"
66.249.65.75 - - [28/May/2010:20:18:58 +0000] "GET /assets/images/2008/AI.Amcham.gif HTTP/1.1" 304 - "-" "Googlebot-Image/1.0"
190.42.26.60 - - [28/May/2010:20:19:05 +0000] "GET /preguntas-frecuentes HTTP/1.1" 500 3608 "http://www.sabf.org.ar/" "Mozilla/4.0 (compatible; MSIE 8.0; Windows NT 6.1; Trident/4.0; SLCC2; .NET CLR 2.0.50727; .NET CLR 3.5.30729; .NET CLR 3.0.30729; Media Center PC 6.0; InfoPath.2; Tablet PC 2.0)"
190.42.26.60 - - [28/May/2010:20:19:06 +0000] "GET /assets/templates/sabf/screen.css HTTP/1.1" 304 - "http://www.sabf.org.ar/preguntas-frecuentes" "Mozilla/4.0 (compatible; MSIE 8.0; Windows NT 6.1; Trident/4.0; SLCC2; .NET CLR 2.0.50727; .NET CLR 3.5.30729; .NET CLR 3.0.30729; Media Center PC 6.0; InfoPath.2; Tablet PC 2.0)"
190.42.26.60 - - [28/May/2010:20:19:06 +0000] "GET /assets/templates/sabf/print.css HTTP/1.1" 304 - "http://www.sabf.org.ar/preguntas-frecuentes" "Mozilla/4.0 (compatible; MSIE 8.0; Windows NT 6.1; Trident/4.0; SLCC2; .NET CLR 2.0.50727; .NET CLR 3.5.30729; .NET CLR 3.0.30729; Media Center PC 6.0; InfoPath.2; Tablet PC 2.0)"
190.42.26.60 - - [28/May/2010:20:19:06 +0000] "GET /assets/templates/sabf/ie.css HTTP/1.1" 304 - "http://www.sabf.org.ar/preguntas-frecuentes" "Mozilla/4.0 (compatible; MSIE 8.0; Windows NT 6.1; Trident/4.0; SLCC2; .NET CLR 2.0.50727; .NET CLR 3.5.30729; .NET CLR 3.0.30729; Media Center PC 6.0; InfoPath.2; Tablet PC 2.0)"
190.42.26.60 - - [28/May/2010:20:19:06 +0000] "GET /assets/images/logo_sabf.png HTTP/1.1" 304 - "http://www.sabf.org.ar/preguntas-frecuentes" "Mozilla/4.0 (compatible; MSIE 8.0; Windows NT 6.1; Trident/4.0; SLCC2; .NET CLR 2.0.50727; .NET CLR 3.5.30729; .NET CLR 3.0.30729; Media Center PC 6.0; InfoPath.2; Tablet PC 2.0)"
190.42.26.60 - - [28/May/2010:20:19:06 +0000] "GET /assets/templates/sabf/bgMenu.gif HTTP/1.1" 304 - "http://www.sabf.org.ar/preguntas-frecuentes" "Mozilla/4.0 (compatible; MSIE 8.0; Windows NT 6.1; Trident/4.0; SLCC2; .NET CLR 2.0.50727; .NET CLR 3.5.30729; .NET CLR 3.0.30729; Media Center PC 6.0; InfoPath.2; Tablet PC 2.0)"
190.42.26.60 - - [28/May/2010:20:19:06 +0000] "GET /assets/images/fechaesp.png HTTP/1.1" 304 - "http://www.sabf.org.ar/preguntas-frecuentes" "Mozilla/4.0 (compatible; MSIE 8.0; Windows NT 6.1; Trident/4.0; SLCC2; .NET CLR 2.0.50727; .NET CLR 3.5.30729; .NET CLR 3.0.30729; Media Center PC 6.0; InfoPath.2; Tablet PC 2.0)"
190.42.26.60 - - [28/May/2010:20:19:06 +0000] "GET /assets/images/itba_logo.gif HTTP/1.1" 200 6071 "http://www.sabf.org.ar/preguntas-frecuentes" "Mozilla/4.0 (compatible; MSIE 8.0; Windows NT 6.1; Trident/4.0; SLCC2; .NET CLR 2.0.50727; .NET CLR 3.5.30729; .NET CLR 3.0.30729; Media Center PC 6.0; InfoPath.2; Tablet PC 2.0)"
64.120.153.21 - - [28/May/2010:20:19:18 +0000] "POST http://64.120.153.21/a-poster/proxy.php HTTP/1.1" 301 249 "-" "Mozilla/4.0 (compatible; MSIE 6.0; Windows NT 5.1; SV1)"
64.120.153.21 - - [28/May/2010:20:19:18 +0000] "GET http://www.sabf.org.ar/a-poster/proxy.php HTTP/1.1" 404 9100 "-" "Mozilla/4.0 (compatible; MSIE 6.0; Windows NT 5.1; SV1)"
188.40.43.123 - - [28/May/2010:20:19:48 +0000] "GET /robots.txt HTTP/1.0" 301 241 "-" "nodestackbot/0.1 (bot@nodestack.com http://nodestack.com/bot.html)"
188.40.43.123 - - [28/May/2010:20:19:48 +0000] "GET /robots.txt HTTP/1.0" 200 357 "-" "nodestackbot/0.1 (bot@nodestack.com http://nodestack.com/bot.html)"
190.42.26.60 - - [28/May/2010:20:20:12 +0000] "GET /quienes-somos/delegados HTTP/1.1" 500 6504 "http://www.sabf.org.ar/preguntas-frecuentes" "Mozilla/4.0 (compatible; MSIE 8.0; Windows NT 6.1; Trident/4.0; SLCC2; .NET CLR 2.0.50727; .NET CLR 3.5.30729; .NET CLR 3.0.30729; Media Center PC 6.0; InfoPath.2; Tablet PC 2.0)"
74.50.100.8 - - [28/May/2010:20:21:10 +0000] "POST http://searchwww.co.cc/prox/eng.php HTTP/1.0" 301 243 "http://searchwww.co.cc/prox/eng.php" "Mozilla/4.0 (compatible; MSIE 6.0; Windows 98; Win 9x 4.90)"
207.46.204.234 - - [28/May/2010:20:21:18 +0000] "GET /robots.txt HTTP/1.1" 200 357 "-" "msnbot/2.0b (+http://search.msn.com/msnbot.htm)"
190.42.26.60 - - [28/May/2010:20:21:21 +0000] "GET /preguntas-frecuentes HTTP/1.1" 500 3608 "http://www.sabf.org.ar/" "Mozilla/4.0 (compatible; MSIE 8.0; Windows NT 6.1; Trident/4.0; SLCC2; .NET CLR 2.0.50727; .NET CLR 3.5.30729; .NET CLR 3.0.30729; Media Center PC 6.0; InfoPath.2; Tablet PC 2.0)"
207.46.204.234 - - [28/May/2010:20:21:23 +0000] "GET /forum/boosting-our-actions-in-the-new-decade HTTP/1.0" 500 25290 "-" "msnbot/2.0b (+http://search.msn.com/msnbot.htm)"
67.218.116.165 - - [28/May/2010:20:21:31 +0000] "GET /robots.txt HTTP/1.1" 200 357 "-" "Mozilla/5.0 (Twiceler-0.9 http://www.cuil.com/twiceler/robot.html)"
66.197.155.149 - - [28/May/2010:20:21:45 +0000] "POST http://66.197.155.149/a-poster/proxy.php HTTP/1.1" 301 249 "-" "Mozilla/4.0 (compatible; MSIE 6.0; Windows NT 5.1; SV1)"
66.197.155.149 - - [28/May/2010:20:21:45 +0000] "GET http://www.sabf.org.ar/a-poster/proxy.php HTTP/1.1" 404 9100 "-" "Mozilla/4.0 (compatible; MSIE 6.0; Windows NT 5.1; SV1)"
77.87.32.102 - - [28/May/2010:20:22:02 +0000] "GET /forum/new-paradigms-new-challenges.html HTTP/1.0" 301 265 "http://www.beninwatch.com" "Mozilla/4.0 (compatible; MSIE 5.5; Windows NT 5.0; .NET CLR 1.1.4322)"
77.87.32.102 - - [28/May/2010:20:22:03 +0000] "GET /forum/new-paradigms-new-challenges HTTP/1.0" 404 9100 "http://www.sabf.org.ar/forum/new-paradigms-new-challenges" "Mozilla/4.0 (compatible; MSIE 5.5; Windows NT 5.0; .NET CLR 1.1.4322)"
77.87.32.102 - - [28/May/2010:20:22:04 +0000] "GET / HTTP/1.0" 200 4381 "http://www.sabf.org.ar/" "Mozilla/4.0 (compatible; MSIE 5.5; Windows NT 5.0; .NET CLR 1.1.4322)"
109.87.45.228 - - [28/May/2010:20:22:12 +0000] "POST http://109.87.45.228/max/aposter/proxy.php HTTP/1.1" 301 252 "-" "Mozilla/4.0 (compatible; MSIE 6.0; Windows NT 5.1; SV1)"
109.87.45.228 - - [28/May/2010:20:22:13 +0000] "GET http://www.sabf.org.ar/max/aposter/proxy.php HTTP/1.1" 404 9100 "-" "Mozilla/4.0 (compatible; MSIE 6.0; Windows NT 5.1; SV1)"
67.218.116.133 - - [28/May/2010:20:23:16 +0000] "GET /robots.txt HTTP/1.1" 200 357 "-" "Mozilla/5.0 (Twiceler-0.9 http://www.cuil.com/twiceler/robot.html)"
69.163.34.94 - - [28/May/2010:20:24:38 +0000] "POST http://nudeteensextube.com/proxy5/check.php HTTP/1.1" 301 247 "http://37f76c6fe3/" "Mozilla/4.0 (compatible; MSIE 6.0; Windows NT 5.1; SV1)"
66.197.155.149 - - [28/May/2010:20:25:05 +0000] "POST http://66.197.155.149/a-poster/proxy.php HTTP/1.1" 301 249 "-" "Mozilla/4.0 (compatible; MSIE 6.0; Windows NT 5.1; SV1)"
66.197.155.149 - - [28/May/2010:20:25:05 +0000] "GET http://www.sabf.org.ar/a-poster/proxy.php HTTP/1.1" 404 9100 "-" "Mozilla/4.0 (compatible; MSIE 6.0; Windows NT 5.1; SV1)"
66.197.252.229 - - [28/May/2010:20:26:20 +0000] "POST http://66.197.252.229/a-poster/proxy.php HTTP/1.1" 301 249 "-" "Mozilla/4.0 (compatible; MSIE 6.0; Windows NT 5.1; SV1)"
66.197.252.229 - - [28/May/2010:20:26:20 +0000] "GET http://www.sabf.org.ar/a-poster/proxy.php HTTP/1.1" 404 9100 "-" "Mozilla/4.0 (compatible; MSIE 6.0; Windows NT 5.1; SV1)"
216.129.119.43 - - [28/May/2010:20:26:25 +0000] "GET /index HTTP/1.1" 301 231 "-" "Mozilla/5.0 (Twiceler-0.9 http://www.cuil.com/twiceler/robot.html)"
87.117.198.178 - - [28/May/2010:20:26:26 +0000] "POST http://maxhosted.com/proxy5/check.php HTTP/1.1" 301 247 "http://cba2a355dc/" "Mozilla/4.0 (compatible; MSIE 6.0; Windows NT 5.1; SV1)"
82.103.128.170 - - [28/May/2010:20:26:37 +0000] "GET http://82.103.128.170:80/judge.php HTTP/1.0" 301 240 "-" "MSIE 6.0"
64.120.153.21 - - [28/May/2010:20:28:40 +0000] "POST http://64.120.153.21/a-poster/proxy.php HTTP/1.1" 301 249 "-" "Mozilla/4.0 (compatible; MSIE 6.0; Windows NT 5.1; SV1)"
64.120.153.21 - - [28/May/2010:20:28:40 +0000] "GET http://www.sabf.org.ar/a-poster/proxy.php HTTP/1.1" 404 9100 "-" "Mozilla/4.0 (compatible; MSIE 6.0; Windows NT 5.1; SV1)"
209.13.158.2 - - [28/May/2010:20:28:54 +0000] "GET /foro/ HTTP/1.0" 500 3741 "-" "Mozilla/5.0 (Windows; U; Windows NT 6.1; en-US; rv:1.9.2) Gecko/20100115 Firefox/3.6"
209.13.158.2 - - [28/May/2010:20:28:55 +0000] "GET /assets/templates/sabf/screen.css HTTP/1.0" 304 - "http://www.sabf.org.ar/foro/" "Mozilla/5.0 (Windows; U; Windows NT 6.1; en-US; rv:1.9.2) Gecko/20100115 Firefox/3.6"
209.13.158.2 - - [28/May/2010:20:28:55 +0000] "GET /assets/images/MiniPosterSABF10.jpg HTTP/1.0" 304 - "http://www.sabf.org.ar/foro/" "Mozilla/5.0 (Windows; U; Windows NT 6.1; en-US; rv:1.9.2) Gecko/20100115 Firefox/3.6"
66.249.65.101 - - [28/May/2010:20:28:59 +0000] "GET /media-en/media-2009 HTTP/1.1" 500 2695 "-" "Mozilla/5.0 (compatible; Googlebot/2.1; +http://www.google.com/bot.html)"
209.13.158.2 - - [28/May/2010:20:28:59 +0000] "GET /quienes-somos HTTP/1.0" 500 2955 "http://www.sabf.org.ar/foro/" "Mozilla/5.0 (Windows; U; Windows NT 6.1; en-US; rv:1.9.2) Gecko/20100115 Firefox/3.6"
209.13.158.2 - - [28/May/2010:20:29:03 +0000] "GET /quienes-somos/delegados HTTP/1.0" 500 6504 "http://www.sabf.org.ar/quienes-somos" "Mozilla/5.0 (Windows; U; Windows NT 6.1; en-US; rv:1.9.2) Gecko/20100115 Firefox/3.6"
94.102.57.131 - - [28/May/2010:20:29:23 +0000] "GET http://servala.com/proxyc/engine.php HTTP/1.0" 301 248 "http://servala.com/proxyc/engine.php" "Mozilla/4.0 (compatible; MSIE 6.0; Windows 98; Win 9x 4.90)"
66.197.252.229 - - [28/May/2010:20:29:53 +0000] "POST http://66.197.252.229/a-poster/proxy.php HTTP/1.1" 301 249 "-" "Mozilla/4.0 (compatible; MSIE 6.0; Windows NT 5.1; SV1)"
66.197.252.229 - - [28/May/2010:20:29:53 +0000] "GET http://www.sabf.org.ar/a-poster/proxy.php HTTP/1.1" 404 9100 "-" "Mozilla/4.0 (compatible; MSIE 6.0; Windows NT 5.1; SV1)"
66.197.155.149 - - [28/May/2010:20:32:16 +0000] "POST http://66.197.155.149/a-poster/proxy.php HTTP/1.1" 301 249 "-" "Mozilla/4.0 (compatible; MSIE 6.0; Windows NT 5.1; SV1)"
66.197.155.149 - - [28/May/2010:20:32:16 +0000] "GET http://www.sabf.org.ar/a-poster/proxy.php HTTP/1.1" 404 9100 "-" "Mozilla/4.0 (compatible; MSIE 6.0; Windows NT 5.1; SV1)"
212.95.54.122 - - [28/May/2010:20:33:45 +0000] "POST http://89.149.244.240/a-poster/proxy.php HTTP/1.1" 301 249 "-" "Mozilla/4.0 (compatible; MSIE 6.0; Windows NT 5.1; SV1)"
212.95.54.122 - - [28/May/2010:20:33:46 +0000] "GET http://www.sabf.org.ar/a-poster/proxy.php HTTP/1.1" 404 9100 "-" "Mozilla/4.0 (compatible; MSIE 6.0; Windows NT 5.1; SV1)"
72.232.173.194 - - [28/May/2010:20:34:11 +0000] "POST http://72.232.173.194/ff.php HTTP/1.0" 301 237 "-" "Mozilla/4.0 (compatible; MSIE 6.0; Windows NT 5.1)"
72.232.173.194 - - [28/May/2010:20:34:11 +0000] "GET http://www.sabf.org.ar/ff.php HTTP/1.0" 404 2552 "-" "Mozilla/4.0 (compatible; MSIE 6.0; Windows NT 5.1)"
64.120.153.21 - - [28/May/2010:20:35:28 +0000] "POST http://64.120.153.21/a-poster/proxy.php HTTP/1.1" 301 249 "-" "Mozilla/4.0 (compatible; MSIE 6.0; Windows NT 5.1; SV1)"
64.120.153.21 - - [28/May/2010:20:35:28 +0000] "GET http://www.sabf.org.ar/a-poster/proxy.php HTTP/1.1" 404 9100 "-" "Mozilla/4.0 (compatible; MSIE 6.0; Windows NT 5.1; SV1)"
65.55.37.186 - - [28/May/2010:20:35:41 +0000] "GET /robots.txt HTTP/1.1" 200 357 "-" "msnbot-media/1.1 (+http://search.msn.com/msnbot.htm)"
65.55.37.186 - - [28/May/2010:20:35:41 +0000] "GET /disertantes.html HTTP/1.1" 301 242 "-" "msnbot-media/1.1 (+http://search.msn.com/msnbot.htm)"
65.55.37.186 - - [28/May/2010:20:35:41 +0000] "GET /disertantes HTTP/1.1" 500 2357 "-" "msnbot-media/1.1 (+http://search.msn.com/msnbot.htm)"
87.117.198.178 - - [28/May/2010:20:36:15 +0000] "POST http://maxhosted.com/proxy5/check.php HTTP/1.1" 301 247 "http://a267f936e5/" "Mozilla/4.0 (compatible; MSIE 6.0; Windows NT 5.1; SV1)"
69.10.34.10 - - [28/May/2010:20:36:46 +0000] "GET http://invite-vk.com/modules/proxy_checker.php?a=result&id=9001 HTTP/1.1" 301 277 "-" "-"
67.218.116.166 - - [28/May/2010:20:36:51 +0000] "GET /robots.txt HTTP/1.1" 200 357 "-" "Mozilla/5.0 (Twiceler-0.9 http://www.cuil.com/twiceler/robot.html)"
